Component: ARM Compiler 5.05 update 2 (build 169) Tool: armlink [4d0f33]

==============================================================================

Section Cross References

    dispose_pkt.o(i.dispose_pkt_init) refers to rt_memcpy.o(.emb_text) for __aeabi_memcpy4
    dispose_pkt.o(i.dispose_pkt_init) refers to dispose_pkt.o(i.bdaddr_2_str) for bdaddr_2_str
    dispose_pkt.o(i.dispose_pkt_init) refers to strlen.o(.text) for strlen
    dispose_pkt.o(i.dispose_pkt_init) refers to rt_memcpy.o(.text) for __aeabi_memcpy
    dispose_pkt.o(i.dispose_pkt_init) refers to rt_memclr.o(.text) for __aeabi_memclr
    dispose_pkt.o(i.dispose_pkt_init) refers to dispose_pkt.o(.constdata) for .constdata
    dispose_pkt.o(i.dispose_pkt_init) refers to dispose_pkt.o(.data) for local_addr
    dispose_pkt.o(i.dispose_pkt_init) refers to dispose_pkt.o(.bss) for local_dev_name
    dispose_pkt.o(i.dispose_recv_pkt) refers to rt_memcpy.o(.text) for __aeabi_memcpy
    dispose_pkt.o(i.dispose_recv_pkt) refers to dispose_pkt.o(i.__ARM_common_switch8) for __ARM_common_switch8
    dispose_pkt.o(i.dispose_recv_pkt) refers to pwm.o(i.pwm_evt_handler) for pwm_evt_handler
    dispose_pkt.o(i.dispose_recv_pkt) refers to pwm.o(i.restart_pwm) for restart_pwm
    dispose_pkt.o(i.dispose_recv_pkt) refers to pwm.o(i.stop_pwm) for stop_pwm
    dispose_pkt.o(i.dispose_recv_pkt) refers to aeabi_sdiv.o(.text) for __aeabi_idivmod
    dispose_pkt.o(i.dispose_recv_pkt) refers to rt_memclr.o(.text) for __aeabi_memclr
    dispose_pkt.o(i.dispose_recv_pkt) refers to dispose_pkt.o(i.generate_pkt_2_mesh) for generate_pkt_2_mesh
    dispose_pkt.o(i.dispose_recv_pkt) refers to rbc_mesh.o(i.rbc_mesh_value_set) for rbc_mesh_value_set
    dispose_pkt.o(i.dispose_recv_pkt) refers to dispose_pkt.o(.bss) for recv_pkt_addr_hdr
    dispose_pkt.o(i.dispose_recv_pkt) refers to pwm.o(.data) for r_value
    dispose_pkt.o(i.dispose_recv_pkt) refers to dispose_pkt.o(.data) for brightness
    dispose_pkt.o(i.generate_pkt_2_mesh) refers to rt_memcpy.o(.text) for __aeabi_memcpy
    dispose_pkt.o(i.generate_pkt_2_mesh) refers to dispose_pkt.o(.bss) for recv_pkt_addr_hdr
    dispose_pkt.o(i.generate_pkt_2_mesh) refers to dispose_pkt.o(.data) for local_addr
    dispose_pkt.o(i.recv_pkt_from_mesh) refers to rt_memcpy.o(.text) for __aeabi_memcpy
    dispose_pkt.o(i.recv_pkt_from_mesh) refers to memcmp.o(.text) for memcmp
    dispose_pkt.o(i.recv_pkt_from_mesh) refers to dispose_pkt.o(i.dispose_recv_pkt) for dispose_recv_pkt
    dispose_pkt.o(i.recv_pkt_from_mesh) refers to rt_memclr.o(.text) for __aeabi_memclr
    dispose_pkt.o(i.recv_pkt_from_mesh) refers to dispose_pkt.o(.data) for version
    dispose_pkt.o(i.recv_pkt_from_mesh) refers to dispose_pkt.o(.bss) for recv_pkt_addr_hdr
    main.o(i.adc_start) refers to app_error.o(i.app_error_handler) for app_error_handler
    main.o(i.advertising_init) refers to rt_memclr.o(.text) for __aeabi_memclr4
    main.o(i.advertising_init) refers to ble_advdata.o(i.ble_advdata_set) for ble_advdata_set
    main.o(i.advertising_init) refers to app_error.o(i.app_error_handler) for app_error_handler
    main.o(i.advertising_init) refers to main.o(.constdata) for .constdata
    main.o(i.advertising_init) refers to main.o(.data) for m_advertising_mode
    main.o(i.advertising_start) refers to pstorage.o(i.pstorage_access_status_get) for pstorage_access_status_get
    main.o(i.advertising_start) refers to app_error.o(i.app_error_handler) for app_error_handler
    main.o(i.advertising_start) refers to rt_memclr.o(.text) for __aeabi_memclr4
    main.o(i.advertising_start) refers to device_manager_peripheral.o(i.dm_whitelist_create) for dm_whitelist_create
    main.o(i.advertising_start) refers to main.o(i.advertising_init) for advertising_init
    main.o(i.advertising_start) refers to bsp.o(i.bsp_indication_set) for bsp_indication_set
    main.o(i.advertising_start) refers to main.o(.data) for m_memory_access_in_progress
    main.o(i.advertising_stop) refers to app_error.o(i.app_error_handler) for app_error_handler
    main.o(i.advertising_stop) refers to bsp.o(i.bsp_indication_set) for bsp_indication_set
    main.o(i.assert_nrf_callback) refers to app_error.o(i.app_error_handler) for app_error_handler
    main.o(i.battery_level_meas_timeout_handler) refers to main.o(i.adc_start) for adc_start
    main.o(i.ble_evt_dispatch) refers to device_manager_peripheral.o(i.dm_ble_evt_handler) for dm_ble_evt_handler
    main.o(i.ble_evt_dispatch) refers to ble_conn_params.o(i.ble_conn_params_on_ble_evt) for ble_conn_params_on_ble_evt
    main.o(i.ble_evt_dispatch) refers to main.o(i.on_ble_evt) for on_ble_evt
    main.o(i.ble_evt_dispatch) refers to rbc_mesh.o(i.rbc_mesh_ble_evt_handler) for rbc_mesh_ble_evt_handler
    main.o(i.ble_evt_dispatch) refers to ble_dfu.o(i.ble_dfu_on_ble_evt) for ble_dfu_on_ble_evt
    main.o(i.ble_evt_dispatch) refers to main.o(.bss) for m_dfus
[...]
    g_adv_int_ms                             0x20002454   Data           4  rbc_mesh.o(.data)
    .data                                    0x20002458   Section        3  serial_handler.o(.data)
    dummy_data                               0x20002458   Data           1  serial_handler.o(.data)
    serial_state                             0x20002459   Data           1  serial_handler.o(.data)
    has_pending_tx                           0x2000245a   Data           1  serial_handler.o(.data)
    .data                                    0x2000245c   Section       12  timer_control.o(.data)
    active_callbacks                         0x2000245c   Data           1  timer_control.o(.data)
    reference_channel                        0x2000245d   Data           1  timer_control.o(.data)
    never_used_bitmap                        0x2000245e   Data           1  timer_control.o(.data)
    sync_exec_bitmap                         0x2000245f   Data           1  timer_control.o(.data)
    reference_offset                         0x20002460   Data           4  timer_control.o(.data)
    reference_point                          0x20002464   Data           4  timer_control.o(.data)
    .data                                    0x20002468   Section       85  timeslot_handler.o(.data)
    radio_request_normal                     0x20002468   Data          16  timeslot_handler.o(.data)
    radio_request_earliest                   0x20002478   Data          16  timeslot_handler.o(.data)
    g_ret_param                              0x20002488   Data           8  timeslot_handler.o(.data)
    g_is_in_callback                         0x20002490   Data           1  timeslot_handler.o(.data)
    g_timeslot_length                        0x20002494   Data           4  timeslot_handler.o(.data)
    g_timeslot_end_timer                     0x20002498   Data           4  timeslot_handler.o(.data)
    g_next_timeslot_length                   0x2000249c   Data           4  timeslot_handler.o(.data)
    g_start_time_ref                         0x200024a0   Data           4  timeslot_handler.o(.data)
    g_is_in_timeslot                         0x200024a4   Data           4  timeslot_handler.o(.data)
    g_framework_initialized                  0x200024a8   Data           4  timeslot_handler.o(.data)
    g_negotiate_timeslot_length              0x200024ac   Data           4  timeslot_handler.o(.data)
    event_fifo_head                          0x200024b0   Data           1  timeslot_handler.o(.data)
    event_fifo_tail                          0x200024b1   Data           1  timeslot_handler.o(.data)
    requested_extend_time                    0x200024b4   Data           4  timeslot_handler.o(.data)
    successful_extensions                    0x200024b8   Data           4  timeslot_handler.o(.data)
    noise_val                                0x200024bc   Data           1  timeslot_handler.o(.data)
    .data                                    0x200024c0   Section        5  transport_control.o(.data)
    global_time                              0x200024c0   Data           4  transport_control.o(.data)
    step_timer_index                         0x200024c4   Data           1  transport_control.o(.data)
    .data                                    0x200024c8   Section       17  trickle.o(.data)
    g_trickle_time                           0x200024c8   Data           4  trickle.o(.data)
    rng_index                                0x200024cc   Data           1  trickle.o(.data)
    g_i_min                                  0x200024d0   Data           4  trickle.o(.data)
    g_i_max                                  0x200024d4   Data           4  trickle.o(.data)
    g_k                                      0x200024d8   Data           1  trickle.o(.data)
    .data                                    0x200024dc   Section       32  spi_slave.o(.data)
    m_cs_pullup_config                       0x200024dc   Data           4  spi_slave.o(.data)
    m_drive_config                           0x200024e0   Data           4  spi_slave.o(.data)
    mp_spi_tx_buf                            0x200024e4   Data           4  spi_slave.o(.data)
    mp_spi_rx_buf                            0x200024e8   Data           4  spi_slave.o(.data)
    m_spi_tx_buf_size                        0x200024ec   Data           4  spi_slave.o(.data)
    m_spi_rx_buf_size                        0x200024f0   Data           4  spi_slave.o(.data)
    m_spi_state                              0x200024f4   Data           1  spi_slave.o(.data)
    m_event_callback                         0x200024f8   Data           4  spi_slave.o(.data)
    .data                                    0x200024fc   Section        8  ble_dfu.o(.data)
    m_is_dfu_service_initialized             0x200024fc   Data           1  ble_dfu.o(.data)
    m_notif_buffer                           0x200024fd   Data           7  ble_dfu.o(.data)
    .data                                    0x20002504   Section        9  dfu_app_handler.o(.data)
    m_reset_prepare                          0x20002504   Data           4  dfu_app_handler.o(.data)
    m_dm_handle                              0x20002508   Data           4  dfu_app_handler.o(.data)
    m_dm_handle_valid                        0x2000250c   Data           1  dfu_app_handler.o(.data)
    .data                                    0x20002510   Section       28  bsp.o(.data)
    m_stable_state                           0x20002510   Data           1  bsp.o(.data)
    m_app_ticks_per_100ms                    0x20002514   Data           4  bsp.o(.data)
    m_indication_type                        0x20002518   Data           4  bsp.o(.data)
    m_leds_timer_id                          0x2000251c   Data           4  bsp.o(.data)
    m_alert_timer_id                         0x20002520   Data           4  bsp.o(.data)
    m_registered_callback                    0x20002524   Data           4  bsp.o(.data)
    m_events_list                            0x20002528   Data           4  bsp.o(.data)
    .data                                    0x2000252c   Section        4  system_nrf51.o(.data)
    __tagsym$$used                           0x2000252c   Number         0  system_nrf51.o(.data)
    .data                                    0x20002530   Section       25  ble_conn_params.o(.data)
    m_preferred_conn_params                  0x20002530   Data           8  ble_conn_params.o(.data)
    m_update_count                           0x20002538   Data           1  ble_conn_params.o(.data)
    m_conn_handle                            0x2000253a   Data           2  ble_conn_params.o(.data)
    m_current_conn_params                    0x2000253c   Data           8  ble_conn_params.o(.data)
    m_conn_params_timer_id                   0x20002544   Data           4  ble_conn_params.o(.data)
    m_change_param                           0x20002548   Data           1  ble_conn_params.o(.data)
    .data                                    0x2000254c   Section       20  device_manager_peripheral.o(.data)
    m_storage_handle                         0x2000254c   Data           8  device_manager_peripheral.o(.data)
    m_peer_addr_update                       0x20002554   Data           4  device_manager_peripheral.o(.data)
    m_module_initialized                     0x20002558   Data           1  device_manager_peripheral.o(.data)
    m_irk_index_table                        0x20002559   Data           7  device_manager_peripheral.o(.data)
    .data                                    0x20002560   Section       13  app_uart_fifo.o(.data)
    m_instance_counter                       0x20002560   Data           1  app_uart_fifo.o(.data)
    m_gpiote_uid                             0x20002561   Data           1  app_uart_fifo.o(.data)
    m_pin_cts_mask                           0x20002564   Data           4  app_uart_fifo.o(.data)
    m_event_handler                          0x20002568   Data           4  app_uart_fifo.o(.data)
    m_current_state                          0x2000256c   Data           1  app_uart_fifo.o(.data)
    .data                                    0x20002570   Section       12  pstorage.o(.data)
    m_next_app_instance                      0x20002570   Data           2  pstorage.o(.data)
    m_next_page_addr                         0x20002574   Data           4  pstorage.o(.data)
    m_round_val                              0x20002578   Data           2  pstorage.o(.data)
    m_module_initialized                     0x2000257a   Data           1  pstorage.o(.data)
    m_swap_state                             0x2000257b   Data           1  pstorage.o(.data)
    .data                                    0x2000257c   Section       12  app_gpiote.o(.data)
    m_enabled_users_mask                     0x2000257c   Data           4  app_gpiote.o(.data)
    m_user_array_size                        0x20002580   Data           1  app_gpiote.o(.data)
    m_user_count                             0x20002581   Data           1  app_gpiote.o(.data)
    mp_users                                 0x20002584   Data           4  app_gpiote.o(.data)
    .data                                    0x20002588   Section       42  app_timer.o(.data)
    m_node_array_size                        0x20002588   Data           1  app_timer.o(.data)
    mp_nodes                                 0x2000258c   Data           4  app_timer.o(.data)
    m_user_array_size                        0x20002590   Data           1  app_timer.o(.data)
    mp_users                                 0x20002594   Data           4  app_timer.o(.data)
    m_timer_id_head                          0x20002598   Data           4  app_timer.o(.data)
    m_ticks_latest                           0x2000259c   Data           4  app_timer.o(.data)
    m_ticks_elapsed                          0x200025a0   Data           8  app_timer.o(.data)
    m_ticks_elapsed_q_read_ind               0x200025a8   Data           1  app_timer.o(.data)
    m_ticks_elapsed_q_write_ind              0x200025a9   Data           1  app_timer.o(.data)
    m_evt_schedule_func                      0x200025ac   Data           4  app_timer.o(.data)
    m_rtc1_running                           0x200025b0   Data           1  app_timer.o(.data)
    m_rtc1_reset                             0x200025b1   Data           1  app_timer.o(.data)
    .data                                    0x200025b4   Section       24  softdevice_handler.o(.data)
    m_evt_schedule_func                      0x200025b4   Data           4  softdevice_handler.o(.data)
    m_softdevice_enabled                     0x200025b8   Data           1  softdevice_handler.o(.data)
    mp_ble_evt_buffer                        0x200025bc   Data           4  softdevice_handler.o(.data)
    m_ble_evt_buffer_size                    0x200025c0   Data           2  softdevice_handler.o(.data)
    m_ble_evt_handler                        0x200025c4   Data           4  softdevice_handler.o(.data)
    m_sys_evt_handler                        0x200025c8   Data           4  softdevice_handler.o(.data)
    .bss                                     0x200025cc   Section     1100  dispose_pkt.o(.bss)
    recv_data                                0x200025fa   Data        1026  dispose_pkt.o(.bss)
    mesh_data                                0x200029fc   Data          28  dispose_pkt.o(.bss)
    .bss                                     0x20002a18   Section      928  main.o(.bss)
    m_dfus                                   0x20002a18   Data          48  main.o(.bss)
    APP_TIMER_BUF                            0x20002a48   Data         800  main.o(.bss)
    BLE_EVT_BUFFER                           0x20002d68   Data          80  main.o(.bss)
    .bss                                     0x20002db8   Section       20  mesh_srv.o(.bss)
    g_mesh_service                           0x20002db8   Data          20  mesh_srv.o(.bss)
    .bss                                     0x20002dcc   Section      672  radio_control.o(.bss)
    rx_data_buf                              0x20002dcc   Data         512  radio_control.o(.bss)
    radio_fifo_queue                         0x20002fcc   Data         160  radio_control.o(.bss)
    .bss                                     0x2000306c   Section      394  serial_handler.o(.bss)
    rx_q                                     0x2000306c   Data         158  serial_handler.o(.bss)
    tx_q                                     0x2000310a   Data         158  serial_handler.o(.bss)
    rx_buffer                                0x200031a8   Data          39  serial_handler.o(.bss)
    tx_buffer                                0x200031cf   Data          39  serial_handler.o(.bss)
    .bss                                     0x200031f8   Section       16  timer_control.o(.bss)
    callbacks                                0x200031f8   Data          16  timer_control.o(.bss)
    .bss                                     0x20003208   Section      432  timeslot_handler.o(.bss)
    async_event_fifo_queue                   0x20003208   Data         384  timeslot_handler.o(.bss)
    evt                                      0x20003388   Data          48  timeslot_handler.o(.bss)
    .bss                                     0x200033b8   Section       37  transport_control.o(.bss)
    tx_data                                  0x200033b8   Data          37  transport_control.o(.bss)
    .bss                                     0x200033dd   Section       64  trickle.o(.bss)
    rng_vals                                 0x200033dd   Data          64  trickle.o(.bss)
    .bss                                     0x2000341e   Section       44  dfu_app_handler.o(.bss)
    m_peer_data                              0x2000341e   Data          44  dfu_app_handler.o(.bss)
    .bss                                     0x2000344c   Section       28  ble_conn_params.o(.bss)
    m_conn_params_config                     0x2000344c   Data          28  ble_conn_params.o(.bss)
    .bss                                     0x20003468   Section      268  device_manager_peripheral.o(.bss)
    m_peer_table                             0x20003468   Data         196  device_manager_peripheral.o(.bss)
    m_bond_table                             0x2000352c   Data          24  device_manager_peripheral.o(.bss)
    m_gatts_table                            0x20003544   Data          24  device_manager_peripheral.o(.bss)
    m_connection_table                       0x2000355c   Data          12  device_manager_peripheral.o(.bss)
    m_application_table                      0x20003568   Data          12  device_manager_peripheral.o(.bss)
    .bss                                     0x20003574   Section       32  app_uart_fifo.o(.bss)
    m_rx_fifo                                0x20003574   Data          16  app_uart_fifo.o(.bss)
    m_tx_fifo                                0x20003584   Data          16  app_uart_fifo.o(.bss)
    .bss                                     0x20003594   Section      220  pstorage.o(.bss)
    m_cmd_queue                              0x20003594   Data         204  pstorage.o(.bss)
    m_app_table                              0x20003660   Data          16  pstorage.o(.bss)
    .bss                                     0x20003670   Section       96  libspace.o(.bss)
    HEAP                                     0x200036d0   Section     2048  arm_startup_nrf51.o(HEAP)
    Heap_Mem                                 0x200036d0   Data        2048  arm_startup_nrf51.o(HEAP)
    STACK                                    0x20003ed0   Section     2048  arm_startup_nrf51.o(STACK)
    Stack_Mem                                0x20003ed0   Data        2048  arm_startup_nrf51.o(STACK)
    __initial_sp                             0x200046d0   Data           0  arm_startup_nrf51.o(STACK)

    Global Symbols

    Symbol Name                              Value     Ov Type        Size  Object(Section)

    BuildAttributes$$THM_ISAv3M$S$PE$A:L22$X:L11$S22$IEEE1$IW$USESV6$~STKCKD$USESV7$~SHL$OTIME$ROPI$EBA8$UX$STANDARDLIB$REQ8$PRES8$EABIv2 0x00000000   Number         0  anon$$obj.o ABSOLUTE
    __ARM_use_no_argv                        0x00000000   Number         0  main.o ABSOLUTE
    __ARM_exceptions_init                     - Undefined Weak Reference
    __alloca_initialize                       - Undefined Weak Reference
    __arm_preinit_                            - Undefined Weak Reference
    __cpp_initialize__aeabi_                  - Undefined Weak Reference
    __cxa_finalize                            - Undefined Weak Reference
    __rt_locale                               - Undefined Weak Reference
    __sigvec_lookup                           - Undefined Weak Reference
    __user_heap_extent                        - Undefined Weak Reference
    _atexit_init                              - Undefined Weak Reference
    _call_atexit_fns                          - Undefined Weak Reference
    _clock_init                               - Undefined Weak Reference
    _fp_trap_init                             - Undefined Weak Reference
    _fp_trap_shutdown                         - Undefined Weak Reference
    _get_lc_collate                           - Undefined Weak Reference
    _get_lc_ctype                             - Undefined Weak Reference
    _get_lc_monetary                          - Undefined Weak Reference
    _get_lc_numeric                           - Undefined Weak Reference
    _get_lc_time                              - Undefined Weak Reference
    _getenv_init                              - Undefined Weak Reference
    _handle_redirection                       - Undefined Weak Reference
    _initio                                   - Undefined Weak Reference
    _mutex_acquire                            - Undefined Weak Reference
    _mutex_free                               - Undefined Weak Reference
    _mutex_release                            - Undefined Weak Reference
    _rand_init                                - Undefined Weak Reference
    _signal_finish                            - Undefined Weak Reference
    _signal_init                              - Undefined Weak Reference
    _terminateio                              - Undefined Weak Reference
    __Vectors_Size                           0x000000c0   Number         0  arm_startup_nrf51.o ABSOLUTE
    __Vectors                                0x0001d000   Data           4  arm_startup_nrf51.o(RESET)
    __Vectors_End                            0x0001d0c0   Data           0  arm_startup_nrf51.o(RESET)
    __main                                   0x0001d0c1   Thumb Code     8  __main.o(!!!main)
    __scatterload                            0x0001d0c9   Thumb Code     0  __scatter.o(!!!scatter)
    __scatterload_rt2                        0x0001d0c9   Thumb Code    52  __scatter.o(!!!scatter)
    __scatterload_rt2_thumb_only             0x0001d0c9   Thumb Code     0  __scatter.o(!!!scatter)
    __scatterload_null                       0x0001d0d9   Thumb Code     0  __scatter.o(!!!scatter)
    __scatterload_zeroinit                   0x0001d105   Thumb Code    28  __scatter_zi.o(!!handler_zi)
    __rt_lib_init                            0x0001d121   Thumb Code     0  libinit.o(.ARM.Collect$$libinit$$00000000)
    __rt_lib_init_fp_1                       0x0001d123   Thumb Code     0  libinit2.o(.ARM.Collect$$libinit$$00000002)
    __rt_lib_init_heap_2                     0x0001d123   Thumb Code     0  libinit2.o(.ARM.Collect$$libinit$$00000005)
    __rt_lib_init_preinit_1                  0x0001d123   Thumb Code     0  libinit2.o(.ARM.Collect$$libinit$$00000004)
    __rt_lib_init_alloca_1                   0x0001d12b   Thumb Code     0  libinit2.o(.ARM.Collect$$libinit$$0000002E)
    __rt_lib_init_argv_1                     0x0001d12b   Thumb Code     0  libinit2.o(.ARM.Collect$$libinit$$0000002C)
    __rt_lib_init_atexit_1                   0x0001d12b   Thumb Code     0  libinit2.o(.ARM.Collect$$libinit$$0000001B)
    __rt_lib_init_clock_1                    0x0001d12b   Thumb Code     0  libinit2.o(.ARM.Collect$$libinit$$00000021)
    __rt_lib_init_cpp_1                      0x0001d12b   Thumb Code     0  libinit2.o(.ARM.Collect$$libinit$$00000032)
    __rt_lib_init_exceptions_1               0x0001d12b   Thumb Code     0  libinit2.o(.ARM.Collect$$libinit$$00000030)
    __rt_lib_init_fp_trap_1                  0x0001d12b   Thumb Code     0  libinit2.o(.ARM.Collect$$libinit$$0000001F)
    __rt_lib_init_getenv_1                   0x0001d12b   Thumb Code     0  libinit2.o(.ARM.Collect$$libinit$$00000023)
    __rt_lib_init_heap_1                     0x0001d12b   Thumb Code     0  libinit2.o(.ARM.Collect$$libinit$$0000000A)
    __rt_lib_init_lc_collate_1               0x0001d12b   Thumb Code     0  libinit2.o(.ARM.Collect$$libinit$$00000011)
    __rt_lib_init_lc_ctype_1                 0x0001d12b   Thumb Code     0  libinit2.o(.ARM.Collect$$libinit$$00000013)
    __rt_lib_init_lc_monetary_1              0x0001d12b   Thumb Code     0  libinit2.o(.ARM.Collect$$libinit$$00000015)
    __rt_lib_init_lc_numeric_1               0x0001d12b   Thumb Code     0  libinit2.o(.ARM.Collect$$libinit$$00000017)
    __rt_lib_init_lc_time_1                  0x0001d12b   Thumb Code     0  libinit2.o(.ARM.Collect$$libinit$$00000019)
    __rt_lib_init_rand_1                     0x0001d12b   Thumb Code     0  libinit2.o(.ARM.Collect$$libinit$$0000000E)
    __rt_lib_init_return                     0x0001d12b   Thumb Code     0  libinit2.o(.ARM.Collect$$libinit$$00000033)
    __rt_lib_init_signal_1                   0x0001d12b   Thumb Code     0  libinit2.o(.ARM.Collect$$libinit$$0000001D)
    __rt_lib_init_stdio_1                    0x0001d12b   Thumb Code     0  libinit2.o(.ARM.Collect$$libinit$$00000025)
    __rt_lib_init_user_alloc_1               0x0001d12b   Thumb Code     0  libinit2.o(.ARM.Collect$$libinit$$0000000C)
    __rt_lib_shutdown                        0x0001d12d   Thumb Code     0  libshutdown.o(.ARM.Collect$$libshutdown$$00000000)
    __rt_lib_shutdown_fp_trap_1              0x0001d12f   Thumb Code     0  libshutdown2.o(.ARM.Collect$$libshutdown$$00000006)
    __rt_lib_shutdown_heap_1                 0x0001d12f   Thumb Code     0  libshutdown2.o(.ARM.Collect$$libshutdown$$0000000E)
    __rt_lib_shutdown_return                 0x0001d12f   Thumb Code     0  libshutdown2.o(.ARM.Collect$$libshutdown$$0000000F)
    __rt_lib_shutdown_signal_1               0x0001d12f   Thumb Code     0  libshutdown2.o(.ARM.Collect$$libshutdown$$00000009)
    __rt_lib_shutdown_stdio_1                0x0001d12f   Thumb Code     0  libshutdown2.o(.ARM.Collect$$libshutdown$$00000003)
    __rt_lib_shutdown_user_alloc_1           0x0001d12f   Thumb Code     0  libshutdown2.o(.ARM.Collect$$libshutdown$$0000000B)
    __rt_entry                               0x0001d131   Thumb Code     0  __rtentry.o(.ARM.Collect$$rtentry$$00000000)
    __rt_entry_presh_1                       0x0001d131   Thumb Code     0  __rtentry2.o(.ARM.Collect$$rtentry$$00000002)
    __rt_entry_sh                            0x0001d131   Thumb Code     0  __rtentry4.o(.ARM.Collect$$rtentry$$00000004)
    __rt_entry_li                            0x0001d137   Thumb Code     0  __rtentry2.o(.ARM.Collect$$rtentry$$0000000A)
    __rt_entry_postsh_1                      0x0001d137   Thumb Code     0  __rtentry2.o(.ARM.Collect$$rtentry$$00000009)
    __rt_entry_main                          0x0001d13b   Thumb Code     0  __rtentry2.o(.ARM.Collect$$rtentry$$0000000D)
    __rt_entry_postli_1                      0x0001d13b   Thumb Code     0  __rtentry2.o(.ARM.Collect$$rtentry$$0000000C)
    __rt_exit                                0x0001d143   Thumb Code     0  rtexit.o(.ARM.Collect$$rtexit$$00000000)
    __rt_exit_ls                             0x0001d145   Thumb Code     0  rtexit2.o(.ARM.Collect$$rtexit$$00000003)
    __rt_exit_prels_1                        0x0001d145   Thumb Code     0  rtexit2.o(.ARM.Collect$$rtexit$$00000002)
    __rt_exit_exit                           0x0001d149   Thumb Code     0  rtexit2.o(.ARM.Collect$$rtexit$$00000004)
    __asm___21_bootloader_util_arm_c_c13d365c__bootloader_util_reset 0x0001d151   Thumb Code    52  bootloader_util_arm.o(.emb_text)
    __asm___11_app_timer_c_cd27f9c3__nrf_delay_us 0x0001d195   Thumb Code    30  app_timer.o(.emb_text)
    __aeabi_memcpy4                          0x0001d1b5   Thumb Code    56  rt_memcpy.o(.emb_text)
    __aeabi_memcpy8                          0x0001d1b5   Thumb Code     0  rt_memcpy.o(.emb_text)
    Reset_Handler                            0x0001d1ed   Thumb Code    26  arm_startup_nrf51.o(.text)
    _maybe_terminate_alloc                   0x0001d1ed   Thumb Code     0  maybetermalloc1.o(.emb_text)
    NMI_Handler                              0x0001d207   Thumb Code     2  arm_startup_nrf51.o(.text)
    HardFault_Handler                        0x0001d209   Thumb Code     2  arm_startup_nrf51.o(.text)
    SVC_Handler                              0x0001d20b   Thumb Code     2  arm_startup_nrf51.o(.text)
    PendSV_Handler                           0x0001d20d   Thumb Code     2  arm_startup_nrf51.o(.text)
    SysTick_Handler                          0x0001d20f   Thumb Code     2  arm_startup_nrf51.o(.text)
    CCM_AAR_IRQHandler                       0x0001d211   Thumb Code     0  arm_startup_nrf51.o(.text)
    ECB_IRQHandler                           0x0001d211   Thumb Code     0  arm_startup_nrf51.o(.text)
    LPCOMP_IRQHandler                        0x0001d211   Thumb Code     0  arm_startup_nrf51.o(.text)
    POWER_CLOCK_IRQHandler                   0x0001d211   Thumb Code     0  arm_startup_nrf51.o(.text)
    QDEC_IRQHandler                          0x0001d211   Thumb Code     0  arm_startup_nrf51.o(.text)
    RADIO_IRQHandler                         0x0001d211   Thumb Code     0  arm_startup_nrf51.o(.text)
    RNG_IRQHandler                           0x0001d211   Thumb Code     0  arm_startup_nrf51.o(.text)
    RTC0_IRQHandler                          0x0001d211   Thumb Code     0  arm_startup_nrf51.o(.text)
    SPI0_TWI0_IRQHandler                     0x0001d211   Thumb Code     0  arm_startup_nrf51.o(.text)
    SWI1_IRQHandler                          0x0001d211   Thumb Code     0  arm_startup_nrf51.o(.text)
    SWI3_IRQHandler                          0x0001d211   Thumb Code     0  arm_startup_nrf51.o(.text)
    SWI4_IRQHandler                          0x0001d211   Thumb Code     0  arm_startup_nrf51.o(.text)
    SWI5_IRQHandler                          0x0001d211   Thumb Code     0  arm_startup_nrf51.o(.text)
    TEMP_IRQHandler                          0x0001d211   Thumb Code     0  arm_startup_nrf51.o(.text)
    TIMER0_IRQHandler                        0x0001d211   Thumb Code     0  arm_startup_nrf51.o(.text)
    TIMER1_IRQHandler                        0x0001d211   Thumb Code     0  arm_startup_nrf51.o(.text)
    WDT_IRQHandler                           0x0001d211   Thumb Code     0  arm_startup_nrf51.o(.text)
    __user_initial_stackheap                 0x0001d215   Thumb Code     0  arm_startup_nrf51.o(.text)
    malloc                                   0x0001d241   Thumb Code    98  h1_alloc.o(.text)
    __aeabi_uldivmod                         0x0001d2a3   Thumb Code   258  lludiv.o(.text)
    _ll_udiv                                 0x0001d2a3   Thumb Code     0  lludiv.o(.text)
    memcmp                                   0x0001d3a5   Thumb Code    90  memcmp.o(.text)
    strlen                                   0x0001d401   Thumb Code    62  strlen.o(.text)
    __aeabi_memcpy                           0x0001d445   Thumb Code   130  rt_memcpy.o(.text)
    __rt_memcpy                              0x0001d445   Thumb Code     0  rt_memcpy.o(.text)
    _memset_w                                0x0001d4c7   Thumb Code    26  rt_memclr.o(.text)
    _memset                                  0x0001d4e1   Thumb Code    30  rt_memclr.o(.text)
    __aeabi_memclr                           0x0001d4ff   Thumb Code     4  rt_memclr.o(.text)
    __rt_memclr                              0x0001d4ff   Thumb Code     0  rt_memclr.o(.text)
    __aeabi_memclr4                          0x0001d503   Thumb Code     0  rt_memclr.o(.text)
    __aeabi_memclr8                          0x0001d503   Thumb Code     0  rt_memclr.o(.text)
    __rt_memclr_w                            0x0001d503   Thumb Code     4  rt_memclr.o(.text)
    __aeabi_uidiv                            0x0001d507   Thumb Code     0  aeabi_sdiv.o(.text)
    __aeabi_uidivmod                         0x0001d507   Thumb Code    20  aeabi_sdiv.o(.text)
    __aeabi_idiv                             0x0001d51b   Thumb Code     0  aeabi_sdiv.o(.text)
    __aeabi_idivmod                          0x0001d51b   Thumb Code   326  aeabi_sdiv.o(.text)
    __use_two_region_memory                  0x0001d661   Thumb Code     2  heapauxi.o(.text)
    __rt_heap_escrow                         0x0001d663   Thumb Code     2  heapauxi.o(.text)
    __rt_heap_expand                         0x0001d665   Thumb Code     2  heapauxi.o(.text)
    __rt_heap_descriptor                     0x0001d669   Thumb Code     8  rt_heap_descriptor_intlibspace.o(.text)
    __use_no_heap                            0x0001d671   Thumb Code     2  hguard.o(.text)
    __heap$guard                             0x0001d673   Thumb Code     2  hguard.o(.text)
    _terminate_user_alloc                    0x0001d675   Thumb Code     2  init_alloc.o(.text)
    _init_user_alloc                         0x0001d677   Thumb Code     2  init_alloc.o(.text)
    __Heap_Full                              0x0001d679   Thumb Code    32  init_alloc.o(.text)
    __Heap_Broken                            0x0001d699   Thumb Code    10  init_alloc.o(.text)
    _init_alloc                              0x0001d6a3   Thumb Code    90  init_alloc.o(.text)
    __Heap_Initialize                        0x0001d6fd   Thumb Code    10  h1_init.o(.text)
    __Heap_DescSize                          0x0001d707   Thumb Code     4  h1_init.o(.text)
    free                                     0x0001d70b   Thumb Code    76  h1_free.o(.text)
    __user_libspace                          0x0001d759   Thumb Code     8  libspace.o(.text)
    __user_perproc_libspace                  0x0001d759   Thumb Code     0  libspace.o(.text)
    __user_perthread_libspace                0x0001d759   Thumb Code     0  libspace.o(.text)
    __Heap_ProvideMemory                     0x0001d761   Thumb Code    52  h1_extend.o(.text)
    __rt_SIGRTMEM                            0x0001d795   Thumb Code    12  defsig_rtmem_outer.o(.text)
    __I$use$semihosting                      0x0001d7a1   Thumb Code     0  use_no_semi.o(.text)
    __use_no_semihosting_swi                 0x0001d7a1   Thumb Code     2  use_no_semi.o(.text)
    __semihosting_library_function           0x0001d7a3   Thumb Code     0  indicate_semi.o(.text)
    __user_setup_stackheap                   0x0001d7a3   Thumb Code    62  sys_stackheap_outer.o(.text)
    exit                                     0x0001d7e1   Thumb Code    12  exit.o(.text)
    __sig_exit                               0x0001d7ed   Thumb Code    12  defsig_exit.o(.text)
    __rt_SIGRTMEM_inner                      0x0001d7f9   Thumb Code    22  defsig_rtmem_inner.o(.text)
    _sys_exit                                0x0001d849   Thumb Code     8  sys_exit.o(.text)
    __default_signal_display                 0x0001d855   Thumb Code    52  defsig_general.o(.text)
    _ttywrch                                 0x0001d889   Thumb Code    12  sys_wrch.o(.text)
    __decompress                             0x0001d895   Thumb Code     0  __dczerorl2.o(.text)
    __decompress1                            0x0001d895   Thumb Code    86  __dczerorl2.o(.text)
    ADC_IRQHandler                           0x0001d8eb   Thumb Code     2  main.o(i.ADC_IRQHandler)
    GPIOTE_IRQHandler                        0x0001d8ed   Thumb Code   162  app_gpiote.o(i.GPIOTE_IRQHandler)
    RBC_GPIOTE_IRQHandler                    0x0001dae5   Thumb Code    74  serial_handler.o(i.RBC_GPIOTE_IRQHandler)
    RTC1_IRQHandler                          0x0001db41   Thumb Code    34  app_timer.o(i.RTC1_IRQHandler)
    SPI1_TWI1_IRQHandler                     0x0001db69   Thumb Code   110  spi_slave.o(i.SPI1_TWI1_IRQHandler)
    SWI0_IRQHandler                          0x0001dbf9   Thumb Code    12  app_timer.o(i.SWI0_IRQHandler)
    SWI2_IRQHandler                          0x0001dc05   Thumb Code    50  softdevice_handler.o(i.SWI2_IRQHandler)
    SystemInit                               0x0001dc3d   Thumb Code    38  system_nrf51.o(i.SystemInit)
    TIMER2_IRQHandler                        0x0001dc75   Thumb Code     2  pwm.o(i.TIMER2_IRQHandler)
    UART0_IRQHandler                         0x0001dc79   Thumb Code   146  app_uart_fifo.o(i.UART0_IRQHandler)
    __ARM_common_switch8                     0x0001dd1d   Thumb Code    28  dispose_pkt.o(i.__ARM_common_switch8)
    action_tx_stop                           0x0001ddad   Thumb Code    28  app_uart_fifo.o(i.action_tx_stop)
    app_error_handler                        0x0001e22d   Thumb Code    48  app_error.o(i.app_error_handler)
    app_fifo_get                             0x0001e281   Thumb Code    36  app_fifo.o(i.app_fifo_get)
    app_fifo_put                             0x0001e2a5   Thumb Code    38  app_fifo.o(i.app_fifo_put)
    app_timer_create                         0x0001e339   Thumb Code   108  app_timer.o(i.app_timer_create)
    app_timer_init                           0x0001e3ad   Thumb Code   204  app_timer.o(i.app_timer_init)
    app_timer_start                          0x0001e49d   Thumb Code    98  app_timer.o(i.app_timer_start)
    app_timer_stop                           0x0001e509   Thumb Code    60  app_timer.o(i.app_timer_stop)
    ble_advdata_set                          0x0001e643   Thumb Code   122  ble_advdata.o(i.ble_advdata_set)
    ble_conn_params_init                     0x0001e6bd   Thumb Code    90  ble_conn_params.o(i.ble_conn_params_init)
    ble_conn_params_on_ble_evt               0x0001e735   Thumb Code    62  ble_conn_params.o(i.ble_conn_params_on_ble_evt)
    ble_conn_params_stop                     0x0001e775   Thumb Code    12  ble_conn_params.o(i.ble_conn_params_stop)
    ble_dfu_init                             0x0001e785   Thumb Code   162  ble_dfu.o(i.ble_dfu_init)
    ble_dfu_on_ble_evt                       0x0001e835   Thumb Code    90  ble_dfu.o(i.ble_dfu_on_ble_evt)
    ble_dfu_response_send                    0x0001e891   Thumb Code   128  ble_dfu.o(i.ble_dfu_response_send)
    bond_data_load                           0x0001e9e9   Thumb Code    62  device_manager_peripheral.o(i.bond_data_load)
    bootloader_util_app_start                0x0001ead1   Thumb Code    12  bootloader_util_arm.o(i.bootloader_util_app_start)
    bsp_button_is_pressed                    0x0001eb29   Thumb Code    46  bsp.o(i.bsp_button_is_pressed)
    bsp_buttons_enable                       0x0001eb61   Thumb Code   166  bsp.o(i.bsp_buttons_enable)
    bsp_indication_set                       0x0001ec0d   Thumb Code    30  bsp.o(i.bsp_indication_set)
    dfu_app_on_dfu_evt                       0x0001f9ad   Thumb Code    92  dfu_app_handler.o(i.dfu_app_on_dfu_evt)
    dfu_app_reset_prepare_set                0x0001fa0d   Thumb Code     6  dfu_app_handler.o(i.dfu_app_reset_prepare_set)
    dfu_app_set_dm_handle                    0x0001fa19   Thumb Code    32  dfu_app_handler.o(i.dfu_app_set_dm_handle)
    dispose_pkt_init                         0x0001fd45   Thumb Code    84  dispose_pkt.o(i.dispose_pkt_init)
    dispose_recv_pkt                         0x0001fdad   Thumb Code   538  dispose_pkt.o(i.dispose_recv_pkt)
    dm_ble_evt_handler                       0x0001ffe9   Thumb Code  1300  device_manager_peripheral.o(i.dm_ble_evt_handler)
    dm_distributed_keys_get                  0x00020511   Thumb Code   140  device_manager_peripheral.o(i.dm_distributed_keys_get)
    dm_handle_initialize                     0x000205b1   Thumb Code    24  device_manager_peripheral.o(i.dm_handle_initialize)
    dm_init                                  0x000205cd   Thumb Code   222  device_manager_peripheral.o(i.dm_init)
    dm_register                              0x000208b1   Thumb Code   102  device_manager_peripheral.o(i.dm_register)
    dm_whitelist_create                      0x00020925   Thumb Code   198  device_manager_peripheral.o(i.dm_whitelist_create)
    generate_pkt_2_mesh                      0x00020f5d   Thumb Code   176  dispose_pkt.o(i.generate_pkt_2_mesh)
    intern_softdevice_events_execute         0x000210d9   Thumb Code   168  softdevice_handler.o(i.intern_softdevice_events_execute)
    main                                     0x000214d1   Thumb Code   120  main.o(i.main)
    mesh_srv_char_val_get                    0x00021729   Thumb Code   106  mesh_srv.o(i.mesh_srv_char_val_get)
    mesh_srv_char_val_set                    0x0002179d   Thumb Code   258  mesh_srv.o(i.mesh_srv_char_val_set)
    mesh_srv_conn_handle_update              0x000218b5   Thumb Code    10  mesh_srv.o(i.mesh_srv_conn_handle_update)
    mesh_srv_gatts_evt_write_handle          0x000218c5   Thumb Code   188  mesh_srv.o(i.mesh_srv_gatts_evt_write_handle)
    mesh_srv_get_next_processing_time        0x00021989   Thumb Code   100  mesh_srv.o(i.mesh_srv_get_next_processing_time)
    mesh_srv_init                            0x000219f5   Thumb Code   188  mesh_srv.o(i.mesh_srv_init)
    mesh_srv_packet_assemble                 0x00021ac1   Thumb Code   188  mesh_srv.o(i.mesh_srv_packet_assemble)
    mesh_srv_packet_process                  0x00021b85   Thumb Code   438  mesh_srv.o(i.mesh_srv_packet_process)
    pstorage_access_status_get               0x00022661   Thumb Code    36  pstorage.o(i.pstorage_access_status_get)
    pstorage_block_identifier_get            0x0002268d   Thumb Code   136  pstorage.o(i.pstorage_block_identifier_get)
    pstorage_clear                           0x0002271d   Thumb Code   166  pstorage.o(i.pstorage_clear)
    pstorage_init                            0x000227cd   Thumb Code   196  pstorage.o(i.pstorage_init)
    pstorage_load                            0x000228b1   Thumb Code   226  pstorage.o(i.pstorage_load)
    pstorage_register                        0x0002299d   Thumb Code   362  pstorage.o(i.pstorage_register)
    pstorage_store                           0x00022b1d   Thumb Code   202  pstorage.o(i.pstorage_store)
    pstorage_sys_event_handler               0x00022bf1   Thumb Code   326  pstorage.o(i.pstorage_sys_event_handler)
    pstorage_update                          0x00022d49   Thumb Code   202  pstorage.o(i.pstorage_update)
    pwm_evt_handler                          0x00022e1d   Thumb Code   170  pwm.o(i.pwm_evt_handler)
    pwm_init                                 0x00022ed5   Thumb Code    26  pwm.o(i.pwm_init)
    radio_disable                            0x00022f41   Thumb Code    48  radio_control.o(i.radio_disable)
    radio_event_handler                      0x00022f85   Thumb Code    88  radio_control.o(i.radio_event_handler)
    radio_init                               0x00023131   Thumb Code   130  radio_control.o(i.radio_init)
    radio_order                              0x000231dd   Thumb Code   256  radio_control.o(i.radio_order)
    rbc_mesh_SWI0_IRQHandler                 0x00023765   Thumb Code    50  timeslot_handler.o(i.rbc_mesh_SWI0_IRQHandler)
    rbc_mesh_access_address_get              0x000237a5   Thumb Code    24  rbc_mesh.o(i.rbc_mesh_access_address_get)
    rbc_mesh_ble_evt_handler                 0x000237c5   Thumb Code    72  rbc_mesh.o(i.rbc_mesh_ble_evt_handler)
    rbc_mesh_channel_get                     0x00023811   Thumb Code    24  rbc_mesh.o(i.rbc_mesh_channel_get)
    rbc_mesh_event_handler                   0x00023831   Thumb Code    96  main.o(i.rbc_mesh_event_handler)
    rbc_mesh_init                            0x000238a1   Thumb Code   104  rbc_mesh.o(i.rbc_mesh_init)
    rbc_mesh_sys_evt_handler                 0x0002391d   Thumb Code    52  timeslot_handler.o(i.rbc_mesh_sys_evt_handler)
    rbc_mesh_value_set                       0x00023959   Thumb Code    22  rbc_mesh.o(i.rbc_mesh_value_set)
    restart_pwm                              0x000239ed   Thumb Code    12  pwm.o(i.restart_pwm)
    serial_queue_dequeue                     0x00023bc1   Thumb Code   132  serial_queue.o(i.serial_queue_dequeue)
    serial_queue_is_empty                    0x00023c45   Thumb Code    58  serial_queue.o(i.serial_queue_is_empty)
    serial_queue_is_full                     0x00023c7f   Thumb Code    64  serial_queue.o(i.serial_queue_is_full)
    softdevice_assertion_handler             0x00023dd9   Thumb Code    18  softdevice_handler.o(i.softdevice_assertion_handler)
    softdevice_ble_evt_handler_set           0x00023ded   Thumb Code    18  softdevice_handler.o(i.softdevice_ble_evt_handler_set)
    softdevice_handler_init                  0x00023e05   Thumb Code    84  softdevice_handler.o(i.softdevice_handler_init)
    softdevice_sys_evt_handler_set           0x00023e6d   Thumb Code    18  softdevice_handler.o(i.softdevice_sys_evt_handler_set)
    spi_slave_buffers_set                    0x00023e85   Thumb Code    92  spi_slave.o(i.spi_slave_buffers_set)
    start_timer1                             0x00023f05   Thumb Code     8  pwm.o(i.start_timer1)
    start_timer2                             0x00023f11   Thumb Code    12  pwm.o(i.start_timer2)
    stop_pwm                                 0x00023fd9   Thumb Code    92  pwm.o(i.stop_pwm)
    timer_abort                              0x000243cd   Thumb Code    58  timer_control.o(i.timer_abort)
    timer_event_handler                      0x00024419   Thumb Code   226  timer_control.o(i.timer_event_handler)
    timer_get_timestamp                      0x00024525   Thumb Code    66  timer_control.o(i.timer_get_timestamp)
    timer_init                               0x00024575   Thumb Code    50  timer_control.o(i.timer_init)
    timer_order_cb                           0x000247c5   Thumb Code    98  timer_control.o(i.timer_order_cb)
    timer_order_cb_ppi                       0x00024841   Thumb Code   164  timer_control.o(i.timer_order_cb_ppi)
    timer_order_cb_sync_exec                 0x00024905   Thumb Code   112  timer_control.o(i.timer_order_cb_sync_exec)
    timer_order_ppi                          0x00024991   Thumb Code   130  timer_control.o(i.timer_order_ppi)
    timer_reference_point_set                0x00024a2d   Thumb Code     6  timer_control.o(i.timer_reference_point_set)
    timeslot_extend                          0x00024bd5   Thumb Code    38  timeslot_handler.o(i.timeslot_extend)
    timeslot_get_end_time                    0x00024c0d   Thumb Code    16  timeslot_handler.o(i.timeslot_get_end_time)
    timeslot_get_remaining_time              0x00024c25   Thumb Code    42  timeslot_handler.o(i.timeslot_get_remaining_time)
    timeslot_handler_init                    0x00024c59   Thumb Code   100  timeslot_handler.o(i.timeslot_handler_init)
    timeslot_order_earliest                  0x00024cd9   Thumb Code    52  timeslot_handler.o(i.timeslot_order_earliest)
    timeslot_queue_async_event               0x00024d1d   Thumb Code    38  timeslot_handler.o(i.timeslot_queue_async_event)
    transport_control_step                   0x00024d49   Thumb Code   106  transport_control.o(i.transport_control_step)
    transport_control_timeslot_begin         0x00024dc1   Thumb Code    36  transport_control.o(i.transport_control_timeslot_begin)
    trickle_init                             0x00024ded   Thumb Code    24  trickle.o(i.trickle_init)
    trickle_next_processing_get              0x00024ea1   Thumb Code    20  trickle.o(i.trickle_next_processing_get)
    trickle_register_tx                      0x00024eb5   Thumb Code    10  trickle.o(i.trickle_register_tx)
    trickle_rx_consistent                    0x00024ebf   Thumb Code     8  trickle.o(i.trickle_rx_consistent)
    trickle_rx_inconsistent                  0x00024ec9   Thumb Code    22  trickle.o(i.trickle_rx_inconsistent)
    trickle_setup                            0x00024ee5   Thumb Code   162  trickle.o(i.trickle_setup)
    trickle_step                             0x00024f9d   Thumb Code   110  trickle.o(i.trickle_step)
    trickle_time_update                      0x00025149   Thumb Code     6  trickle.o(i.trickle_time_update)
    trickle_timer_reset                      0x00025155   Thumb Code    26  trickle.o(i.trickle_timer_reset)
    m_service_context_store                  0x00025498   Data          16  device_manager_peripheral.o(.constdata)
    m_service_context_load                   0x000254a8   Data          16  device_manager_peripheral.o(.constdata)
    m_service_context_apply                  0x000254b8   Data          16  device_manager_peripheral.o(.constdata)
    m_context_init_len                       0x000254c8   Data           4  device_manager_peripheral.o(.constdata)
    Region$$Table$$Base                      0x000254cc   Number         0  anon$$obj.o(Region$$Table)
    Region$$Table$$Limit                     0x000254ec   Number         0  anon$$obj.o(Region$$Table)
    broadcast_addr                           0x20002409   Data           6  dispose_pkt.o(.data)
    r_value                                  0x20002428   Data           4  pwm.o(.data)
    g_value                                  0x2000242c   Data           4  pwm.o(.data)
    b_value                                  0x20002430   Data           4  pwm.o(.data)
    SystemCoreClock                          0x2000252c   Data           4  system_nrf51.o(.data)
    local_dev_name                           0x200025cc   Data          34  dispose_pkt.o(.bss)
    recv_pkt_addr_hdr                        0x200025ee   Data          12  dispose_pkt.o(.bss)
    __libspace_start                         0x20003670   Data          96  libspace.o(.bss)
    __temporary_stack_top$libspace           0x200036d0   Data           0  libspace.o(.bss)



==============================================================================

Memory Map of the image

  Image Entry point : 0x0001d0c1

  Load Region LR_IROM1 (Base: 0x0001d000, Size: 0x000086b8, Max: 0x00022000, ABSOLUTE, COMPRESSED[0x00008534])

    Execution Region ER_IROM1 (Base: 0x0001d000, Size: 0x000084ec, Max: 0x00022000, ABSOLUTE)

    Base Addr    Size         Type   Attr      Idx    E Section Name        Object

    0x0001d000   0x000000c0   Data   RO         1908    RESET               arm_startup_nrf51.o
    0x0001d0c0   0x00000008   Code   RO         3313  * !!!main             c_p.l(__main.o)
    0x0001d0c8   0x0000003c   Code   RO         3537    !!!scatter          c_p.l(__scatter.o)
    0x0001d104   0x0000001c   Code   RO         3539    !!handler_zi        c_p.l(__scatter_zi.o)
    0x0001d120   0x00000002   Code   RO         3474    .ARM.Collect$$libinit$$00000000  c_p.l(libinit.o)
    0x0001d122   0x00000000   Code   RO         3360    .ARM.Collect$$libinit$$00000002  c_p.l(libinit2.o)
    0x0001d122   0x00000000   Code   RO         3362    .ARM.Collect$$libinit$$00000004  c_p.l(libinit2.o)
    0x0001d122   0x00000008   Code   RO         3363    .ARM.Collect$$libinit$$00000005  c_p.l(libinit2.o)
    0x0001d12a   0x00000000   Code   RO         3365    .ARM.Collect$$libinit$$0000000A  c_p.l(libinit2.o)
    0x0001d12a   0x00000000   Code   RO         3367    .ARM.Collect$$libinit$$0000000C  c_p.l(libinit2.o)
    0x0001d12a   0x00000000   Code   RO         3369    .ARM.Collect$$libinit$$0000000E  c_p.l(libinit2.o)
    0x0001d12a   0x00000000   Code   RO         3372    .ARM.Collect$$libinit$$00000011  c_p.l(libinit2.o)
    0x0001d12a   0x00000000   Code   RO         3374    .ARM.Collect$$libinit$$00000013  c_p.l(libinit2.o)
    0x0001d12a   0x00000000   Code   RO         3376    .ARM.Collect$$libinit$$00000015  c_p.l(libinit2.o)
    0x0001d12a   0x00000000   Code   RO         3378    .ARM.Collect$$libinit$$00000017  c_p.l(libinit2.o)
    0x0001d12a   0x00000000   Code   RO         3380    .ARM.Collect$$libinit$$00000019  c_p.l(libinit2.o)
    0x0001d12a   0x00000000   Code   RO         3382    .ARM.Collect$$libinit$$0000001B  c_p.l(libinit2.o)
    0x0001d12a   0x00000000   Code   RO         3384    .ARM.Collect$$libinit$$0000001D  c_p.l(libinit2.o)
    0x0001d12a   0x00000000   Code   RO         3386    .ARM.Collect$$libinit$$0000001F  c_p.l(libinit2.o)
    0x0001d12a   0x00000000   Code   RO         3388    .ARM.Collect$$libinit$$00000021  c_p.l(libinit2.o)
    0x0001d12a   0x00000000   Code   RO         3390    .ARM.Collect$$libinit$$00000023  c_p.l(libinit2.o)
    0x0001d12a   0x00000000   Code   RO         3392    .ARM.Collect$$libinit$$00000025  c_p.l(libinit2.o)
    0x0001d12a   0x00000000   Code   RO         3396    .ARM.Collect$$libinit$$0000002C  c_p.l(libinit2.o)
    0x0001d12a   0x00000000   Code   RO         3398    .ARM.Collect$$libinit$$0000002E  c_p.l(libinit2.o)
    0x0001d12a   0x00000000   Code   RO         3400    .ARM.Collect$$libinit$$00000030  c_p.l(libinit2.o)
    0x0001d12a   0x00000000   Code   RO         3402    .ARM.Collect$$libinit$$00000032  c_p.l(libinit2.o)
    0x0001d12a   0x00000002   Code   RO         3403    .ARM.Collect$$libinit$$00000033  c_p.l(libinit2.o)
    0x0001d12c   0x00000002   Code   RO         3532    .ARM.Collect$$libshutdown$$00000000  c_p.l(libshutdown.o)
    0x0001d12e   0x00000000   Code   RO         3492    .ARM.Collect$$libshutdown$$00000003  c_p.l(libshutdown2.o)
    0x0001d12e   0x00000000   Code   RO         3495    .ARM.Collect$$libshutdown$$00000006  c_p.l(libshutdown2.o)
    0x0001d12e   0x00000000   Code   RO         3498    .ARM.Collect$$libshutdown$$00000009  c_p.l(libshutdown2.o)
    0x0001d12e   0x00000000   Code   RO         3500    .ARM.Collect$$libshutdown$$0000000B  c_p.l(libshutdown2.o)
    0x0001d12e   0x00000000   Code   RO         3503    .ARM.Collect$$libshutdown$$0000000E  c_p.l(libshutdown2.o)
    0x0001d12e   0x00000002   Code   RO         3504    .ARM.Collect$$libshutdown$$0000000F  c_p.l(libshutdown2.o)
    0x0001d130   0x00000000   Code   RO         3317    .ARM.Collect$$rtentry$$00000000  c_p.l(__rtentry.o)
    0x0001d130   0x00000000   Code   RO         3410    .ARM.Collect$$rtentry$$00000002  c_p.l(__rtentry2.o)
    0x0001d130   0x00000006   Code   RO         3422    .ARM.Collect$$rtentry$$00000004  c_p.l(__rtentry4.o)
    0x0001d136   0x00000000   Code   RO         3412    .ARM.Collect$$rtentry$$00000009  c_p.l(__rtentry2.o)
    0x0001d136   0x00000004   Code   RO         3413    .ARM.Collect$$rtentry$$0000000A  c_p.l(__rtentry2.o)
    0x0001d13a   0x00000000   Code   RO         3415    .ARM.Collect$$rtentry$$0000000C  c_p.l(__rtentry2.o)
    0x0001d13a   0x00000008   Code   RO         3416    .ARM.Collect$$rtentry$$0000000D  c_p.l(__rtentry2.o)
    0x0001d142   0x00000002   Code   RO         3478    .ARM.Collect$$rtexit$$00000000  c_p.l(rtexit.o)
    0x0001d144   0x00000000   Code   RO         3508    .ARM.Collect$$rtexit$$00000002  c_p.l(rtexit2.o)
    0x0001d144   0x00000004   Code   RO         3509    .ARM.Collect$$rtexit$$00000003  c_p.l(rtexit2.o)
    0x0001d148   0x00000006   Code   RO         3510    .ARM.Collect$$rtexit$$00000004  c_p.l(rtexit2.o)
    0x0001d14e   0x00000002   PAD
    0x0001d150   0x00000044   Code   RO         1674    .emb_text           bootloader_util_arm.o
    0x0001d194   0x0000001e   Code   RO         2881    .emb_text           app_timer.o
    0x0001d1b2   0x00000002   PAD
    0x0001d1b4   0x00000038   Code   RO         3297    .emb_text           c_p.l(rt_memcpy.o)
    0x0001d1ec   0x00000000   Code   RO         3428    .emb_text           c_p.l(maybetermalloc1.o)
    0x0001d1ec   0x00000054   Code   RO         1909    .text               arm_startup_nrf51.o
    0x0001d240   0x00000062   Code   RO         3237    .text               c_p.l(h1_alloc.o)
    0x0001d2a2   0x00000102   Code   RO         3291    .text               c_p.l(lludiv.o)
    0x0001d3a4   0x0000005a   Code   RO         3293    .text               c_p.l(memcmp.o)
    0x0001d3fe   0x00000002   PAD
    0x0001d400   0x00000044   Code   RO         3295    .text               c_p.l(strlen.o)
    0x0001d444   0x00000082   Code   RO         3298    .text               c_p.l(rt_memcpy.o)
    0x0001d4c6   0x00000040   Code   RO         3301    .text               c_p.l(rt_memclr.o)
    0x0001d506   0x0000015a   Code   RO         3307    .text               c_p.l(aeabi_sdiv.o)
    0x0001d660   0x00000006   Code   RO         3311    .text               c_p.l(heapauxi.o)
    0x0001d666   0x00000002   PAD
    0x0001d668   0x00000008   Code   RO         3329    .text               c_p.l(rt_heap_descriptor_intlibspace.o)
    0x0001d670   0x00000004   Code   RO         3331    .text               c_p.l(hguard.o)
    0x0001d674   0x00000088   Code   RO         3333    .text               c_p.l(init_alloc.o)
    0x0001d6fc   0x0000000e   Code   RO         3339    .text               c_p.l(h1_init.o)
    0x0001d70a   0x0000004c   Code   RO         3341    .text               c_p.l(h1_free.o)
    0x0001d756   0x00000002   PAD
    0x0001d758   0x00000008   Code   RO         3406    .text               c_p.l(libspace.o)
    0x0001d760   0x00000034   Code   RO         3430    .text               c_p.l(h1_extend.o)
    0x0001d794   0x0000000c   Code   RO         3434    .text               c_p.l(defsig_rtmem_outer.o)
    0x0001d7a0   0x00000002   Code   RO         3445    .text               c_p.l(use_no_semi.o)
    0x0001d7a2   0x00000000   Code   RO         3447    .text               c_p.l(indicate_semi.o)
    0x0001d7a2   0x0000003e   Code   RO         3448    .text               c_p.l(sys_stackheap_outer.o)
    0x0001d7e0   0x0000000c   Code   RO         3455    .text               c_p.l(exit.o)
    0x0001d7ec   0x0000000c   Code   RO         3457    .text               c_p.l(defsig_exit.o)
    0x0001d7f8   0x00000050   Code   RO         3463    .text               c_p.l(defsig_rtmem_inner.o)
    0x0001d848   0x0000000c   Code   RO         3475    .text               c_p.l(sys_exit.o)
    0x0001d854   0x00000034   Code   RO         3486    .text               c_p.l(defsig_general.o)
    0x0001d888   0x0000000c   Code   RO         3505    .text               c_p.l(sys_wrch.o)
    0x0001d894   0x00000056   Code   RO         3535    .text               c_p.l(__dczerorl2.o)
    0x0001d8ea   0x00000002   Code   RO          124    i.ADC_IRQHandler    main.o
    0x0001d8ec   0x000000b8   Code   RO         2756    i.GPIOTE_IRQHandler  app_gpiote.o
    0x0001d9a4   0x00000014   Code   RO         2882    i.NVIC_ClearPendingIRQ  app_timer.o
    0x0001d9b8   0x00000014   Code   RO         1209    i.NVIC_EnableIRQ    timeslot_handler.o
    0x0001d9cc   0x00000014   Code   RO         2883    i.NVIC_EnableIRQ    app_timer.o
    0x0001d9e0   0x00000014   Code   RO         2884    i.NVIC_SetPendingIRQ  app_timer.o
    0x0001d9f4   0x00000078   Code   RO         1210    i.NVIC_SetPriority  timeslot_handler.o
    0x0001da6c   0x00000078   Code   RO         2885    i.NVIC_SetPriority  app_timer.o
    0x0001dae4   0x0000005c   Code   RO          935    i.RBC_GPIOTE_IRQHandler  serial_handler.o
    0x0001db40   0x00000028   Code   RO         2886    i.RTC1_IRQHandler   app_timer.o
    0x0001db68   0x00000090   Code   RO         1495    i.SPI1_TWI1_IRQHandler  spi_slave.o
    0x0001dbf8   0x0000000c   Code   RO         2887    i.SWI0_IRQHandler   app_timer.o
    0x0001dc04   0x00000038   Code   RO         3174    i.SWI2_IRQHandler   softdevice_handler.o
    0x0001dc3c   0x00000038   Code   RO         1867    i.SystemInit        system_nrf51.o
    0x0001dc74   0x00000002   Code   RO          428    i.TIMER2_IRQHandler  pwm.o
    0x0001dc76   0x00000002   PAD
    0x0001dc78   0x000000a4   Code   RO         2352    i.UART0_IRQHandler  app_uart_fifo.o
    0x0001dd1c   0x0000001c   Code   RO           47    i.__ARM_common_switch8  dispose_pkt.o
    0x0001dd38   0x00000020   Code   RO         2353    i.action_tx_ready   app_uart_fifo.o
    0x0001dd58   0x00000054   Code   RO         2354    i.action_tx_send    app_uart_fifo.o
    0x0001ddac   0x00000028   Code   RO         2355    i.action_tx_stop    app_uart_fifo.o
    0x0001ddd4   0x00000024   Code   RO         2356    i.action_uart_deactivate  app_uart_fifo.o
    0x0001ddf8   0x00000094   Code   RO          125    i.adc_start         main.o
    0x0001de8c   0x0000012e   Code   RO         1913    i.adv_data_encode   ble_advdata.o
    0x0001dfba   0x00000022   Code   RO         1914    i.advdata_check     ble_advdata.o
    0x0001dfdc   0x0000006c   Code   RO          126    i.advertising_init  main.o
    0x0001e048   0x000001a4   Code   RO          127    i.advertising_start  main.o
    0x0001e1ec   0x00000040   Code   RO          128    i.advertising_stop  main.o
    0x0001e22c   0x00000038   Code   RO         2703    i.app_error_handler  app_error.o
    0x0001e264   0x0000001c   Code   RO         2097    i.app_evt_notify    device_manager_peripheral.o
    0x0001e280   0x00000024   Code   RO         2725    i.app_fifo_get      app_fifo.o
    0x0001e2a4   0x00000026   Code   RO         2727    i.app_fifo_put      app_fifo.o
    0x0001e2ca   0x00000002   PAD
    0x0001e2cc   0x0000006c   Code   RO         2501    i.app_notify        pstorage.o
    0x0001e338   0x00000074   Code   RO         2890    i.app_timer_create  app_timer.o
    0x0001e3ac   0x000000f0   Code   RO         2891    i.app_timer_init    app_timer.o
    0x0001e49c   0x0000006c   Code   RO         2892    i.app_timer_start   app_timer.o
    0x0001e508   0x00000044   Code   RO         2893    i.app_timer_stop    app_timer.o
    0x0001e54c   0x0000004a   Code   RO         1915    i.appearance_encode  ble_advdata.o
    0x0001e596   0x0000003c   Code   RO         1211    i.async_event_execute  timeslot_handler.o
    0x0001e5d2   0x0000000a   Code   RO          130    i.battery_level_meas_timeout_handler  main.o
    0x0001e5dc   0x00000066   Code   RO            3    i.bdaddr_2_str      dispose_pkt.o
    0x0001e642   0x0000007a   Code   RO         1916    i.ble_advdata_set   ble_advdata.o
    0x0001e6bc   0x00000078   Code   RO         2002    i.ble_conn_params_init  ble_conn_params.o
    0x0001e734   0x0000003e   Code   RO         2003    i.ble_conn_params_on_ble_evt  ble_conn_params.o
    0x0001e772   0x00000002   PAD
    0x0001e774   0x00000010   Code   RO         2004    i.ble_conn_params_stop  ble_conn_params.o
    0x0001e784   0x000000b0   Code   RO         1566    i.ble_dfu_init      ble_dfu.o
    0x0001e834   0x0000005a   Code   RO         1567    i.ble_dfu_on_ble_evt  ble_dfu.o
    0x0001e88e   0x00000002   PAD
    0x0001e890   0x0000008c   Code   RO         1569    i.ble_dfu_response_send  ble_dfu.o
    0x0001e91c   0x0000002c   Code   RO          131    i.ble_evt_dispatch  main.o
    0x0001e948   0x000000a0   Code   RO          132    i.ble_stack_init    main.o
    0x0001e9e8   0x00000050   Code   RO         2098    i.bond_data_load    device_manager_peripheral.o
    0x0001ea38   0x00000098   Code   RO         1695    i.bootloader_start  dfu_app_handler.o
    0x0001ead0   0x0000000c   Code   RO         1675    i.bootloader_util_app_start  bootloader_util_arm.o
    0x0001eadc   0x0000004c   Code   RO         1778    i.bsp_button_event_handler  bsp.o
    0x0001eb28   0x00000038   Code   RO         1779    i.bsp_button_is_pressed  bsp.o
    0x0001eb60   0x000000ac   Code   RO         1780    i.bsp_buttons_enable  bsp.o
    0x0001ec0c   0x00000024   Code   RO         1783    i.bsp_indication_set  bsp.o
    0x0001ec30   0x000004ec   Code   RO         1786    i.bsp_led_indication  bsp.o
    0x0001f11c   0x00000174   Code   RO         2502    i.cmd_process       pstorage.o
    0x0001f290   0x00000024   Code   RO         2503    i.cmd_queue_dequeue  pstorage.o
    0x0001f2b4   0x0000003c   Code   RO         2504    i.cmd_queue_element_init  pstorage.o
    0x0001f2f0   0x00000090   Code   RO         2505    i.cmd_queue_enqueue  pstorage.o
    0x0001f380   0x00000034   Code   RO         2506    i.cmd_queue_init    pstorage.o
    0x0001f3b4   0x00000090   Code   RO         2895    i.compare_reg_update  app_timer.o
    0x0001f444   0x0000005c   Code   RO         1917    i.conn_int_check    ble_advdata.o
    0x0001f4a0   0x0000005c   Code   RO         1918    i.conn_int_encode   ble_advdata.o
    0x0001f4fc   0x00000014   Code   RO          133    i.conn_params_error_handler  main.o
    0x0001f510   0x0000005c   Code   RO          134    i.conn_params_init  main.o
    0x0001f56c   0x00000094   Code   RO         2005    i.conn_params_negotiation  ble_conn_params.o
    0x0001f600   0x00000048   Code   RO         2099    i.connection_instance_find  device_manager_peripheral.o
    0x0001f648   0x00000038   Code   RO         2100    i.connection_instance_init  device_manager_peripheral.o
    0x0001f680   0x0000005c   Code   RO         2896    i.current_int_priority_get  app_timer.o
    0x0001f6dc   0x000000d0   Code   RO         2101    i.device_context_store  device_manager_peripheral.o
    0x0001f7ac   0x0000007c   Code   RO         2102    i.device_instance_allocate  device_manager_peripheral.o
    0x0001f828   0x00000058   Code   RO         2103    i.device_instance_find  device_manager_peripheral.o
    0x0001f880   0x00000046   Code   RO          135    i.device_manager_evt_handler  main.o
    0x0001f8c6   0x00000002   PAD
    0x0001f8c8   0x000000e4   Code   RO          136    i.device_manager_init  main.o
    0x0001f9ac   0x0000005c   Code   RO         1696    i.dfu_app_on_dfu_evt  dfu_app_handler.o
    0x0001fa08   0x00000002   Code   RO         1697    i.dfu_app_reset_prepare  dfu_app_handler.o
    0x0001fa0a   0x00000002   PAD
    0x0001fa0c   0x0000000c   Code   RO         1698    i.dfu_app_reset_prepare_set  dfu_app_handler.o
    0x0001fa18   0x00000028   Code   RO         1699    i.dfu_app_set_dm_handle  dfu_app_handler.o
    0x0001fa40   0x00000078   Code   RO         1700    i.dfu_app_set_peer_data  dfu_app_handler.o
    0x0001fab8   0x000000e0   Code   RO         1570    i.dfu_ctrl_pt_add   ble_dfu.o
    0x0001fb98   0x000000d4   Code   RO         1571    i.dfu_pkt_char_add  ble_dfu.o
    0x0001fc6c   0x000000d8   Code   RO         1572    i.dfu_rev_char_add  ble_dfu.o
    0x0001fd44   0x00000068   Code   RO            4    i.dispose_pkt_init  dispose_pkt.o
    0x0001fdac   0x0000023c   Code   RO            5    i.dispose_recv_pkt  dispose_pkt.o
    0x0001ffe8   0x00000528   Code   RO         2109    i.dm_ble_evt_handler  device_manager_peripheral.o
    0x00020510   0x000000a0   Code   RO         2113    i.dm_distributed_keys_get  device_manager_peripheral.o
    0x000205b0   0x0000001c   Code   RO         2114    i.dm_handle_initialize  device_manager_peripheral.o
    0x000205cc   0x00000100   Code   RO         2115    i.dm_init           device_manager_peripheral.o
    0x000206cc   0x000001e4   Code   RO         2118    i.dm_pstorage_cb_handler  device_manager_peripheral.o
    0x000208b0   0x00000074   Code   RO         2119    i.dm_register       device_manager_peripheral.o
    0x00020924   0x000000dc   Code   RO         2125    i.dm_whitelist_create  device_manager_peripheral.o
    0x00020a00   0x000000a4   Code   RO          936    i.do_transmit       serial_handler.o
    0x00020aa4   0x00000064   Code   RO         2897    i.elapsed_ticks_acquire  app_timer.o
    0x00020b08   0x0000001c   Code   RO          937    i.enable_pin_listener  serial_handler.o
    0x00020b24   0x00000028   Code   RO         1212    i.end_timer_handler  timeslot_handler.o
    0x00020b4c   0x0000001c   Code   RO         1213    i.event_fifo_empty  timeslot_handler.o
    0x00020b68   0x00000014   Code   RO         1214    i.event_fifo_flush  timeslot_handler.o
    0x00020b7c   0x00000020   Code   RO         1215    i.event_fifo_full   timeslot_handler.o
    0x00020b9c   0x00000048   Code   RO         1216    i.event_fifo_get    timeslot_handler.o
    0x00020be4   0x00000054   Code   RO         1220    i.event_fifo_put    timeslot_handler.o
    0x00020c38   0x0000006c   Code   RO         2898    i.expired_timers_handler  app_timer.o
    0x00020ca4   0x000000c0   Code   RO          137    i.gap_params_init   main.o
    0x00020d64   0x00000006   Code   RO         2126    i.gattc_context_apply  device_manager_peripheral.o
    0x00020d6a   0x00000006   Code   RO         2127    i.gattc_context_load  device_manager_peripheral.o
    0x00020d70   0x00000006   Code   RO         2128    i.gattc_context_store  device_manager_peripheral.o
    0x00020d76   0x00000002   PAD
    0x00020d78   0x00000080   Code   RO         2129    i.gatts_context_apply  device_manager_peripheral.o
    0x00020df8   0x00000044   Code   RO         2130    i.gatts_context_load  device_manager_peripheral.o
    0x00020e3c   0x000000c8   Code   RO         2131    i.gatts_context_store  device_manager_peripheral.o
    0x00020f04   0x0000001a   Code   RO         2132    i.gattsc_context_apply  device_manager_peripheral.o
    0x00020f1e   0x0000001e   Code   RO         2133    i.gattsc_context_load  device_manager_peripheral.o
    0x00020f3c   0x0000001e   Code   RO         2134    i.gattsc_context_store  device_manager_peripheral.o
    0x00020f5a   0x00000002   PAD
    0x00020f5c   0x000000bc   Code   RO            6    i.generate_pkt_2_mesh  dispose_pkt.o
    0x00021018   0x0000006c   Code   RO         1118    i.get_available_timer  timer_control.o
    0x00021084   0x00000052   Code   RO          430    i.gpiote_init       pwm.o
    0x000210d6   0x00000002   PAD
    0x000210d8   0x000000bc   Code   RO         3175    i.intern_softdevice_events_execute  softdevice_handler.o
    0x00021194   0x00000034   Code   RO         1701    i.interrupts_disable  dfu_app_handler.o
    0x000211c8   0x0000003a   Code   RO         1573    i.is_cccd_configured  ble_dfu.o
    0x00021202   0x00000002   PAD
    0x00021204   0x00000024   Code   RO         2006    i.is_conn_params_ok  ble_conn_params.o
    0x00021228   0x00000038   Code   RO         1868    i.is_disabled_in_debug_needed  system_nrf51.o
    0x00021260   0x0000006c   Code   RO         1869    i.is_manual_peripheral_setup_needed  system_nrf51.o
    0x000212cc   0x00000012   Code   RO         2507    i.is_word_aligned   pstorage.o
    0x000212de   0x00000002   PAD
    0x000212e0   0x000000c0   Code   RO         2899    i.list_deletions_handler  app_timer.o
    0x000213a0   0x00000130   Code   RO         2900    i.list_insertions_handler  app_timer.o
    0x000214d0   0x0000007c   Code   RO          138    i.main              main.o
    0x0002154c   0x0000006a   Code   RO         1919    i.manuf_specific_data_encode  ble_advdata.o
    0x000215b6   0x00000002   PAD
    0x000215b8   0x00000170   Code   RO          598    i.mesh_md_char_add  mesh_srv.o
    0x00021728   0x00000074   Code   RO          602    i.mesh_srv_char_val_get  mesh_srv.o
    0x0002179c   0x00000118   Code   RO          603    i.mesh_srv_char_val_set  mesh_srv.o
    0x000218b4   0x00000010   Code   RO          604    i.mesh_srv_conn_handle_update  mesh_srv.o
    0x000218c4   0x000000c4   Code   RO          605    i.mesh_srv_gatts_evt_write_handle  mesh_srv.o
    0x00021988   0x0000006c   Code   RO          606    i.mesh_srv_get_next_processing_time  mesh_srv.o
    0x000219f4   0x000000cc   Code   RO          607    i.mesh_srv_init     mesh_srv.o
    0x00021ac0   0x000000c4   Code   RO          608    i.mesh_srv_packet_assemble  mesh_srv.o
    0x00021b84   0x000001c8   Code   RO          609    i.mesh_srv_packet_process  mesh_srv.o
    0x00021d4c   0x00000130   Code   RO          610    i.mesh_value_char_add  mesh_srv.o
    0x00021e7c   0x00000096   Code   RO         1920    i.name_encode       ble_advdata.o
    0x00021f12   0x00000006   Code   RO         2135    i.no_service_context_apply  device_manager_peripheral.o
    0x00021f18   0x00000006   Code   RO         2136    i.no_service_context_load  device_manager_peripheral.o
    0x00021f1e   0x00000006   Code   RO         2137    i.no_service_context_store  device_manager_peripheral.o
    0x00021f24   0x00000012   Code   RO          431    i.nrf_gpio_cfg_output  pwm.o
    0x00021f36   0x00000002   PAD
    0x00021f38   0x00000010   Code   RO          940    i.nrf_gpio_pin_clear  serial_handler.o
    0x00021f48   0x00000010   Code   RO          941    i.nrf_gpio_pin_set  serial_handler.o
    0x00021f58   0x00000028   Code   RO          432    i.nrf_gpio_pin_write  pwm.o
    0x00021f80   0x00000078   Code   RO          433    i.nrf_gpiote_task_config  pwm.o
    0x00021ff8   0x000000e0   Code   RO          139    i.on_ble_evt        main.o
    0x000220d8   0x00000018   Code   RO         2007    i.on_conn_params_update  ble_conn_params.o
    0x000220f0   0x00000006   Code   RO         1574    i.on_connect        ble_dfu.o
    0x000220f6   0x00000002   PAD
    0x000220f8   0x0000003c   Code   RO         2008    i.on_connect        ble_conn_params.o
    0x00022134   0x0000014e   Code   RO         1575    i.on_ctrl_pt_write  ble_dfu.o
    0x00022282   0x00000002   PAD
    0x00022284   0x00000028   Code   RO         2365    i.on_cts_high       app_uart_fifo.o
    0x000222ac   0x00000054   Code   RO         2366    i.on_cts_low        app_uart_fifo.o
    0x00022300   0x00000008   Code   RO         1576    i.on_disconnect     ble_dfu.o
    0x00022308   0x00000044   Code   RO         2009    i.on_disconnect     ble_conn_params.o
    0x0002234c   0x00000034   Code   RO         1577    i.on_rw_auth_req    ble_dfu.o
    0x00022380   0x00000030   Code   RO          140    i.on_sys_evt        main.o
    0x000223b0   0x0000002c   Code   RO         2367    i.on_tx_ready       app_uart_fifo.o
    0x000223dc   0x00000008   Code   RO         2368    i.on_uart_close     app_uart_fifo.o
    0x000223e4   0x00000036   Code   RO         2369    i.on_uart_event     app_uart_fifo.o
    0x0002241a   0x00000002   PAD
    0x0002241c   0x00000014   Code   RO         2370    i.on_uart_put       app_uart_fifo.o
    0x00022430   0x0000002a   Code   RO         1578    i.on_write          ble_dfu.o
    0x0002245a   0x00000002   PAD
    0x0002245c   0x0000005c   Code   RO         2010    i.on_write          ble_conn_params.o
    0x000224b8   0x00000030   Code   RO         1354    i.order_search      transport_control.o
    0x000224e8   0x00000078   Code   RO         1355    i.packet_create_from_data  transport_control.o
    0x00022560   0x00000050   Code   RO         2138    i.peer_instance_init  device_manager_peripheral.o
    0x000225b0   0x00000020   Code   RO          141    i.power_manage      main.o
    0x000225d0   0x00000090   Code   RO          434    i.ppi_init          pwm.o
    0x00022660   0x0000002c   Code   RO         2508    i.pstorage_access_status_get  pstorage.o
    0x0002268c   0x00000090   Code   RO         2509    i.pstorage_block_identifier_get  pstorage.o
    0x0002271c   0x000000b0   Code   RO         2510    i.pstorage_clear    pstorage.o
    0x000227cc   0x000000e4   Code   RO         2511    i.pstorage_init     pstorage.o
    0x000228b0   0x000000ec   Code   RO         2512    i.pstorage_load     pstorage.o
    0x0002299c   0x00000180   Code   RO         2513    i.pstorage_register  pstorage.o
    0x00022b1c   0x000000d4   Code   RO         2514    i.pstorage_store    pstorage.o
    0x00022bf0   0x00000158   Code   RO         2515    i.pstorage_sys_event_handler  pstorage.o
    0x00022d48   0x000000d4   Code   RO         2516    i.pstorage_update   pstorage.o
    0x00022e1c   0x000000b8   Code   RO          435    i.pwm_evt_handler   pwm.o
    0x00022ed4   0x00000020   Code   RO          436    i.pwm_init          pwm.o
    0x00022ef4   0x0000004c   Code   RO          716    i.radio_channel_set  radio_control.o
    0x00022f40   0x00000044   Code   RO          717    i.radio_disable     radio_control.o
    0x00022f84   0x00000064   Code   RO          718    i.radio_event_handler  radio_control.o
    0x00022fe8   0x0000001c   Code   RO          719    i.radio_fifo_empty  radio_control.o
    0x00023004   0x00000014   Code   RO          720    i.radio_fifo_flush  radio_control.o
    0x00023018   0x00000020   Code   RO          721    i.radio_fifo_full   radio_control.o
    0x00023038   0x00000040   Code   RO          722    i.radio_fifo_get    radio_control.o
    0x00023078   0x00000018   Code   RO          723    i.radio_fifo_get_length  radio_control.o
    0x00023090   0x0000000e   Code   RO          724    i.radio_fifo_peek   radio_control.o
    0x0002309e   0x00000002   PAD
    0x000230a0   0x0000003c   Code   RO          725    i.radio_fifo_peek_at  radio_control.o
    0x000230dc   0x00000054   Code   RO          726    i.radio_fifo_put    radio_control.o
    0x00023130   0x000000ac   Code   RO          727    i.radio_init        radio_control.o
    0x000231dc   0x0000011c   Code   RO          728    i.radio_order       radio_control.o
    0x000232f8   0x0000021c   Code   RO         1221    i.radio_signal_callback  timeslot_handler.o
    0x00023514   0x00000208   Code   RO          729    i.radio_transition_end  radio_control.o
    0x0002371c   0x00000048   Code   RO          730    i.radio_will_go_to_disabled_state  radio_control.o
    0x00023764   0x00000040   Code   RO         1222    i.rbc_mesh_SWI0_IRQHandler  timeslot_handler.o
    0x000237a4   0x00000020   Code   RO          850    i.rbc_mesh_access_address_get  rbc_mesh.o
    0x000237c4   0x0000004c   Code   RO          852    i.rbc_mesh_ble_evt_handler  rbc_mesh.o
    0x00023810   0x00000020   Code   RO          853    i.rbc_mesh_channel_get  rbc_mesh.o
    0x00023830   0x00000070   Code   RO          142    i.rbc_mesh_event_handler  main.o
    0x000238a0   0x0000007c   Code   RO          855    i.rbc_mesh_init     rbc_mesh.o
    0x0002391c   0x0000003c   Code   RO         1223    i.rbc_mesh_sys_evt_handler  timeslot_handler.o
    0x00023958   0x00000016   Code   RO          860    i.rbc_mesh_value_set  rbc_mesh.o
    0x0002396e   0x00000002   PAD
    0x00023970   0x0000007c   Code   RO          143    i.reset_prepare     main.o
    0x000239ec   0x00000014   Code   RO          437    i.restart_pwm       pwm.o
    0x00023a00   0x0000000c   Code   RO         2901    i.rtc1_counter_get  app_timer.o
    0x00023a0c   0x00000018   Code   RO         2902    i.rtc1_init         app_timer.o
    0x00023a24   0x0000003c   Code   RO         2903    i.rtc1_start        app_timer.o
    0x00023a60   0x00000058   Code   RO         2904    i.rtc1_stop         app_timer.o
    0x00023ab8   0x00000020   Code   RO          731    i.rx_abort_cb       radio_control.o
    0x00023ad8   0x00000068   Code   RO         1356    i.search_callback   transport_control.o
    0x00023b40   0x00000080   Code   RO         2764    i.sense_level_toggle  app_gpiote.o
    0x00023bc0   0x00000084   Code   RO         1059    i.serial_queue_dequeue  serial_queue.o
    0x00023c44   0x0000003a   Code   RO         1062    i.serial_queue_is_empty  serial_queue.o
    0x00023c7e   0x00000040   Code   RO         1063    i.serial_queue_is_full  serial_queue.o
    0x00023cbe   0x0000008c   Code   RO         1921    i.service_data_encode  ble_advdata.o
    0x00023d4a   0x00000002   PAD
    0x00023d4c   0x00000050   Code   RO          144    i.services_init     main.o
    0x00023d9c   0x00000028   Code   RO          732    i.setup_rx_timeout  radio_control.o
    0x00023dc4   0x00000014   Code   RO         1496    i.sm_state_change   spi_slave.o
    0x00023dd8   0x00000012   Code   RO         3176    i.softdevice_assertion_handler  softdevice_handler.o
    0x00023dea   0x00000002   PAD
    0x00023dec   0x00000018   Code   RO         3177    i.softdevice_ble_evt_handler_set  softdevice_handler.o
    0x00023e04   0x00000068   Code   RO         3178    i.softdevice_handler_init  softdevice_handler.o
    0x00023e6c   0x00000018   Code   RO         3180    i.softdevice_sys_evt_handler_set  softdevice_handler.o
    0x00023e84   0x00000070   Code   RO         1497    i.spi_slave_buffers_set  spi_slave.o
    0x00023ef4   0x00000010   Code   RO         1922    i.srdata_check      ble_advdata.o
    0x00023f04   0x0000000c   Code   RO          438    i.start_timer1      pwm.o
    0x00023f10   0x00000014   Code   RO          439    i.start_timer2      pwm.o
    0x00023f24   0x000000b4   Code   RO         1502    i.state_entry_action_execute  spi_slave.o
    0x00023fd8   0x00000074   Code   RO          440    i.stop_pwm          pwm.o
    0x0002404c   0x00000008   Code   RO         2139    i.storage_operation_dummy_handler  device_manager_peripheral.o
    0x00024054   0x0000024c   Code   RO         2517    i.swap_state_process  pstorage.o
    0x000242a0   0x00000018   Code   RO          145    i.sys_evt_dispatch  main.o
    0x000242b8   0x0000000a   Code   RO         2905    i.ticks_diff_get    app_timer.o
    0x000242c2   0x00000002   PAD
    0x000242c4   0x00000040   Code   RO         2906    i.timeout_handler_exec  app_timer.o
    0x00024304   0x00000070   Code   RO          441    i.timer1_init       pwm.o
    0x00024374   0x00000058   Code   RO          442    i.timer2_init       pwm.o
    0x000243cc   0x0000004c   Code   RO         1119    i.timer_abort       timer_control.o
    0x00024418   0x0000010c   Code   RO         1120    i.timer_event_handler  timer_control.o
    0x00024524   0x00000050   Code   RO         1122    i.timer_get_timestamp  timer_control.o
    0x00024574   0x00000044   Code   RO         1123    i.timer_init        timer_control.o
    0x000245b8   0x00000058   Code   RO         2907    i.timer_list_handler  app_timer.o
    0x00024610   0x0000000a   Code   RO         2908    i.timer_list_handler_sched  app_timer.o
    0x0002461a   0x00000002   PAD
    0x0002461c   0x000000dc   Code   RO         2909    i.timer_list_insert  app_timer.o
    0x000246f8   0x000000cc   Code   RO         2910    i.timer_list_remove  app_timer.o
    0x000247c4   0x0000007c   Code   RO         1124    i.timer_order_cb    timer_control.o
    0x00024840   0x000000c4   Code   RO         1125    i.timer_order_cb_ppi  timer_control.o
    0x00024904   0x0000008c   Code   RO         1126    i.timer_order_cb_sync_exec  timer_control.o
    0x00024990   0x0000009c   Code   RO         1127    i.timer_order_ppi   timer_control.o
    0x00024a2c   0x0000000c   Code   RO         1128    i.timer_reference_point_set  timer_control.o
    0x00024a38   0x00000054   Code   RO         2911    i.timer_start_op_schedule  app_timer.o
    0x00024a8c   0x00000040   Code   RO         2913    i.timer_stop_op_schedule  app_timer.o
    0x00024acc   0x0000009c   Code   RO         2914    i.timer_timeouts_check  app_timer.o
    0x00024b68   0x0000000a   Code   RO         2915    i.timer_timeouts_check_sched  app_timer.o
    0x00024b72   0x00000002   PAD
    0x00024b74   0x00000060   Code   RO          146    i.timers_init       main.o
    0x00024bd4   0x00000038   Code   RO         1224    i.timeslot_extend   timeslot_handler.o
    0x00024c0c   0x00000018   Code   RO         1225    i.timeslot_get_end_time  timeslot_handler.o
    0x00024c24   0x00000034   Code   RO         1226    i.timeslot_get_remaining_time  timeslot_handler.o
    0x00024c58   0x00000080   Code   RO         1227    i.timeslot_handler_init  timeslot_handler.o
    0x00024cd8   0x00000044   Code   RO         1228    i.timeslot_order_earliest  timeslot_handler.o
    0x00024d1c   0x0000002c   Code   RO         1230    i.timeslot_queue_async_event  timeslot_handler.o
    0x00024d48   0x00000078   Code   RO         1357    i.transport_control_step  transport_control.o
    0x00024dc0   0x0000002c   Code   RO         1358    i.transport_control_timeslot_begin  transport_control.o
    0x00024dec   0x0000001c   Code   RO         1406    i.trickle_init      trickle.o
    0x00024e08   0x00000098   Code   RO         1407    i.trickle_interval_begin  trickle.o
    0x00024ea0   0x00000014   Code   RO         1408    i.trickle_next_processing_get  trickle.o
    0x00024eb4   0x0000000a   Code   RO         1409    i.trickle_register_tx  trickle.o
    0x00024ebe   0x00000008   Code   RO         1410    i.trickle_rx_consistent  trickle.o
    0x00024ec6   0x00000002   PAD
    0x00024ec8   0x0000001c   Code   RO         1411    i.trickle_rx_inconsistent  trickle.o
    0x00024ee4   0x000000b8   Code   RO         1412    i.trickle_setup     trickle.o
    0x00024f9c   0x00000080   Code   RO         1413    i.trickle_step      trickle.o
    0x0002501c   0x0000012c   Code   RO         1359    i.trickle_step_callback  transport_control.o
    0x00025148   0x0000000c   Code   RO         1415    i.trickle_time_update  trickle.o
    0x00025154   0x00000020   Code   RO         1416    i.trickle_timer_reset  trickle.o
    0x00025174   0x00000030   Code   RO         1923    i.tx_power_level_encode  ble_advdata.o
    0x000251a4   0x0000000c   Code   RO         1579    i.uint16_decode     ble_dfu.o
    0x000251b0   0x00000012   Code   RO         1924    i.uint16_encode     ble_advdata.o
    0x000251c2   0x00000052   Code   RO         1925    i.uint8_array_encode  ble_advdata.o
    0x00025214   0x00000014   Code   RO         2140    i.update_status_bit_reset  device_manager_peripheral.o
    0x00025228   0x0000009c   Code   RO         2011    i.update_timeout_handler  ble_conn_params.o
    0x000252c4   0x00000022   Code   RO         2916    i.user_id_get       app_timer.o
    0x000252e6   0x0000002c   Code   RO         2917    i.user_op_alloc     app_timer.o
    0x00025312   0x00000004   Code   RO         2918    i.user_op_enque     app_timer.o
    0x00025316   0x00000040   Code   RO         1926    i.uuid_list_encode  ble_advdata.o
    0x00025356   0x000000c4   Code   RO         1927    i.uuid_list_sized_encode  ble_advdata.o
    0x0002541a   0x00000002   PAD
    0x0002541c   0x00000014   Data   RO            9    .constdata          dispose_pkt.o
    0x00025430   0x0000000c   Data   RO          148    .constdata          main.o
    0x0002543c   0x00000010   Data   RO          612    .constdata          mesh_srv.o
    0x0002544c   0x0000000c   Data   RO          734    .constdata          radio_control.o
    0x00025458   0x00000010   Data   RO         1581    .constdata          ble_dfu.o
    0x00025468   0x00000030   Data   RO         1788    .constdata          bsp.o
    0x00025498   0x00000034   Data   RO         2142    .constdata          device_manager_peripheral.o
    0x000254cc   0x00000020   Data   RO         3533    Region$$Table       anon$$obj.o


    Execution Region RW_IRAM1 (Base: 0x20002400, Size: 0x000022d0, Max: 0x00005c00, ABSOLUTE, COMPRESSED[0x00000048])

    Base Addr    Size         Type   Attr      Idx    E Section Name        Object

    0x20002400   0x00000010   Data   RW           10    .data               dispose_pkt.o
    0x20002410   0x00000018   Data   RW          149    .data               main.o
    0x20002428   0x0000000c   Data   RW          443    .data               pwm.o
    0x20002434   0x00000004   Data   RW          613    .data               mesh_srv.o
    0x20002438   0x00000010   Data   RW          735    .data               radio_control.o
    0x20002448   0x00000010   Data   RW          861    .data               rbc_mesh.o
    0x20002458   0x00000003   Data   RW          948    .data               serial_handler.o
    0x2000245b   0x00000001   PAD
    0x2000245c   0x0000000c   Data   RW         1131    .data               timer_control.o
    0x20002468   0x00000055   Data   RW         1232    .data               timeslot_handler.o
    0x200024bd   0x00000003   PAD
    0x200024c0   0x00000005   Data   RW         1361    .data               transport_control.o
    0x200024c5   0x00000003   PAD
    0x200024c8   0x00000011   Data   RW         1419    .data               trickle.o
    0x200024d9   0x00000003   PAD
    0x200024dc   0x00000020   Data   RW         1503    .data               spi_slave.o
    0x200024fc   0x00000008   Data   RW         1582    .data               ble_dfu.o
    0x20002504   0x00000009   Data   RW         1703    .data               dfu_app_handler.o
    0x2000250d   0x00000003   PAD
    0x20002510   0x0000001c   Data   RW         1789    .data               bsp.o
    0x2000252c   0x00000004   Data   RW         1870    .data               system_nrf51.o
    0x20002530   0x00000019   Data   RW         2013    .data               ble_conn_params.o
    0x20002549   0x00000003   PAD
    0x2000254c   0x00000014   Data   RW         2143    .data               device_manager_peripheral.o
    0x20002560   0x0000000d   Data   RW         2374    .data               app_uart_fifo.o
    0x2000256d   0x00000003   PAD
    0x20002570   0x0000000c   Data   RW         2519    .data               pstorage.o
    0x2000257c   0x0000000c   Data   RW         2765    .data               app_gpiote.o
    0x20002588   0x0000002a   Data   RW         2919    .data               app_timer.o
    0x200025b2   0x00000002   PAD
    0x200025b4   0x00000018   Data   RW         3181    .data               softdevice_handler.o
    0x200025cc   0x0000044c   Zero   RW            8    .bss                dispose_pkt.o
    0x20002a18   0x000003a0   Zero   RW          147    .bss                main.o
    0x20002db8   0x00000014   Zero   RW          611    .bss                mesh_srv.o
    0x20002dcc   0x000002a0   Zero   RW          733    .bss                radio_control.o
    0x2000306c   0x0000018a   Zero   RW          947    .bss                serial_handler.o
    0x200031f6   0x00000002   PAD
    0x200031f8   0x00000010   Zero   RW         1130    .bss                timer_control.o
    0x20003208   0x000001b0   Zero   RW         1231    .bss                timeslot_handler.o
    0x200033b8   0x00000025   Zero   RW         1360    .bss                transport_control.o
    0x200033dd   0x00000040   Zero   RW         1418    .bss                trickle.o
    0x2000341d   0x00000001   PAD
    0x2000341e   0x0000002c   Zero   RW         1702    .bss                dfu_app_handler.o
    0x2000344a   0x00000002   PAD
    0x2000344c   0x0000001c   Zero   RW         2012    .bss                ble_conn_params.o
    0x20003468   0x0000010c   Zero   RW         2141    .bss                device_manager_peripheral.o
    0x20003574   0x00000020   Zero   RW         2373    .bss                app_uart_fifo.o
    0x20003594   0x000000dc   Zero   RW         2518    .bss                pstorage.o
    0x20003670   0x00000060   Zero   RW         3407    .bss                c_p.l(libspace.o)
    0x200036d0   0x00000800   Zero   RW         1907    HEAP                arm_startup_nrf51.o
    0x20003ed0   0x00000800   Zero   RW         1906    STACK               arm_startup_nrf51.o


==============================================================================

Image component sizes


      Code (inc. data)   RO Data    RW Data    ZI Data      Debug   Object Name

        56          8          0          0          0       7076   app_error.o
        74          0          0          0          0       1510   app_fifo.o
       312         22          0         12          0       3968   app_gpiote.o
         0          0          0          0          0       1356   app_scheduler.o
      2910        320          0         42          0      28855   app_timer.o
       606        108          0         13         32       8480   app_uart_fifo.o
        84         36        192          0       4096        624   arm_startup_nrf51.o
      1536          4          0          0          0      13458   ble_advdata.o
       782        130          0         25         28       8779   ble_conn_params.o
      1570         56         16          8          0      17320   ble_dfu.o
        80         18          0          0          0        916   bootloader_util_arm.o
      1600         92         48         28          0       6842   bsp.o
      3866        304         52         20        268      25469   device_manager_peripheral.o
       470         54          0          9         44      22173   dfu_app_handler.o
       994         74         20         16       1100      54620   dispose_pkt.o
      2422        148         12         24        928      68818   main.o
         0          0          0          0          0       2136   mesh_aci.o
      2244        118         16          4         20      17081   mesh_srv.o
      3358        196          0         12        220      15874   pstorage.o
       990        154          0         12          0       8718   pwm.o
      1690        240         12         16        672      21653   radio_control.o
       286         40          0         16          0       3805   rbc_mesh.o
       316         62          0          3        394       9464   serial_handler.o
       254          0          0          0          0       2894   serial_queue.o
       414         58          0         24          0       5764   softdevice_handler.o
       456         76          0         32          0       5507   spi_slave.o
       220         26          0          4          0       1619   system_nrf51.o
      1228        228          0         12         16      12982   timer_control.o
      1512        258          0         85        432      17325   timeslot_handler.o
       736         54          0          5         37       6448   transport_control.o
       602         74          0         17         64       6164   trickle.o

    ----------------------------------------------------------------------
     31722       2958        400        460       8356     407698   Object Totals
         0          0         32          0          0          0   (incl. Generated)
        54          0          0         21          5          0   (incl. Padding)

    ----------------------------------------------------------------------

      Code (inc. data)   RO Data    RW Data    ZI Data      Debug   Library Member Name

        86          0          0          0          0          0   __dczerorl2.o
         8          0          0          0          0         68   __main.o
         0          0          0          0          0          0   __rtentry.o
        12          0          0          0          0          0   __rtentry2.o
         6          0          0          0          0          0   __rtentry4.o
        60          8          0          0          0          0   __scatter.o
        28          0          0          0          0          0   __scatter_zi.o
       346          0          0          0          0         92   aeabi_sdiv.o
        12          0          0          0          0         68   defsig_exit.o
        52          0          0          0          0         72   defsig_general.o
        80         58          0          0          0         68   defsig_rtmem_inner.o
        12          0          0          0          0         68   defsig_rtmem_outer.o
        12          0          0          0          0         64   exit.o
        98          0          0          0          0         72   h1_alloc.o
        52          0          0          0          0         68   h1_extend.o
        76          0          0          0          0         72   h1_free.o
        14          0          0          0          0         76   h1_init.o
         6          0          0          0          0        136   heapauxi.o
         4          0          0          0          0        120   hguard.o
         0          0          0          0          0          0   indicate_semi.o
       136          0          0          0          0        160   init_alloc.o
         2          0          0          0          0          0   libinit.o
        10          0          0          0          0          0   libinit2.o
         2          0          0          0          0          0   libshutdown.o
         2          0          0          0          0          0   libshutdown2.o
         8          4          0          0         96         68   libspace.o
       258          0          0          0          0         88   lludiv.o
         0          0          0          0          0          0   maybetermalloc1.o
        90          0          0          0          0         68   memcmp.o
         8          4          0          0          0         68   rt_heap_descriptor_intlibspace.o
        64          0          0          0          0        108   rt_memclr.o
       186          0          0          0          0        144   rt_memcpy.o
         2          0          0          0          0          0   rtexit.o
        10          0          0          0          0          0   rtexit2.o
        68          6          0          0          0         72   strlen.o
        12          4          0          0          0         60   sys_exit.o
        62          0          0          0          0         80   sys_stackheap_outer.o
        12          0          0          0          0         68   sys_wrch.o
         2          0          0          0          0         68   use_no_semi.o

    ----------------------------------------------------------------------
      1906         84          0          0         96       2096   Library Totals
         8          0          0          0          0          0   (incl. Padding)

    ----------------------------------------------------------------------

      Code (inc. data)   RO Data    RW Data    ZI Data      Debug   Library Name

      1898         84          0          0         96       2096   c_p.l

    ----------------------------------------------------------------------
      1906         84          0          0         96       2096   Library Totals

    ----------------------------------------------------------------------

==============================================================================


      Code (inc. data)   RO Data    RW Data    ZI Data      Debug   

     33628       3042        400        460       8452     396378   Grand Totals
     33628       3042        400         72       8452     396378   ELF Image Totals (compressed)
     33628       3042        400         72          0          0   ROM Totals

==============================================================================

    Total RO  Size (Code + RO Data)                34028 (  33.23kB)
    Total RW  Size (RW Data + ZI Data)              8912 (   8.70kB)
    Total ROM Size (Code + RO Data + RW Data)      34100 (  33.30kB)

==============================================================================

