Component: ARM Compiler 5.05 update 2 (build 169) Tool: armlink [4d0f33]

==============================================================================

Section Cross References

    dispose_pkt.o(i.auto_chg_mode_handler) refers to dispose_pkt.o(i.__ARM_common_switch8) for __ARM_common_switch8
    dispose_pkt.o(i.auto_chg_mode_handler) refers to pwm.o(i.pwm_evt_handler) for pwm_evt_handler
    dispose_pkt.o(i.auto_chg_mode_handler) refers to app_timer.o(i.app_timer_start) for app_timer_start
    dispose_pkt.o(i.auto_chg_mode_handler) refers to f2d.o(.text) for __aeabi_f2d
    dispose_pkt.o(i.auto_chg_mode_handler) refers to drlef.o(x$fpl$drleqf) for __aeabi_cdrcmple
    dispose_pkt.o(i.auto_chg_mode_handler) refers to daddsub.o(.text) for __aeabi_dadd
    dispose_pkt.o(i.auto_chg_mode_handler) refers to d2f.o(.text) for __aeabi_d2f
    dispose_pkt.o(i.auto_chg_mode_handler) refers to changecolor.o(i.calculateColor) for calculateColor
    dispose_pkt.o(i.auto_chg_mode_handler) refers to dispose_pkt.o(.data) for chg_mode
    dispose_pkt.o(i.dispose_pkt_init) refers to rt_memclr.o(.text) for __aeabi_memclr4
    dispose_pkt.o(i.dispose_pkt_init) refers to flash_opt.o(i.usr_falsh_init) for usr_falsh_init
    dispose_pkt.o(i.dispose_pkt_init) refers to dispose_pkt.o(i.sl_app_timer_init) for sl_app_timer_init
    dispose_pkt.o(i.dispose_pkt_init) refers to dispose_pkt.o(i.bdaddr_2_str) for bdaddr_2_str
    dispose_pkt.o(i.dispose_pkt_init) refers to flash_opt.o(i.load_device_name) for load_device_name
    dispose_pkt.o(i.dispose_pkt_init) refers to rt_memcpy.o(.text) for __aeabi_memcpy
    dispose_pkt.o(i.dispose_pkt_init) refers to strlen.o(.text) for strlen
    dispose_pkt.o(i.dispose_pkt_init) refers to dispose_pkt.o(.data) for local_addr
    dispose_pkt.o(i.dispose_pkt_init) refers to dispose_pkt.o(.bss) for local_dev_name
    dispose_pkt.o(i.dispose_recv_pkt) refers to rt_memcpy.o(.text) for __aeabi_memcpy
    dispose_pkt.o(i.dispose_recv_pkt) refers to memcmp.o(.text) for memcmp
    dispose_pkt.o(i.dispose_recv_pkt) refers to dispose_pkt.o(i.__ARM_common_switch8) for __ARM_common_switch8
    dispose_pkt.o(i.dispose_recv_pkt) refers to app_timer.o(i.app_timer_stop) for app_timer_stop
    dispose_pkt.o(i.dispose_recv_pkt) refers to pwm.o(i.pwm_evt_handler) for pwm_evt_handler
    dispose_pkt.o(i.dispose_recv_pkt) refers to strlen.o(.text) for strlen
    dispose_pkt.o(i.dispose_recv_pkt) refers to flash_opt.o(i.usr_clear_flash) for usr_clear_flash
    dispose_pkt.o(i.dispose_recv_pkt) refers to rt_memclr.o(.text) for __aeabi_memclr
    dispose_pkt.o(i.dispose_recv_pkt) refers to flash_opt.o(i.store_device_name) for store_device_name
    dispose_pkt.o(i.dispose_recv_pkt) refers to dispose_pkt.o(i.generate_pkt_2_mesh) for generate_pkt_2_mesh
    dispose_pkt.o(i.dispose_recv_pkt) refers to rbc_mesh.o(i.rbc_mesh_value_set) for rbc_mesh_value_set
    dispose_pkt.o(i.dispose_recv_pkt) refers to app_timer.o(i.app_timer_start) for app_timer_start
    dispose_pkt.o(i.dispose_recv_pkt) refers to dispose_pkt.o(.bss) for recv_pkt_addr_hdr
    dispose_pkt.o(i.dispose_recv_pkt) refers to dispose_pkt.o(.data) for broadcast_addr
    dispose_pkt.o(i.dispose_recv_pkt) refers to pwm.o(.data) for r_value
    dispose_pkt.o(i.generate_pkt_2_mesh) refers to rt_memcpy.o(.text) for __aeabi_memcpy
    dispose_pkt.o(i.generate_pkt_2_mesh) refers to dispose_pkt.o(.bss) for recv_pkt_addr_hdr
    dispose_pkt.o(i.generate_pkt_2_mesh) refers to dispose_pkt.o(.data) for local_addr
    dispose_pkt.o(i.recv_pkt_from_mesh) refers to rt_memcpy.o(.text) for __aeabi_memcpy
    dispose_pkt.o(i.recv_pkt_from_mesh) refers to memcmp.o(.text) for memcmp
    dispose_pkt.o(i.recv_pkt_from_mesh) refers to rt_memclr.o(.text) for __aeabi_memclr
    dispose_pkt.o(i.recv_pkt_from_mesh) refers to dispose_pkt.o(.data) for version
    dispose_pkt.o(i.recv_pkt_from_mesh) refers to dispose_pkt.o(.bss) for recv_pkt_addr_hdr
    dispose_pkt.o(i.sl_app_timer_init) refers to app_timer.o(i.app_timer_create) for app_timer_create
    dispose_pkt.o(i.sl_app_timer_init) refers to dispose_pkt.o(i.auto_chg_mode_handler) for auto_chg_mode_handler
    dispose_pkt.o(i.sl_app_timer_init) refers to dispose_pkt.o(.data) for m_auto_chg_timer_id
    main.o(i.adc_start) refers to app_error.o(i.app_error_handler) for app_error_handler
    main.o(i.advertising_init) refers to rt_memclr.o(.text) for __aeabi_memclr4
    main.o(i.advertising_init) refers to ble_advdata.o(i.ble_advdata_set) for ble_advdata_set
    main.o(i.advertising_init) refers to app_error.o(i.app_error_handler) for app_error_handler
    main.o(i.advertising_init) refers to main.o(.data) for m_beacon_info
    main.o(i.advertising_start) refers to pstorage.o(i.pstorage_access_status_get) for pstorage_access_status_get
    main.o(i.advertising_start) refers to app_error.o(i.app_error_handler) for app_error_handler
    main.o(i.advertising_start) refers to rt_memclr.o(.text) for __aeabi_memclr4
[...]
    APP_TIMER_BUF                            0x200026e0   Data         800  main.o(.bss)
    BLE_EVT_BUFFER                           0x20002a00   Data          80  main.o(.bss)
    .bss                                     0x20002a50   Section       20  mesh_srv.o(.bss)
    g_mesh_service                           0x20002a50   Data          20  mesh_srv.o(.bss)
    .bss                                     0x20002a64   Section      672  radio_control.o(.bss)
    rx_data_buf                              0x20002a64   Data         512  radio_control.o(.bss)
    radio_fifo_queue                         0x20002c64   Data         160  radio_control.o(.bss)
    .bss                                     0x20002d04   Section      394  serial_handler.o(.bss)
    rx_q                                     0x20002d04   Data         158  serial_handler.o(.bss)
    tx_q                                     0x20002da2   Data         158  serial_handler.o(.bss)
    rx_buffer                                0x20002e40   Data          39  serial_handler.o(.bss)
    tx_buffer                                0x20002e67   Data          39  serial_handler.o(.bss)
    .bss                                     0x20002e90   Section       16  timer_control.o(.bss)
    callbacks                                0x20002e90   Data          16  timer_control.o(.bss)
    .bss                                     0x20002ea0   Section      432  timeslot_handler.o(.bss)
    async_event_fifo_queue                   0x20002ea0   Data         384  timeslot_handler.o(.bss)
    evt                                      0x20003020   Data          48  timeslot_handler.o(.bss)
    .bss                                     0x20003050   Section       37  transport_control.o(.bss)
    tx_data                                  0x20003050   Data          37  transport_control.o(.bss)
    .bss                                     0x20003075   Section       64  trickle.o(.bss)
    rng_vals                                 0x20003075   Data          64  trickle.o(.bss)
    .bss                                     0x200030b6   Section       44  dfu_app_handler.o(.bss)
    m_peer_data                              0x200030b6   Data          44  dfu_app_handler.o(.bss)
    .bss                                     0x200030e4   Section       28  ble_conn_params.o(.bss)
    m_conn_params_config                     0x200030e4   Data          28  ble_conn_params.o(.bss)
    .bss                                     0x20003100   Section      268  device_manager_peripheral.o(.bss)
    m_peer_table                             0x20003100   Data         196  device_manager_peripheral.o(.bss)
    m_bond_table                             0x200031c4   Data          24  device_manager_peripheral.o(.bss)
    m_gatts_table                            0x200031dc   Data          24  device_manager_peripheral.o(.bss)
    m_connection_table                       0x200031f4   Data          12  device_manager_peripheral.o(.bss)
    m_application_table                      0x20003200   Data          12  device_manager_peripheral.o(.bss)
    .bss                                     0x2000320c   Section       32  app_uart_fifo.o(.bss)
    m_rx_fifo                                0x2000320c   Data          16  app_uart_fifo.o(.bss)
    m_tx_fifo                                0x2000321c   Data          16  app_uart_fifo.o(.bss)
    .bss                                     0x2000322c   Section      236  pstorage.o(.bss)
    m_cmd_queue                              0x2000322c   Data         204  pstorage.o(.bss)
    m_app_table                              0x200032f8   Data          32  pstorage.o(.bss)
    .bss                                     0x20003318   Section       96  libspace.o(.bss)
    HEAP                                     0x20003378   Section     2048  arm_startup_nrf51.o(HEAP)
    Heap_Mem                                 0x20003378   Data        2048  arm_startup_nrf51.o(HEAP)
    STACK                                    0x20003b78   Section     2048  arm_startup_nrf51.o(STACK)
    Stack_Mem                                0x20003b78   Data        2048  arm_startup_nrf51.o(STACK)
    __initial_sp                             0x20004378   Data           0  arm_startup_nrf51.o(STACK)

    Global Symbols

    Symbol Name                              Value     Ov Type        Size  Object(Section)

    BuildAttributes$$THM_ISAv3M$S$PE$A:L22$X:L11$S22$IEEE1$IW$USESV6$~STKCKD$USESV7$~SHL$OTIME$ROPI$IEEEJ$EBA8$UX$STANDARDLIB$REQ8$PRES8$EABIv2 0x00000000   Number         0  anon$$obj.o ABSOLUTE
    __ARM_use_no_argv                        0x00000000   Number         0  main.o ABSOLUTE
    __ARM_exceptions_init                     - Undefined Weak Reference
    __alloca_initialize                       - Undefined Weak Reference
    __arm_preinit_                            - Undefined Weak Reference
    __cpp_initialize__aeabi_                  - Undefined Weak Reference
    __cxa_finalize                            - Undefined Weak Reference
    __rt_locale                               - Undefined Weak Reference
    __sigvec_lookup                           - Undefined Weak Reference
    __user_heap_extent                        - Undefined Weak Reference
    _atexit_init                              - Undefined Weak Reference
    _call_atexit_fns                          - Undefined Weak Reference
    _clock_init                               - Undefined Weak Reference
    _fp_trap_init                             - Undefined Weak Reference
    _fp_trap_shutdown                         - Undefined Weak Reference
    _get_lc_collate                           - Undefined Weak Reference
    _get_lc_ctype                             - Undefined Weak Reference
    _get_lc_monetary                          - Undefined Weak Reference
    _get_lc_numeric                           - Undefined Weak Reference
    _get_lc_time                              - Undefined Weak Reference
    _getenv_init                              - Undefined Weak Reference
    _handle_redirection                       - Undefined Weak Reference
    _initio                                   - Undefined Weak Reference
    _mutex_acquire                            - Undefined Weak Reference
    _mutex_free                               - Undefined Weak Reference
    _mutex_release                            - Undefined Weak Reference
    _rand_init                                - Undefined Weak Reference
    _signal_finish                            - Undefined Weak Reference
    _signal_init                              - Undefined Weak Reference
    _terminateio                              - Undefined Weak Reference
    __Vectors_Size                           0x000000c0   Number         0  arm_startup_nrf51.o ABSOLUTE
    __Vectors                                0x00016000   Data           4  arm_startup_nrf51.o(RESET)
    __Vectors_End                            0x000160c0   Data           0  arm_startup_nrf51.o(RESET)
    __main                                   0x000160c1   Thumb Code     8  __main.o(!!!main)
    __scatterload                            0x000160c9   Thumb Code     0  __scatter.o(!!!scatter)
    __scatterload_rt2                        0x000160c9   Thumb Code    52  __scatter.o(!!!scatter)
    __scatterload_rt2_thumb_only             0x000160c9   Thumb Code     0  __scatter.o(!!!scatter)
    __scatterload_null                       0x000160d9   Thumb Code     0  __scatter.o(!!!scatter)
    __scatterload_zeroinit                   0x00016105   Thumb Code    28  __scatter_zi.o(!!handler_zi)
    __rt_lib_init                            0x00016121   Thumb Code     0  libinit.o(.ARM.Collect$$libinit$$00000000)
    __rt_lib_init_fp_1                       0x00016123   Thumb Code     0  libinit2.o(.ARM.Collect$$libinit$$00000002)
    __rt_lib_init_heap_2                     0x00016123   Thumb Code     0  libinit2.o(.ARM.Collect$$libinit$$00000005)
    __rt_lib_init_preinit_1                  0x00016123   Thumb Code     0  libinit2.o(.ARM.Collect$$libinit$$00000004)
    __rt_lib_init_alloca_1                   0x0001612b   Thumb Code     0  libinit2.o(.ARM.Collect$$libinit$$0000002E)
    __rt_lib_init_argv_1                     0x0001612b   Thumb Code     0  libinit2.o(.ARM.Collect$$libinit$$0000002C)
    __rt_lib_init_atexit_1                   0x0001612b   Thumb Code     0  libinit2.o(.ARM.Collect$$libinit$$0000001B)
    __rt_lib_init_clock_1                    0x0001612b   Thumb Code     0  libinit2.o(.ARM.Collect$$libinit$$00000021)
    __rt_lib_init_cpp_1                      0x0001612b   Thumb Code     0  libinit2.o(.ARM.Collect$$libinit$$00000032)
    __rt_lib_init_exceptions_1               0x0001612b   Thumb Code     0  libinit2.o(.ARM.Collect$$libinit$$00000030)
    __rt_lib_init_fp_trap_1                  0x0001612b   Thumb Code     0  libinit2.o(.ARM.Collect$$libinit$$0000001F)
    __rt_lib_init_getenv_1                   0x0001612b   Thumb Code     0  libinit2.o(.ARM.Collect$$libinit$$00000023)
    __rt_lib_init_heap_1                     0x0001612b   Thumb Code     0  libinit2.o(.ARM.Collect$$libinit$$0000000A)
    __rt_lib_init_lc_collate_1               0x0001612b   Thumb Code     0  libinit2.o(.ARM.Collect$$libinit$$00000011)
    __rt_lib_init_lc_ctype_1                 0x0001612b   Thumb Code     0  libinit2.o(.ARM.Collect$$libinit$$00000013)
    __rt_lib_init_lc_monetary_1              0x0001612b   Thumb Code     0  libinit2.o(.ARM.Collect$$libinit$$00000015)
    __rt_lib_init_lc_numeric_1               0x0001612b   Thumb Code     0  libinit2.o(.ARM.Collect$$libinit$$00000017)
    __rt_lib_init_lc_time_1                  0x0001612b   Thumb Code     0  libinit2.o(.ARM.Collect$$libinit$$00000019)
    __rt_lib_init_rand_1                     0x0001612b   Thumb Code     0  libinit2.o(.ARM.Collect$$libinit$$0000000E)
    __rt_lib_init_return                     0x0001612b   Thumb Code     0  libinit2.o(.ARM.Collect$$libinit$$00000033)
    __rt_lib_init_signal_1                   0x0001612b   Thumb Code     0  libinit2.o(.ARM.Collect$$libinit$$0000001D)
    __rt_lib_init_stdio_1                    0x0001612b   Thumb Code     0  libinit2.o(.ARM.Collect$$libinit$$00000025)
    __rt_lib_init_user_alloc_1               0x0001612b   Thumb Code     0  libinit2.o(.ARM.Collect$$libinit$$0000000C)
    __rt_lib_shutdown                        0x0001612d   Thumb Code     0  libshutdown.o(.ARM.Collect$$libshutdown$$00000000)
    __rt_lib_shutdown_fp_trap_1              0x0001612f   Thumb Code     0  libshutdown2.o(.ARM.Collect$$libshutdown$$00000006)
    __rt_lib_shutdown_heap_1                 0x0001612f   Thumb Code     0  libshutdown2.o(.ARM.Collect$$libshutdown$$0000000E)
    __rt_lib_shutdown_return                 0x0001612f   Thumb Code     0  libshutdown2.o(.ARM.Collect$$libshutdown$$0000000F)
    __rt_lib_shutdown_signal_1               0x0001612f   Thumb Code     0  libshutdown2.o(.ARM.Collect$$libshutdown$$00000009)
    __rt_lib_shutdown_stdio_1                0x0001612f   Thumb Code     0  libshutdown2.o(.ARM.Collect$$libshutdown$$00000003)
    __rt_lib_shutdown_user_alloc_1           0x0001612f   Thumb Code     0  libshutdown2.o(.ARM.Collect$$libshutdown$$0000000B)
    __rt_entry                               0x00016131   Thumb Code     0  __rtentry.o(.ARM.Collect$$rtentry$$00000000)
    __rt_entry_presh_1                       0x00016131   Thumb Code     0  __rtentry2.o(.ARM.Collect$$rtentry$$00000002)
    __rt_entry_sh                            0x00016131   Thumb Code     0  __rtentry4.o(.ARM.Collect$$rtentry$$00000004)
    __rt_entry_li                            0x00016137   Thumb Code     0  __rtentry2.o(.ARM.Collect$$rtentry$$0000000A)
    __rt_entry_postsh_1                      0x00016137   Thumb Code     0  __rtentry2.o(.ARM.Collect$$rtentry$$00000009)
    __rt_entry_main                          0x0001613b   Thumb Code     0  __rtentry2.o(.ARM.Collect$$rtentry$$0000000D)
    __rt_entry_postli_1                      0x0001613b   Thumb Code     0  __rtentry2.o(.ARM.Collect$$rtentry$$0000000C)
    __rt_exit                                0x00016143   Thumb Code     0  rtexit.o(.ARM.Collect$$rtexit$$00000000)
    __rt_exit_ls                             0x00016145   Thumb Code     0  rtexit2.o(.ARM.Collect$$rtexit$$00000003)
    __rt_exit_prels_1                        0x00016145   Thumb Code     0  rtexit2.o(.ARM.Collect$$rtexit$$00000002)
    __rt_exit_exit                           0x00016149   Thumb Code     0  rtexit2.o(.ARM.Collect$$rtexit$$00000004)
    __asm___21_bootloader_util_arm_c_c13d365c__bootloader_util_reset 0x00016151   Thumb Code    52  bootloader_util_arm.o(.emb_text)
    __asm___11_app_timer_c_cd27f9c3__nrf_delay_us 0x00016195   Thumb Code    30  app_timer.o(.emb_text)
    __aeabi_memcpy4                          0x000161b5   Thumb Code    56  rt_memcpy.o(.emb_text)
    __aeabi_memcpy8                          0x000161b5   Thumb Code     0  rt_memcpy.o(.emb_text)
    Reset_Handler                            0x000161ed   Thumb Code    26  arm_startup_nrf51.o(.text)
    _maybe_terminate_alloc                   0x000161ed   Thumb Code     0  maybetermalloc1.o(.emb_text)
    NMI_Handler                              0x00016207   Thumb Code     2  arm_startup_nrf51.o(.text)
    HardFault_Handler                        0x00016209   Thumb Code     2  arm_startup_nrf51.o(.text)
    SVC_Handler                              0x0001620b   Thumb Code     2  arm_startup_nrf51.o(.text)
    PendSV_Handler                           0x0001620d   Thumb Code     2  arm_startup_nrf51.o(.text)
    SysTick_Handler                          0x0001620f   Thumb Code     2  arm_startup_nrf51.o(.text)
    CCM_AAR_IRQHandler                       0x00016211   Thumb Code     0  arm_startup_nrf51.o(.text)
    ECB_IRQHandler                           0x00016211   Thumb Code     0  arm_startup_nrf51.o(.text)
    LPCOMP_IRQHandler                        0x00016211   Thumb Code     0  arm_startup_nrf51.o(.text)
    POWER_CLOCK_IRQHandler                   0x00016211   Thumb Code     0  arm_startup_nrf51.o(.text)
    QDEC_IRQHandler                          0x00016211   Thumb Code     0  arm_startup_nrf51.o(.text)
    RADIO_IRQHandler                         0x00016211   Thumb Code     0  arm_startup_nrf51.o(.text)
    RNG_IRQHandler                           0x00016211   Thumb Code     0  arm_startup_nrf51.o(.text)
    RTC0_IRQHandler                          0x00016211   Thumb Code     0  arm_startup_nrf51.o(.text)
    SPI0_TWI0_IRQHandler                     0x00016211   Thumb Code     0  arm_startup_nrf51.o(.text)
    SWI1_IRQHandler                          0x00016211   Thumb Code     0  arm_startup_nrf51.o(.text)
    SWI3_IRQHandler                          0x00016211   Thumb Code     0  arm_startup_nrf51.o(.text)
    SWI4_IRQHandler                          0x00016211   Thumb Code     0  arm_startup_nrf51.o(.text)
    SWI5_IRQHandler                          0x00016211   Thumb Code     0  arm_startup_nrf51.o(.text)
    TEMP_IRQHandler                          0x00016211   Thumb Code     0  arm_startup_nrf51.o(.text)
    TIMER0_IRQHandler                        0x00016211   Thumb Code     0  arm_startup_nrf51.o(.text)
    TIMER1_IRQHandler                        0x00016211   Thumb Code     0  arm_startup_nrf51.o(.text)
    WDT_IRQHandler                           0x00016211   Thumb Code     0  arm_startup_nrf51.o(.text)
    __user_initial_stackheap                 0x00016215   Thumb Code     0  arm_startup_nrf51.o(.text)
    malloc                                   0x00016241   Thumb Code    98  h1_alloc.o(.text)
    __aeabi_uldivmod                         0x000162a3   Thumb Code   258  lludiv.o(.text)
    _ll_udiv                                 0x000162a3   Thumb Code     0  lludiv.o(.text)
    memcmp                                   0x000163a5   Thumb Code    90  memcmp.o(.text)
    strlen                                   0x00016401   Thumb Code    62  strlen.o(.text)
    __aeabi_memcpy                           0x00016445   Thumb Code   130  rt_memcpy.o(.text)
    __rt_memcpy                              0x00016445   Thumb Code     0  rt_memcpy.o(.text)
    _memset_w                                0x000164c7   Thumb Code    26  rt_memclr.o(.text)
    _memset                                  0x000164e1   Thumb Code    30  rt_memclr.o(.text)
    __aeabi_memclr                           0x000164ff   Thumb Code     4  rt_memclr.o(.text)
    __rt_memclr                              0x000164ff   Thumb Code     0  rt_memclr.o(.text)
    __aeabi_memclr4                          0x00016503   Thumb Code     0  rt_memclr.o(.text)
    __aeabi_memclr8                          0x00016503   Thumb Code     0  rt_memclr.o(.text)
    __rt_memclr_w                            0x00016503   Thumb Code     4  rt_memclr.o(.text)
    __aeabi_uidiv                            0x00016507   Thumb Code     0  aeabi_sdiv.o(.text)
    __aeabi_uidivmod                         0x00016507   Thumb Code    20  aeabi_sdiv.o(.text)
    __aeabi_idiv                             0x0001651b   Thumb Code     0  aeabi_sdiv.o(.text)
    __aeabi_idivmod                          0x0001651b   Thumb Code   326  aeabi_sdiv.o(.text)
    __use_two_region_memory                  0x00016661   Thumb Code     2  heapauxi.o(.text)
    __rt_heap_escrow                         0x00016663   Thumb Code     2  heapauxi.o(.text)
    __rt_heap_expand                         0x00016665   Thumb Code     2  heapauxi.o(.text)
    __aeabi_d2f                              0x00016669   Thumb Code     0  d2f.o(.text)
    _d2f                                     0x00016669   Thumb Code   120  d2f.o(.text)
    __aeabi_dadd                             0x000169dd   Thumb Code     0  daddsub.o(.text)
    _dadd                                    0x000169dd   Thumb Code    26  daddsub.o(.text)
    __aeabi_dsub                             0x000169f7   Thumb Code     0  daddsub.o(.text)
    _dsub                                    0x000169f7   Thumb Code    22  daddsub.o(.text)
    __aeabi_drsub                            0x00016a0d   Thumb Code     0  daddsub.o(.text)
    _drsb                                    0x00016a0d   Thumb Code    28  daddsub.o(.text)
    __aeabi_ddiv                             0x00016a3d   Thumb Code     0  ddiv.o(.text)
    _ddiv                                    0x00016a3d   Thumb Code  1072  ddiv.o(.text)
    _drdiv                                   0x00016e6d   Thumb Code    20  ddiv.o(.text)
    __aeabi_d2iz                             0x00016e85   Thumb Code     0  dfixi.o(.text)
    _dfix                                    0x00016e85   Thumb Code    98  dfixi.o(.text)
    __aeabi_i2d_normalise                    0x00016ef1   Thumb Code    66  dflti.o(.text)
    __aeabi_i2d                              0x00016f33   Thumb Code    16  dflti.o(.text)
    _dflt                                    0x00016f33   Thumb Code     0  dflti.o(.text)
    __aeabi_ui2d                             0x00016f43   Thumb Code     6  dflti.o(.text)
    _dfltu                                   0x00016f43   Thumb Code     0  dflti.o(.text)
    __aeabi_f2d                              0x00016f49   Thumb Code     0  f2d.o(.text)
    _f2d                                     0x00016f49   Thumb Code    80  f2d.o(.text)
    __aeabi_f2iz                             0x00016f9d   Thumb Code     0  ffixi.o(.text)
    _ffix                                    0x00016f9d   Thumb Code    76  ffixi.o(.text)
    __aeabi_i2f_normalise                    0x00016fe9   Thumb Code    72  fflti.o(.text)
    __aeabi_i2f                              0x00017031   Thumb Code    16  fflti.o(.text)
    _fflt                                    0x00017031   Thumb Code     0  fflti.o(.text)
    __aeabi_ui2f                             0x00017041   Thumb Code     6  fflti.o(.text)
    _ffltu                                   0x00017041   Thumb Code     0  fflti.o(.text)
    __rt_heap_descriptor                     0x00017049   Thumb Code     8  rt_heap_descriptor_intlibspace.o(.text)
    __use_no_heap                            0x00017051   Thumb Code     2  hguard.o(.text)
    __heap$guard                             0x00017053   Thumb Code     2  hguard.o(.text)
    _terminate_user_alloc                    0x00017055   Thumb Code     2  init_alloc.o(.text)
    _init_user_alloc                         0x00017057   Thumb Code     2  init_alloc.o(.text)
    __Heap_Full                              0x00017059   Thumb Code    32  init_alloc.o(.text)
    __Heap_Broken                            0x00017079   Thumb Code    10  init_alloc.o(.text)
    _init_alloc                              0x00017083   Thumb Code    90  init_alloc.o(.text)
    __Heap_Initialize                        0x000170dd   Thumb Code    10  h1_init.o(.text)
    __Heap_DescSize                          0x000170e7   Thumb Code     4  h1_init.o(.text)
    free                                     0x000170eb   Thumb Code    76  h1_free.o(.text)
    __fpl_dcmp_InfNaN                        0x00017139   Thumb Code   140  dcmpin.o(.text)
    _drnd                                    0x000171c9   Thumb Code   232  drnd.o(.text)
    __fpl_fcmp_InfNaN                        0x000172b9   Thumb Code    96  fcmpin.o(.text)
    __user_libspace                          0x0001731d   Thumb Code     8  libspace.o(.text)
    __user_perproc_libspace                  0x0001731d   Thumb Code     0  libspace.o(.text)
    __user_perthread_libspace                0x0001731d   Thumb Code     0  libspace.o(.text)
    __Heap_ProvideMemory                     0x00017325   Thumb Code    52  h1_extend.o(.text)
    __rt_SIGRTMEM                            0x00017359   Thumb Code    12  defsig_rtmem_outer.o(.text)
    __fpl_cmpreturn                          0x00017365   Thumb Code    44  cmpret.o(.text)
    __fpl_dcheck_NaN2                        0x00017395   Thumb Code    14  dnan2.o(.text)
    __fpl_fcheck_NaN2                        0x000173a9   Thumb Code    10  fnan2.o(.text)
    __I$use$semihosting                      0x000173b9   Thumb Code     0  use_no_semi.o(.text)
    __use_no_semihosting_swi                 0x000173b9   Thumb Code     2  use_no_semi.o(.text)
    __semihosting_library_function           0x000173bb   Thumb Code     0  indicate_semi.o(.text)
    __user_setup_stackheap                   0x000173bb   Thumb Code    62  sys_stackheap_outer.o(.text)
    exit                                     0x000173f9   Thumb Code    12  exit.o(.text)
    __sig_exit                               0x00017405   Thumb Code    12  defsig_exit.o(.text)
    __rt_SIGRTMEM_inner                      0x00017411   Thumb Code    22  defsig_rtmem_inner.o(.text)
    __fpl_return_NaN                         0x00017461   Thumb Code    94  retnan.o(.text)
    _sys_exit                                0x000174c1   Thumb Code     8  sys_exit.o(.text)
    __default_signal_display                 0x000174cd   Thumb Code    52  defsig_general.o(.text)
    _ttywrch                                 0x00017501   Thumb Code    12  sys_wrch.o(.text)
    __decompress                             0x0001750d   Thumb Code     0  __dczerorl2.o(.text)
    __decompress1                            0x0001750d   Thumb Code    86  __dczerorl2.o(.text)
    ADC_IRQHandler                           0x00017563   Thumb Code     2  main.o(i.ADC_IRQHandler)
    GPIOTE_IRQHandler                        0x00017565   Thumb Code   162  app_gpiote.o(i.GPIOTE_IRQHandler)
    RBC_GPIOTE_IRQHandler                    0x0001775d   Thumb Code    74  serial_handler.o(i.RBC_GPIOTE_IRQHandler)
    RTC1_IRQHandler                          0x000177b9   Thumb Code    34  app_timer.o(i.RTC1_IRQHandler)
    SPI1_TWI1_IRQHandler                     0x000177e1   Thumb Code   110  spi_slave.o(i.SPI1_TWI1_IRQHandler)
    SWI0_IRQHandler                          0x00017871   Thumb Code    12  app_timer.o(i.SWI0_IRQHandler)
    SWI2_IRQHandler                          0x0001787d   Thumb Code    50  softdevice_handler.o(i.SWI2_IRQHandler)
    SystemInit                               0x000178b5   Thumb Code    38  system_nrf51.o(i.SystemInit)
    TIMER2_IRQHandler                        0x000178ed   Thumb Code     2  pwm.o(i.TIMER2_IRQHandler)
    UART0_IRQHandler                         0x000178f1   Thumb Code   146  app_uart_fifo.o(i.UART0_IRQHandler)
    __ARM_common_switch8                     0x00017995   Thumb Code    28  dispose_pkt.o(i.__ARM_common_switch8)
    action_tx_stop                           0x00017a25   Thumb Code    28  app_uart_fifo.o(i.action_tx_stop)
    app_error_handler                        0x00017e99   Thumb Code    48  app_error.o(i.app_error_handler)
    app_fifo_get                             0x00017eed   Thumb Code    36  app_fifo.o(i.app_fifo_get)
    app_fifo_put                             0x00017f11   Thumb Code    38  app_fifo.o(i.app_fifo_put)
    app_timer_create                         0x00017fa5   Thumb Code   108  app_timer.o(i.app_timer_create)
    app_timer_init                           0x00018019   Thumb Code   204  app_timer.o(i.app_timer_init)
    app_timer_start                          0x00018109   Thumb Code    98  app_timer.o(i.app_timer_start)
    app_timer_stop                           0x00018175   Thumb Code    60  app_timer.o(i.app_timer_stop)
    ave                                      0x0001851d   Thumb Code    72  changecolor.o(i.ave)
    ble_advdata_set                          0x000185d5   Thumb Code   122  ble_advdata.o(i.ble_advdata_set)
    ble_conn_params_init                     0x00018651   Thumb Code    90  ble_conn_params.o(i.ble_conn_params_init)
    ble_conn_params_on_ble_evt               0x000186c9   Thumb Code    62  ble_conn_params.o(i.ble_conn_params_on_ble_evt)
    ble_conn_params_stop                     0x00018709   Thumb Code    12  ble_conn_params.o(i.ble_conn_params_stop)
    ble_dfu_init                             0x00018719   Thumb Code   162  ble_dfu.o(i.ble_dfu_init)
    ble_dfu_on_ble_evt                       0x000187c9   Thumb Code    90  ble_dfu.o(i.ble_dfu_on_ble_evt)
    ble_dfu_response_send                    0x00018825   Thumb Code   128  ble_dfu.o(i.ble_dfu_response_send)
    bond_data_load                           0x00018985   Thumb Code    62  device_manager_peripheral.o(i.bond_data_load)
    bootloader_util_app_start                0x00018a6d   Thumb Code    12  bootloader_util_arm.o(i.bootloader_util_app_start)
    bsp_button_is_pressed                    0x00018ac5   Thumb Code    46  bsp.o(i.bsp_button_is_pressed)
    bsp_buttons_enable                       0x00018afd   Thumb Code   166  bsp.o(i.bsp_buttons_enable)
    bsp_indication_set                       0x00018ba9   Thumb Code    30  bsp.o(i.bsp_indication_set)
    calculateColor                           0x0001908d   Thumb Code   286  changecolor.o(i.calculateColor)
    dfu_app_on_dfu_evt                       0x00019a51   Thumb Code    92  dfu_app_handler.o(i.dfu_app_on_dfu_evt)
    dfu_app_reset_prepare_set                0x00019ab1   Thumb Code     6  dfu_app_handler.o(i.dfu_app_reset_prepare_set)
    dfu_app_set_dm_handle                    0x00019abd   Thumb Code    32  dfu_app_handler.o(i.dfu_app_set_dm_handle)
    dispose_pkt_init                         0x00019de9   Thumb Code   136  dispose_pkt.o(i.dispose_pkt_init)
    dispose_recv_pkt                         0x00019e85   Thumb Code   802  dispose_pkt.o(i.dispose_recv_pkt)
    dm_ble_evt_handler                       0x0001a1f1   Thumb Code  1300  device_manager_peripheral.o(i.dm_ble_evt_handler)
    dm_distributed_keys_get                  0x0001a719   Thumb Code   140  device_manager_peripheral.o(i.dm_distributed_keys_get)
    dm_handle_initialize                     0x0001a7b9   Thumb Code    24  device_manager_peripheral.o(i.dm_handle_initialize)
    dm_init                                  0x0001a7d5   Thumb Code   222  device_manager_peripheral.o(i.dm_init)
    dm_register                              0x0001aab9   Thumb Code   102  device_manager_peripheral.o(i.dm_register)
    dm_whitelist_create                      0x0001ab2d   Thumb Code   198  device_manager_peripheral.o(i.dm_whitelist_create)
    generate_pkt_2_mesh                      0x0001b165   Thumb Code   176  dispose_pkt.o(i.generate_pkt_2_mesh)
    intern_softdevice_events_execute         0x0001b2e9   Thumb Code   168  softdevice_handler.o(i.intern_softdevice_events_execute)
    load_device_name                         0x0001b6e1   Thumb Code    82  flash_opt.o(i.load_device_name)
    main                                     0x0001b739   Thumb Code   120  main.o(i.main)
    mesh_srv_char_val_get                    0x0001b991   Thumb Code   106  mesh_srv.o(i.mesh_srv_char_val_get)
    mesh_srv_char_val_set                    0x0001ba05   Thumb Code   258  mesh_srv.o(i.mesh_srv_char_val_set)
    mesh_srv_conn_handle_update              0x0001bb1d   Thumb Code    10  mesh_srv.o(i.mesh_srv_conn_handle_update)
    mesh_srv_gatts_evt_write_handle          0x0001bb2d   Thumb Code   192  mesh_srv.o(i.mesh_srv_gatts_evt_write_handle)
    mesh_srv_get_next_processing_time        0x0001bbf5   Thumb Code   100  mesh_srv.o(i.mesh_srv_get_next_processing_time)
    mesh_srv_init                            0x0001bc61   Thumb Code   188  mesh_srv.o(i.mesh_srv_init)
    mesh_srv_packet_assemble                 0x0001bd2d   Thumb Code   188  mesh_srv.o(i.mesh_srv_packet_assemble)
    mesh_srv_packet_process                  0x0001bdf1   Thumb Code   442  mesh_srv.o(i.mesh_srv_packet_process)
    pstorage_access_status_get               0x0001c8d1   Thumb Code    36  pstorage.o(i.pstorage_access_status_get)
    pstorage_block_identifier_get            0x0001c8fd   Thumb Code   136  pstorage.o(i.pstorage_block_identifier_get)
    pstorage_clear                           0x0001c98d   Thumb Code   166  pstorage.o(i.pstorage_clear)
    pstorage_init                            0x0001ca3d   Thumb Code   196  pstorage.o(i.pstorage_init)
    pstorage_load                            0x0001cb21   Thumb Code   226  pstorage.o(i.pstorage_load)
    pstorage_register                        0x0001cc15   Thumb Code   362  pstorage.o(i.pstorage_register)
    pstorage_store                           0x0001cd95   Thumb Code   202  pstorage.o(i.pstorage_store)
    pstorage_sys_event_handler               0x0001ce69   Thumb Code   326  pstorage.o(i.pstorage_sys_event_handler)
    pstorage_update                          0x0001cfc1   Thumb Code   202  pstorage.o(i.pstorage_update)
    pwm_evt_handler                          0x0001d095   Thumb Code   222  pwm.o(i.pwm_evt_handler)
    pwm_init                                 0x0001d185   Thumb Code    26  pwm.o(i.pwm_init)
    radio_disable                            0x0001d1f1   Thumb Code    48  radio_control.o(i.radio_disable)
    radio_event_handler                      0x0001d235   Thumb Code    88  radio_control.o(i.radio_event_handler)
    radio_init                               0x0001d3e1   Thumb Code   130  radio_control.o(i.radio_init)
    radio_order                              0x0001d48d   Thumb Code   256  radio_control.o(i.radio_order)
    rbc_mesh_SWI0_IRQHandler                 0x0001da15   Thumb Code    50  timeslot_handler.o(i.rbc_mesh_SWI0_IRQHandler)
    rbc_mesh_access_address_get              0x0001da55   Thumb Code    24  rbc_mesh.o(i.rbc_mesh_access_address_get)
    rbc_mesh_ble_evt_handler                 0x0001da75   Thumb Code    72  rbc_mesh.o(i.rbc_mesh_ble_evt_handler)
    rbc_mesh_channel_get                     0x0001dac1   Thumb Code    24  rbc_mesh.o(i.rbc_mesh_channel_get)
    rbc_mesh_event_handler                   0x0001dae1   Thumb Code    98  main.o(i.rbc_mesh_event_handler)
    rbc_mesh_init                            0x0001db55   Thumb Code   104  rbc_mesh.o(i.rbc_mesh_init)
    rbc_mesh_sys_evt_handler                 0x0001dbd1   Thumb Code    52  timeslot_handler.o(i.rbc_mesh_sys_evt_handler)
    rbc_mesh_value_set                       0x0001dc0d   Thumb Code    22  rbc_mesh.o(i.rbc_mesh_value_set)
    restart_pwm                              0x0001dca9   Thumb Code    12  pwm.o(i.restart_pwm)
    round                                    0x0001dcbd   Thumb Code   142  round.o(i.round)
    serial_queue_dequeue                     0x0001df19   Thumb Code   132  serial_queue.o(i.serial_queue_dequeue)
    serial_queue_is_empty                    0x0001df9d   Thumb Code    58  serial_queue.o(i.serial_queue_is_empty)
    serial_queue_is_full                     0x0001dfd7   Thumb Code    64  serial_queue.o(i.serial_queue_is_full)
    softdevice_assertion_handler             0x0001e149   Thumb Code    18  softdevice_handler.o(i.softdevice_assertion_handler)
    softdevice_ble_evt_handler_set           0x0001e15d   Thumb Code    18  softdevice_handler.o(i.softdevice_ble_evt_handler_set)
    softdevice_handler_init                  0x0001e175   Thumb Code    84  softdevice_handler.o(i.softdevice_handler_init)
    softdevice_sys_evt_handler_set           0x0001e1dd   Thumb Code    18  softdevice_handler.o(i.softdevice_sys_evt_handler_set)
    spi_slave_buffers_set                    0x0001e1f5   Thumb Code    92  spi_slave.o(i.spi_slave_buffers_set)
    start_timer1                             0x0001e275   Thumb Code     8  pwm.o(i.start_timer1)
    start_timer2                             0x0001e281   Thumb Code    12  pwm.o(i.start_timer2)
    stop_pwm                                 0x0001e349   Thumb Code   116  pwm.o(i.stop_pwm)
    store_device_name                        0x0001e3dd   Thumb Code    90  flash_opt.o(i.store_device_name)
    timer_abort                              0x0001e7b5   Thumb Code    58  timer_control.o(i.timer_abort)
    timer_event_handler                      0x0001e801   Thumb Code   226  timer_control.o(i.timer_event_handler)
    timer_get_timestamp                      0x0001e90d   Thumb Code    66  timer_control.o(i.timer_get_timestamp)
    timer_init                               0x0001e95d   Thumb Code    50  timer_control.o(i.timer_init)
    timer_order_cb                           0x0001ebad   Thumb Code    98  timer_control.o(i.timer_order_cb)
    timer_order_cb_ppi                       0x0001ec29   Thumb Code   164  timer_control.o(i.timer_order_cb_ppi)
    timer_order_cb_sync_exec                 0x0001eced   Thumb Code   112  timer_control.o(i.timer_order_cb_sync_exec)
    timer_order_ppi                          0x0001ed79   Thumb Code   130  timer_control.o(i.timer_order_ppi)
    timer_reference_point_set                0x0001ee15   Thumb Code     6  timer_control.o(i.timer_reference_point_set)
    timeslot_extend                          0x0001efbd   Thumb Code    38  timeslot_handler.o(i.timeslot_extend)
    timeslot_get_end_time                    0x0001eff5   Thumb Code    16  timeslot_handler.o(i.timeslot_get_end_time)
    timeslot_get_remaining_time              0x0001f00d   Thumb Code    42  timeslot_handler.o(i.timeslot_get_remaining_time)
    timeslot_handler_init                    0x0001f041   Thumb Code   100  timeslot_handler.o(i.timeslot_handler_init)
    timeslot_order_earliest                  0x0001f0c1   Thumb Code    52  timeslot_handler.o(i.timeslot_order_earliest)
    timeslot_queue_async_event               0x0001f105   Thumb Code    38  timeslot_handler.o(i.timeslot_queue_async_event)
    transport_control_step                   0x0001f131   Thumb Code   106  transport_control.o(i.transport_control_step)
    transport_control_timeslot_begin         0x0001f1a9   Thumb Code    36  transport_control.o(i.transport_control_timeslot_begin)
    trickle_init                             0x0001f1d5   Thumb Code    24  trickle.o(i.trickle_init)
    trickle_next_processing_get              0x0001f289   Thumb Code    20  trickle.o(i.trickle_next_processing_get)
    trickle_register_tx                      0x0001f29d   Thumb Code    10  trickle.o(i.trickle_register_tx)
    trickle_rx_consistent                    0x0001f2a7   Thumb Code     8  trickle.o(i.trickle_rx_consistent)
    trickle_rx_inconsistent                  0x0001f2b1   Thumb Code    22  trickle.o(i.trickle_rx_inconsistent)
    trickle_setup                            0x0001f2cd   Thumb Code   162  trickle.o(i.trickle_setup)
    trickle_step                             0x0001f385   Thumb Code   110  trickle.o(i.trickle_step)
    trickle_time_update                      0x0001f531   Thumb Code     6  trickle.o(i.trickle_time_update)
    trickle_timer_reset                      0x0001f53d   Thumb Code    26  trickle.o(i.trickle_timer_reset)
    usr_clear_flash                          0x0001f701   Thumb Code    38  flash_opt.o(i.usr_clear_flash)
    usr_falsh_init                           0x0001f72d   Thumb Code    38  flash_opt.o(i.usr_falsh_init)
    __aeabi_cdcmple                          0x0001f861   Thumb Code     0  dlef.o(x$fpl$dleqf)
    _dcmple                                  0x0001f861   Thumb Code    94  dlef.o(x$fpl$dleqf)
    __aeabi_cdrcmple                         0x0001f8c5   Thumb Code     0  drlef.o(x$fpl$drleqf)
    _drcmple                                 0x0001f8c5   Thumb Code   100  drlef.o(x$fpl$drleqf)
    __aeabi_fadd                             0x0001f92d   Thumb Code     0  faddsub.o(x$fpl$fadd)
    _fadd                                    0x0001f92d   Thumb Code   134  faddsub.o(x$fpl$fadd)
    __aeabi_cfcmple                          0x0001f9b9   Thumb Code     0  flef.o(x$fpl$fleqf)
    _fcmple                                  0x0001f9b9   Thumb Code    78  flef.o(x$fpl$fleqf)
    __aeabi_fmul                             0x0001fa0d   Thumb Code     0  fmul.o(x$fpl$fmul)
    _fmul                                    0x0001fa0d   Thumb Code   172  fmul.o(x$fpl$fmul)
    __aeabi_cfrcmple                         0x0001fabd   Thumb Code     0  frlef.o(x$fpl$frleqf)
    _frcmple                                 0x0001fabd   Thumb Code    84  frlef.o(x$fpl$frleqf)
    __aeabi_frsub                            0x0001fb15   Thumb Code     0  faddsub.o(x$fpl$frsb)
    _frsb                                    0x0001fb15   Thumb Code    24  faddsub.o(x$fpl$frsb)
    __aeabi_fsub                             0x0001fb2d   Thumb Code     0  faddsub.o(x$fpl$fsub)
    _fsub                                    0x0001fb2d   Thumb Code   204  faddsub.o(x$fpl$fsub)
    __I$use$fp                               0x0001fbfc   Number         0  usenofp.o(x$fpl$usenofp)
    m_service_context_store                  0x0001fc58   Data          16  device_manager_peripheral.o(.constdata)
    m_service_context_load                   0x0001fc68   Data          16  device_manager_peripheral.o(.constdata)
    m_service_context_apply                  0x0001fc78   Data          16  device_manager_peripheral.o(.constdata)
    m_context_init_len                       0x0001fc88   Data           4  device_manager_peripheral.o(.constdata)
    Region$$Table$$Base                      0x0001fd0c   Number         0  anon$$obj.o(Region$$Table)
    Region$$Table$$Limit                     0x0001fd2c   Number         0  anon$$obj.o(Region$$Table)
    broadcast_addr                           0x20002020   Data           6  dispose_pkt.o(.data)
    r_value                                  0x20002080   Data           4  pwm.o(.data)
    g_value                                  0x20002084   Data           4  pwm.o(.data)
    b_value                                  0x20002088   Data           4  pwm.o(.data)
    SystemCoreClock                          0x200021b8   Data           4  system_nrf51.o(.data)
    local_dev_name                           0x20002258   Data          34  dispose_pkt.o(.bss)
    recv_pkt_addr_hdr                        0x2000227a   Data          12  dispose_pkt.o(.bss)
    __libspace_start                         0x20003318   Data          96  libspace.o(.bss)
    __temporary_stack_top$libspace           0x20003378   Data           0  libspace.o(.bss)



==============================================================================

Memory Map of the image

  Image Entry point : 0x000160c1

  Load Region LR_IROM1 (Base: 0x00016000, Size: 0x00009f84, Max: 0x0000c000, ABSOLUTE, COMPRESSED[0x00009dc0])

    Execution Region ER_IROM1 (Base: 0x00016000, Size: 0x00009d2c, Max: 0x0000c000, ABSOLUTE)

    Base Addr    Size         Type   Attr      Idx    E Section Name        Object

    0x00016000   0x000000c0   Data   RO         1992    RESET               arm_startup_nrf51.o
    0x000160c0   0x00000008   Code   RO         3439  * !!!main             c_p.l(__main.o)
    0x000160c8   0x0000003c   Code   RO         3720    !!!scatter          c_p.l(__scatter.o)
    0x00016104   0x0000001c   Code   RO         3722    !!handler_zi        c_p.l(__scatter_zi.o)
    0x00016120   0x00000002   Code   RO         3655    .ARM.Collect$$libinit$$00000000  c_p.l(libinit.o)
    0x00016122   0x00000000   Code   RO         3526    .ARM.Collect$$libinit$$00000002  c_p.l(libinit2.o)
    0x00016122   0x00000000   Code   RO         3528    .ARM.Collect$$libinit$$00000004  c_p.l(libinit2.o)
    0x00016122   0x00000008   Code   RO         3529    .ARM.Collect$$libinit$$00000005  c_p.l(libinit2.o)
    0x0001612a   0x00000000   Code   RO         3531    .ARM.Collect$$libinit$$0000000A  c_p.l(libinit2.o)
    0x0001612a   0x00000000   Code   RO         3533    .ARM.Collect$$libinit$$0000000C  c_p.l(libinit2.o)
    0x0001612a   0x00000000   Code   RO         3535    .ARM.Collect$$libinit$$0000000E  c_p.l(libinit2.o)
    0x0001612a   0x00000000   Code   RO         3538    .ARM.Collect$$libinit$$00000011  c_p.l(libinit2.o)
    0x0001612a   0x00000000   Code   RO         3540    .ARM.Collect$$libinit$$00000013  c_p.l(libinit2.o)
    0x0001612a   0x00000000   Code   RO         3542    .ARM.Collect$$libinit$$00000015  c_p.l(libinit2.o)
    0x0001612a   0x00000000   Code   RO         3544    .ARM.Collect$$libinit$$00000017  c_p.l(libinit2.o)
    0x0001612a   0x00000000   Code   RO         3546    .ARM.Collect$$libinit$$00000019  c_p.l(libinit2.o)
    0x0001612a   0x00000000   Code   RO         3548    .ARM.Collect$$libinit$$0000001B  c_p.l(libinit2.o)
    0x0001612a   0x00000000   Code   RO         3550    .ARM.Collect$$libinit$$0000001D  c_p.l(libinit2.o)
    0x0001612a   0x00000000   Code   RO         3552    .ARM.Collect$$libinit$$0000001F  c_p.l(libinit2.o)
    0x0001612a   0x00000000   Code   RO         3554    .ARM.Collect$$libinit$$00000021  c_p.l(libinit2.o)
    0x0001612a   0x00000000   Code   RO         3556    .ARM.Collect$$libinit$$00000023  c_p.l(libinit2.o)
    0x0001612a   0x00000000   Code   RO         3558    .ARM.Collect$$libinit$$00000025  c_p.l(libinit2.o)
    0x0001612a   0x00000000   Code   RO         3562    .ARM.Collect$$libinit$$0000002C  c_p.l(libinit2.o)
    0x0001612a   0x00000000   Code   RO         3564    .ARM.Collect$$libinit$$0000002E  c_p.l(libinit2.o)
    0x0001612a   0x00000000   Code   RO         3566    .ARM.Collect$$libinit$$00000030  c_p.l(libinit2.o)
    0x0001612a   0x00000000   Code   RO         3568    .ARM.Collect$$libinit$$00000032  c_p.l(libinit2.o)
    0x0001612a   0x00000002   Code   RO         3569    .ARM.Collect$$libinit$$00000033  c_p.l(libinit2.o)
    0x0001612c   0x00000002   Code   RO         3715    .ARM.Collect$$libshutdown$$00000000  c_p.l(libshutdown.o)
    0x0001612e   0x00000000   Code   RO         3675    .ARM.Collect$$libshutdown$$00000003  c_p.l(libshutdown2.o)
    0x0001612e   0x00000000   Code   RO         3678    .ARM.Collect$$libshutdown$$00000006  c_p.l(libshutdown2.o)
    0x0001612e   0x00000000   Code   RO         3681    .ARM.Collect$$libshutdown$$00000009  c_p.l(libshutdown2.o)
    0x0001612e   0x00000000   Code   RO         3683    .ARM.Collect$$libshutdown$$0000000B  c_p.l(libshutdown2.o)
    0x0001612e   0x00000000   Code   RO         3686    .ARM.Collect$$libshutdown$$0000000E  c_p.l(libshutdown2.o)
    0x0001612e   0x00000002   Code   RO         3687    .ARM.Collect$$libshutdown$$0000000F  c_p.l(libshutdown2.o)
    0x00016130   0x00000000   Code   RO         3483    .ARM.Collect$$rtentry$$00000000  c_p.l(__rtentry.o)
    0x00016130   0x00000000   Code   RO         3585    .ARM.Collect$$rtentry$$00000002  c_p.l(__rtentry2.o)
    0x00016130   0x00000006   Code   RO         3597    .ARM.Collect$$rtentry$$00000004  c_p.l(__rtentry4.o)
    0x00016136   0x00000000   Code   RO         3587    .ARM.Collect$$rtentry$$00000009  c_p.l(__rtentry2.o)
    0x00016136   0x00000004   Code   RO         3588    .ARM.Collect$$rtentry$$0000000A  c_p.l(__rtentry2.o)
    0x0001613a   0x00000000   Code   RO         3590    .ARM.Collect$$rtentry$$0000000C  c_p.l(__rtentry2.o)
    0x0001613a   0x00000008   Code   RO         3591    .ARM.Collect$$rtentry$$0000000D  c_p.l(__rtentry2.o)
    0x00016142   0x00000002   Code   RO         3661    .ARM.Collect$$rtexit$$00000000  c_p.l(rtexit.o)
    0x00016144   0x00000000   Code   RO         3691    .ARM.Collect$$rtexit$$00000002  c_p.l(rtexit2.o)
    0x00016144   0x00000004   Code   RO         3692    .ARM.Collect$$rtexit$$00000003  c_p.l(rtexit2.o)
    0x00016148   0x00000006   Code   RO         3693    .ARM.Collect$$rtexit$$00000004  c_p.l(rtexit2.o)
    0x0001614e   0x00000002   PAD
    0x00016150   0x00000044   Code   RO         1800    .emb_text           bootloader_util_arm.o
    0x00016194   0x0000001e   Code   RO         3007    .emb_text           app_timer.o
    0x000161b2   0x00000002   PAD
    0x000161b4   0x00000038   Code   RO         3423    .emb_text           c_p.l(rt_memcpy.o)
    0x000161ec   0x00000000   Code   RO         3603    .emb_text           c_p.l(maybetermalloc1.o)
    0x000161ec   0x00000054   Code   RO         1993    .text               arm_startup_nrf51.o
    0x00016240   0x00000062   Code   RO         3363    .text               c_p.l(h1_alloc.o)
    0x000162a2   0x00000102   Code   RO         3417    .text               c_p.l(lludiv.o)
    0x000163a4   0x0000005a   Code   RO         3419    .text               c_p.l(memcmp.o)
    0x000163fe   0x00000002   PAD
    0x00016400   0x00000044   Code   RO         3421    .text               c_p.l(strlen.o)
    0x00016444   0x00000082   Code   RO         3424    .text               c_p.l(rt_memcpy.o)
    0x000164c6   0x00000040   Code   RO         3427    .text               c_p.l(rt_memclr.o)
    0x00016506   0x0000015a   Code   RO         3433    .text               c_p.l(aeabi_sdiv.o)
    0x00016660   0x00000006   Code   RO         3437    .text               c_p.l(heapauxi.o)
    0x00016666   0x00000002   PAD
    0x00016668   0x0000007c   Code   RO         3441    .text               fz_ps.l(d2f.o)
    0x000166e4   0x00000358   Code   RO         3443    .text               fz_ps.l(daddsub.o)
    0x00016a3c   0x00000448   Code   RO         3445    .text               fz_ps.l(ddiv.o)
    0x00016e84   0x0000006c   Code   RO         3448    .text               fz_ps.l(dfixi.o)
    0x00016ef0   0x00000058   Code   RO         3450    .text               fz_ps.l(dflti.o)
    0x00016f48   0x00000054   Code   RO         3454    .text               fz_ps.l(f2d.o)
    0x00016f9c   0x0000004c   Code   RO         3467    .text               fz_ps.l(ffixi.o)
    0x00016fe8   0x0000005e   Code   RO         3471    .text               fz_ps.l(fflti.o)
    0x00017046   0x00000002   PAD
    0x00017048   0x00000008   Code   RO         3495    .text               c_p.l(rt_heap_descriptor_intlibspace.o)
    0x00017050   0x00000004   Code   RO         3497    .text               c_p.l(hguard.o)
    0x00017054   0x00000088   Code   RO         3499    .text               c_p.l(init_alloc.o)
    0x000170dc   0x0000000e   Code   RO         3505    .text               c_p.l(h1_init.o)
    0x000170ea   0x0000004c   Code   RO         3507    .text               c_p.l(h1_free.o)
    0x00017136   0x00000002   PAD
    0x00017138   0x00000090   Code   RO         3570    .text               fz_ps.l(dcmpin.o)
    0x000171c8   0x000000f0   Code   RO         3574    .text               fz_ps.l(drnd.o)
    0x000172b8   0x00000064   Code   RO         3576    .text               fz_ps.l(fcmpin.o)
    0x0001731c   0x00000008   Code   RO         3581    .text               c_p.l(libspace.o)
    0x00017324   0x00000034   Code   RO         3605    .text               c_p.l(h1_extend.o)
    0x00017358   0x0000000c   Code   RO         3609    .text               c_p.l(defsig_rtmem_outer.o)
    0x00017364   0x00000030   Code   RO         3618    .text               fz_ps.l(cmpret.o)
    0x00017394   0x00000014   Code   RO         3620    .text               fz_ps.l(dnan2.o)
    0x000173a8   0x00000010   Code   RO         3622    .text               fz_ps.l(fnan2.o)
    0x000173b8   0x00000002   Code   RO         3626    .text               c_p.l(use_no_semi.o)
    0x000173ba   0x00000000   Code   RO         3628    .text               c_p.l(indicate_semi.o)
    0x000173ba   0x0000003e   Code   RO         3629    .text               c_p.l(sys_stackheap_outer.o)
    0x000173f8   0x0000000c   Code   RO         3636    .text               c_p.l(exit.o)
    0x00017404   0x0000000c   Code   RO         3638    .text               c_p.l(defsig_exit.o)
    0x00017410   0x00000050   Code   RO         3644    .text               c_p.l(defsig_rtmem_inner.o)
    0x00017460   0x0000005e   Code   RO         3656    .text               fz_ps.l(retnan.o)
    0x000174be   0x00000002   PAD
    0x000174c0   0x0000000c   Code   RO         3658    .text               c_p.l(sys_exit.o)
    0x000174cc   0x00000034   Code   RO         3669    .text               c_p.l(defsig_general.o)
    0x00017500   0x0000000c   Code   RO         3688    .text               c_p.l(sys_wrch.o)
    0x0001750c   0x00000056   Code   RO         3718    .text               c_p.l(__dczerorl2.o)
    0x00017562   0x00000002   Code   RO          167    i.ADC_IRQHandler    main.o
    0x00017564   0x000000b8   Code   RO         2882    i.GPIOTE_IRQHandler  app_gpiote.o
    0x0001761c   0x00000014   Code   RO         3008    i.NVIC_ClearPendingIRQ  app_timer.o
    0x00017630   0x00000014   Code   RO         1335    i.NVIC_EnableIRQ    timeslot_handler.o
    0x00017644   0x00000014   Code   RO         3009    i.NVIC_EnableIRQ    app_timer.o
    0x00017658   0x00000014   Code   RO         3010    i.NVIC_SetPendingIRQ  app_timer.o
    0x0001766c   0x00000078   Code   RO         1336    i.NVIC_SetPriority  timeslot_handler.o
    0x000176e4   0x00000078   Code   RO         3011    i.NVIC_SetPriority  app_timer.o
    0x0001775c   0x0000005c   Code   RO         1061    i.RBC_GPIOTE_IRQHandler  serial_handler.o
    0x000177b8   0x00000028   Code   RO         3012    i.RTC1_IRQHandler   app_timer.o
    0x000177e0   0x00000090   Code   RO         1621    i.SPI1_TWI1_IRQHandler  spi_slave.o
    0x00017870   0x0000000c   Code   RO         3013    i.SWI0_IRQHandler   app_timer.o
    0x0001787c   0x00000038   Code   RO         3300    i.SWI2_IRQHandler   softdevice_handler.o
    0x000178b4   0x00000038   Code   RO         2000    i.SystemInit        system_nrf51.o
    0x000178ec   0x00000002   Code   RO          442    i.TIMER2_IRQHandler  pwm.o
    0x000178ee   0x00000002   PAD
    0x000178f0   0x000000a4   Code   RO         2478    i.UART0_IRQHandler  app_uart_fifo.o
    0x00017994   0x0000001c   Code   RO           56    i.__ARM_common_switch8  dispose_pkt.o
    0x000179b0   0x00000020   Code   RO         2479    i.action_tx_ready   app_uart_fifo.o
    0x000179d0   0x00000054   Code   RO         2480    i.action_tx_send    app_uart_fifo.o
    0x00017a24   0x00000028   Code   RO         2481    i.action_tx_stop    app_uart_fifo.o
    0x00017a4c   0x00000024   Code   RO         2482    i.action_uart_deactivate  app_uart_fifo.o
    0x00017a70   0x00000094   Code   RO          168    i.adc_start         main.o
    0x00017b04   0x0000012e   Code   RO         2039    i.adv_data_encode   ble_advdata.o
    0x00017c32   0x00000022   Code   RO         2040    i.advdata_check     ble_advdata.o
    0x00017c54   0x00000058   Code   RO          169    i.advertising_init  main.o
    0x00017cac   0x000001a4   Code   RO          170    i.advertising_start  main.o
    0x00017e50   0x00000040   Code   RO          171    i.advertising_stop  main.o
    0x00017e90   0x00000006   Code   RO          611    i.alpha             changecolor.o
    0x00017e96   0x00000002   PAD
    0x00017e98   0x00000038   Code   RO         2829    i.app_error_handler  app_error.o
    0x00017ed0   0x0000001c   Code   RO         2223    i.app_evt_notify    device_manager_peripheral.o
    0x00017eec   0x00000024   Code   RO         2851    i.app_fifo_get      app_fifo.o
    0x00017f10   0x00000026   Code   RO         2853    i.app_fifo_put      app_fifo.o
    0x00017f36   0x00000002   PAD
    0x00017f38   0x0000006c   Code   RO         2627    i.app_notify        pstorage.o
    0x00017fa4   0x00000074   Code   RO         3016    i.app_timer_create  app_timer.o
    0x00018018   0x000000f0   Code   RO         3017    i.app_timer_init    app_timer.o
    0x00018108   0x0000006c   Code   RO         3018    i.app_timer_start   app_timer.o
    0x00018174   0x00000044   Code   RO         3019    i.app_timer_stop    app_timer.o
    0x000181b8   0x0000004a   Code   RO         2041    i.appearance_encode  ble_advdata.o
    0x00018202   0x00000012   Code   RO          612    i.argb              changecolor.o
    0x00018214   0x0000003c   Code   RO         1337    i.async_event_execute  timeslot_handler.o
    0x00018250   0x000002cc   Code   RO            3    i.auto_chg_mode_handler  dispose_pkt.o
    0x0001851c   0x00000048   Code   RO          613    i.ave               changecolor.o
    0x00018564   0x0000000a   Code   RO          173    i.battery_level_meas_timeout_handler  main.o
    0x0001856e   0x00000066   Code   RO            4    i.bdaddr_2_str      dispose_pkt.o
    0x000185d4   0x0000007a   Code   RO         2042    i.ble_advdata_set   ble_advdata.o
    0x0001864e   0x00000002   PAD
    0x00018650   0x00000078   Code   RO         2128    i.ble_conn_params_init  ble_conn_params.o
    0x000186c8   0x0000003e   Code   RO         2129    i.ble_conn_params_on_ble_evt  ble_conn_params.o
    0x00018706   0x00000002   PAD
    0x00018708   0x00000010   Code   RO         2130    i.ble_conn_params_stop  ble_conn_params.o
    0x00018718   0x000000b0   Code   RO         1692    i.ble_dfu_init      ble_dfu.o
    0x000187c8   0x0000005a   Code   RO         1693    i.ble_dfu_on_ble_evt  ble_dfu.o
    0x00018822   0x00000002   PAD
    0x00018824   0x0000008c   Code   RO         1695    i.ble_dfu_response_send  ble_dfu.o
    0x000188b0   0x0000002c   Code   RO          174    i.ble_evt_dispatch  main.o
    0x000188dc   0x000000a0   Code   RO          175    i.ble_stack_init    main.o
    0x0001897c   0x00000006   Code   RO          614    i.blue              changecolor.o
    0x00018982   0x00000002   PAD
    0x00018984   0x00000050   Code   RO         2224    i.bond_data_load    device_manager_peripheral.o
    0x000189d4   0x00000098   Code   RO         1821    i.bootloader_start  dfu_app_handler.o
    0x00018a6c   0x0000000c   Code   RO         1801    i.bootloader_util_app_start  bootloader_util_arm.o
    0x00018a78   0x0000004c   Code   RO         1904    i.bsp_button_event_handler  bsp.o
    0x00018ac4   0x00000038   Code   RO         1905    i.bsp_button_is_pressed  bsp.o
    0x00018afc   0x000000ac   Code   RO         1906    i.bsp_buttons_enable  bsp.o
    0x00018ba8   0x00000024   Code   RO         1909    i.bsp_indication_set  bsp.o
    0x00018bcc   0x000004c0   Code   RO         1912    i.bsp_led_indication  bsp.o
    0x0001908c   0x00000134   Code   RO          615    i.calculateColor    changecolor.o
    0x000191c0   0x00000174   Code   RO         2628    i.cmd_process       pstorage.o
    0x00019334   0x00000024   Code   RO         2629    i.cmd_queue_dequeue  pstorage.o
    0x00019358   0x0000003c   Code   RO         2630    i.cmd_queue_element_init  pstorage.o
    0x00019394   0x00000090   Code   RO         2631    i.cmd_queue_enqueue  pstorage.o
    0x00019424   0x00000034   Code   RO         2632    i.cmd_queue_init    pstorage.o
    0x00019458   0x00000090   Code   RO         3021    i.compare_reg_update  app_timer.o
    0x000194e8   0x0000005c   Code   RO         2043    i.conn_int_check    ble_advdata.o
    0x00019544   0x0000005c   Code   RO         2044    i.conn_int_encode   ble_advdata.o
    0x000195a0   0x00000014   Code   RO          176    i.conn_params_error_handler  main.o
    0x000195b4   0x0000005c   Code   RO          177    i.conn_params_init  main.o
    0x00019610   0x00000094   Code   RO         2131    i.conn_params_negotiation  ble_conn_params.o
    0x000196a4   0x00000048   Code   RO         2225    i.connection_instance_find  device_manager_peripheral.o
    0x000196ec   0x00000038   Code   RO         2226    i.connection_instance_init  device_manager_peripheral.o
    0x00019724   0x0000005c   Code   RO         3022    i.current_int_priority_get  app_timer.o
    0x00019780   0x000000d0   Code   RO         2227    i.device_context_store  device_manager_peripheral.o
    0x00019850   0x0000007c   Code   RO         2228    i.device_instance_allocate  device_manager_peripheral.o
    0x000198cc   0x00000058   Code   RO         2229    i.device_instance_find  device_manager_peripheral.o
    0x00019924   0x00000046   Code   RO          178    i.device_manager_evt_handler  main.o
    0x0001996a   0x00000002   PAD
    0x0001996c   0x000000e4   Code   RO          179    i.device_manager_init  main.o
    0x00019a50   0x0000005c   Code   RO         1822    i.dfu_app_on_dfu_evt  dfu_app_handler.o
    0x00019aac   0x00000002   Code   RO         1823    i.dfu_app_reset_prepare  dfu_app_handler.o
    0x00019aae   0x00000002   PAD
    0x00019ab0   0x0000000c   Code   RO         1824    i.dfu_app_reset_prepare_set  dfu_app_handler.o
    0x00019abc   0x00000028   Code   RO         1825    i.dfu_app_set_dm_handle  dfu_app_handler.o
    0x00019ae4   0x00000078   Code   RO         1826    i.dfu_app_set_peer_data  dfu_app_handler.o
    0x00019b5c   0x000000e0   Code   RO         1696    i.dfu_ctrl_pt_add   ble_dfu.o
    0x00019c3c   0x000000d4   Code   RO         1697    i.dfu_pkt_char_add  ble_dfu.o
    0x00019d10   0x000000d8   Code   RO         1698    i.dfu_rev_char_add  ble_dfu.o
    0x00019de8   0x0000009c   Code   RO            5    i.dispose_pkt_init  dispose_pkt.o
    0x00019e84   0x0000036c   Code   RO            6    i.dispose_recv_pkt  dispose_pkt.o
    0x0001a1f0   0x00000528   Code   RO         2235    i.dm_ble_evt_handler  device_manager_peripheral.o
    0x0001a718   0x000000a0   Code   RO         2239    i.dm_distributed_keys_get  device_manager_peripheral.o
    0x0001a7b8   0x0000001c   Code   RO         2240    i.dm_handle_initialize  device_manager_peripheral.o
    0x0001a7d4   0x00000100   Code   RO         2241    i.dm_init           device_manager_peripheral.o
    0x0001a8d4   0x000001e4   Code   RO         2244    i.dm_pstorage_cb_handler  device_manager_peripheral.o
    0x0001aab8   0x00000074   Code   RO         2245    i.dm_register       device_manager_peripheral.o
    0x0001ab2c   0x000000dc   Code   RO         2251    i.dm_whitelist_create  device_manager_peripheral.o
    0x0001ac08   0x000000a4   Code   RO         1062    i.do_transmit       serial_handler.o
    0x0001acac   0x00000064   Code   RO         3023    i.elapsed_ticks_acquire  app_timer.o
    0x0001ad10   0x0000001c   Code   RO         1063    i.enable_pin_listener  serial_handler.o
    0x0001ad2c   0x00000028   Code   RO         1338    i.end_timer_handler  timeslot_handler.o
    0x0001ad54   0x0000001c   Code   RO         1339    i.event_fifo_empty  timeslot_handler.o
    0x0001ad70   0x00000014   Code   RO         1340    i.event_fifo_flush  timeslot_handler.o
    0x0001ad84   0x00000020   Code   RO         1341    i.event_fifo_full   timeslot_handler.o
    0x0001ada4   0x00000048   Code   RO         1342    i.event_fifo_get    timeslot_handler.o
    0x0001adec   0x00000054   Code   RO         1346    i.event_fifo_put    timeslot_handler.o
    0x0001ae40   0x0000006c   Code   RO         3024    i.expired_timers_handler  app_timer.o
    0x0001aeac   0x000000c0   Code   RO          180    i.gap_params_init   main.o
    0x0001af6c   0x00000006   Code   RO         2252    i.gattc_context_apply  device_manager_peripheral.o
    0x0001af72   0x00000006   Code   RO         2253    i.gattc_context_load  device_manager_peripheral.o
    0x0001af78   0x00000006   Code   RO         2254    i.gattc_context_store  device_manager_peripheral.o
    0x0001af7e   0x00000002   PAD
    0x0001af80   0x00000080   Code   RO         2255    i.gatts_context_apply  device_manager_peripheral.o
    0x0001b000   0x00000044   Code   RO         2256    i.gatts_context_load  device_manager_peripheral.o
    0x0001b044   0x000000c8   Code   RO         2257    i.gatts_context_store  device_manager_peripheral.o
    0x0001b10c   0x0000001a   Code   RO         2258    i.gattsc_context_apply  device_manager_peripheral.o
    0x0001b126   0x0000001e   Code   RO         2259    i.gattsc_context_load  device_manager_peripheral.o
    0x0001b144   0x0000001e   Code   RO         2260    i.gattsc_context_store  device_manager_peripheral.o
    0x0001b162   0x00000002   PAD
    0x0001b164   0x000000bc   Code   RO            7    i.generate_pkt_2_mesh  dispose_pkt.o
    0x0001b220   0x0000006c   Code   RO         1244    i.get_available_timer  timer_control.o
    0x0001b28c   0x00000052   Code   RO          444    i.gpiote_init       pwm.o
    0x0001b2de   0x00000008   Code   RO          616    i.green             changecolor.o
    0x0001b2e6   0x00000002   PAD
    0x0001b2e8   0x000000bc   Code   RO         3301    i.intern_softdevice_events_execute  softdevice_handler.o
    0x0001b3a4   0x00000034   Code   RO         1827    i.interrupts_disable  dfu_app_handler.o
    0x0001b3d8   0x0000003a   Code   RO         1699    i.is_cccd_configured  ble_dfu.o
    0x0001b412   0x00000002   PAD
    0x0001b414   0x00000024   Code   RO         2132    i.is_conn_params_ok  ble_conn_params.o
    0x0001b438   0x00000038   Code   RO         2001    i.is_disabled_in_debug_needed  system_nrf51.o
    0x0001b470   0x0000006c   Code   RO         2002    i.is_manual_peripheral_setup_needed  system_nrf51.o
    0x0001b4dc   0x00000012   Code   RO         2633    i.is_word_aligned   pstorage.o
    0x0001b4ee   0x00000002   PAD
    0x0001b4f0   0x000000c0   Code   RO         3025    i.list_deletions_handler  app_timer.o
    0x0001b5b0   0x00000130   Code   RO         3026    i.list_insertions_handler  app_timer.o
    0x0001b6e0   0x00000058   Code   RO          574    i.load_device_name  flash_opt.o
    0x0001b738   0x0000007c   Code   RO          181    i.main              main.o
    0x0001b7b4   0x0000006a   Code   RO         2045    i.manuf_specific_data_encode  ble_advdata.o
    0x0001b81e   0x00000002   PAD
    0x0001b820   0x00000170   Code   RO          724    i.mesh_md_char_add  mesh_srv.o
    0x0001b990   0x00000074   Code   RO          728    i.mesh_srv_char_val_get  mesh_srv.o
    0x0001ba04   0x00000118   Code   RO          729    i.mesh_srv_char_val_set  mesh_srv.o
    0x0001bb1c   0x00000010   Code   RO          730    i.mesh_srv_conn_handle_update  mesh_srv.o
    0x0001bb2c   0x000000c8   Code   RO          731    i.mesh_srv_gatts_evt_write_handle  mesh_srv.o
    0x0001bbf4   0x0000006c   Code   RO          732    i.mesh_srv_get_next_processing_time  mesh_srv.o
    0x0001bc60   0x000000cc   Code   RO          733    i.mesh_srv_init     mesh_srv.o
    0x0001bd2c   0x000000c4   Code   RO          734    i.mesh_srv_packet_assemble  mesh_srv.o
    0x0001bdf0   0x000001cc   Code   RO          735    i.mesh_srv_packet_process  mesh_srv.o
    0x0001bfbc   0x00000130   Code   RO          736    i.mesh_value_char_add  mesh_srv.o
    0x0001c0ec   0x00000096   Code   RO         2046    i.name_encode       ble_advdata.o
    0x0001c182   0x00000006   Code   RO         2261    i.no_service_context_apply  device_manager_peripheral.o
    0x0001c188   0x00000006   Code   RO         2262    i.no_service_context_load  device_manager_peripheral.o
    0x0001c18e   0x00000006   Code   RO         2263    i.no_service_context_store  device_manager_peripheral.o
    0x0001c194   0x00000012   Code   RO          445    i.nrf_gpio_cfg_output  pwm.o
    0x0001c1a6   0x00000002   PAD
    0x0001c1a8   0x00000010   Code   RO         1066    i.nrf_gpio_pin_clear  serial_handler.o
    0x0001c1b8   0x00000010   Code   RO         1067    i.nrf_gpio_pin_set  serial_handler.o
    0x0001c1c8   0x00000028   Code   RO          446    i.nrf_gpio_pin_write  pwm.o
    0x0001c1f0   0x00000078   Code   RO          447    i.nrf_gpiote_task_config  pwm.o
    0x0001c268   0x000000e0   Code   RO          182    i.on_ble_evt        main.o
    0x0001c348   0x00000018   Code   RO         2133    i.on_conn_params_update  ble_conn_params.o
    0x0001c360   0x00000006   Code   RO         1700    i.on_connect        ble_dfu.o
    0x0001c366   0x00000002   PAD
    0x0001c368   0x0000003c   Code   RO         2134    i.on_connect        ble_conn_params.o
    0x0001c3a4   0x0000014e   Code   RO         1701    i.on_ctrl_pt_write  ble_dfu.o
    0x0001c4f2   0x00000002   PAD
    0x0001c4f4   0x00000028   Code   RO         2491    i.on_cts_high       app_uart_fifo.o
    0x0001c51c   0x00000054   Code   RO         2492    i.on_cts_low        app_uart_fifo.o
    0x0001c570   0x00000008   Code   RO         1702    i.on_disconnect     ble_dfu.o
    0x0001c578   0x00000044   Code   RO         2135    i.on_disconnect     ble_conn_params.o
    0x0001c5bc   0x00000034   Code   RO         1703    i.on_rw_auth_req    ble_dfu.o
    0x0001c5f0   0x00000030   Code   RO          183    i.on_sys_evt        main.o
    0x0001c620   0x0000002c   Code   RO         2493    i.on_tx_ready       app_uart_fifo.o
    0x0001c64c   0x00000008   Code   RO         2494    i.on_uart_close     app_uart_fifo.o
    0x0001c654   0x00000036   Code   RO         2495    i.on_uart_event     app_uart_fifo.o
    0x0001c68a   0x00000002   PAD
    0x0001c68c   0x00000014   Code   RO         2496    i.on_uart_put       app_uart_fifo.o
    0x0001c6a0   0x0000002a   Code   RO         1704    i.on_write          ble_dfu.o
    0x0001c6ca   0x00000002   PAD
    0x0001c6cc   0x0000005c   Code   RO         2136    i.on_write          ble_conn_params.o
    0x0001c728   0x00000030   Code   RO         1480    i.order_search      transport_control.o
    0x0001c758   0x00000078   Code   RO         1481    i.packet_create_from_data  transport_control.o
    0x0001c7d0   0x00000050   Code   RO         2264    i.peer_instance_init  device_manager_peripheral.o
    0x0001c820   0x00000020   Code   RO          184    i.power_manage      main.o
    0x0001c840   0x00000090   Code   RO          448    i.ppi_init          pwm.o
    0x0001c8d0   0x0000002c   Code   RO         2634    i.pstorage_access_status_get  pstorage.o
    0x0001c8fc   0x00000090   Code   RO         2635    i.pstorage_block_identifier_get  pstorage.o
    0x0001c98c   0x000000b0   Code   RO         2636    i.pstorage_clear    pstorage.o
    0x0001ca3c   0x000000e4   Code   RO         2637    i.pstorage_init     pstorage.o
    0x0001cb20   0x000000ec   Code   RO         2638    i.pstorage_load     pstorage.o
    0x0001cc0c   0x00000006   Code   RO          575    i.pstorage_ntf_cb   flash_opt.o
    0x0001cc12   0x00000002   PAD
    0x0001cc14   0x00000180   Code   RO         2639    i.pstorage_register  pstorage.o
    0x0001cd94   0x000000d4   Code   RO         2640    i.pstorage_store    pstorage.o
    0x0001ce68   0x00000158   Code   RO         2641    i.pstorage_sys_event_handler  pstorage.o
    0x0001cfc0   0x000000d4   Code   RO         2642    i.pstorage_update   pstorage.o
    0x0001d094   0x000000f0   Code   RO          449    i.pwm_evt_handler   pwm.o
    0x0001d184   0x00000020   Code   RO          450    i.pwm_init          pwm.o
    0x0001d1a4   0x0000004c   Code   RO          842    i.radio_channel_set  radio_control.o
    0x0001d1f0   0x00000044   Code   RO          843    i.radio_disable     radio_control.o
    0x0001d234   0x00000064   Code   RO          844    i.radio_event_handler  radio_control.o
    0x0001d298   0x0000001c   Code   RO          845    i.radio_fifo_empty  radio_control.o
    0x0001d2b4   0x00000014   Code   RO          846    i.radio_fifo_flush  radio_control.o
    0x0001d2c8   0x00000020   Code   RO          847    i.radio_fifo_full   radio_control.o
    0x0001d2e8   0x00000040   Code   RO          848    i.radio_fifo_get    radio_control.o
    0x0001d328   0x00000018   Code   RO          849    i.radio_fifo_get_length  radio_control.o
    0x0001d340   0x0000000e   Code   RO          850    i.radio_fifo_peek   radio_control.o
    0x0001d34e   0x00000002   PAD
    0x0001d350   0x0000003c   Code   RO          851    i.radio_fifo_peek_at  radio_control.o
    0x0001d38c   0x00000054   Code   RO          852    i.radio_fifo_put    radio_control.o
    0x0001d3e0   0x000000ac   Code   RO          853    i.radio_init        radio_control.o
    0x0001d48c   0x0000011c   Code   RO          854    i.radio_order       radio_control.o
    0x0001d5a8   0x0000021c   Code   RO         1347    i.radio_signal_callback  timeslot_handler.o
    0x0001d7c4   0x00000208   Code   RO          855    i.radio_transition_end  radio_control.o
    0x0001d9cc   0x00000048   Code   RO          856    i.radio_will_go_to_disabled_state  radio_control.o
    0x0001da14   0x00000040   Code   RO         1348    i.rbc_mesh_SWI0_IRQHandler  timeslot_handler.o
    0x0001da54   0x00000020   Code   RO          976    i.rbc_mesh_access_address_get  rbc_mesh.o
    0x0001da74   0x0000004c   Code   RO          978    i.rbc_mesh_ble_evt_handler  rbc_mesh.o
    0x0001dac0   0x00000020   Code   RO          979    i.rbc_mesh_channel_get  rbc_mesh.o
    0x0001dae0   0x00000074   Code   RO          185    i.rbc_mesh_event_handler  main.o
    0x0001db54   0x0000007c   Code   RO          981    i.rbc_mesh_init     rbc_mesh.o
    0x0001dbd0   0x0000003c   Code   RO         1349    i.rbc_mesh_sys_evt_handler  timeslot_handler.o
    0x0001dc0c   0x00000016   Code   RO          986    i.rbc_mesh_value_set  rbc_mesh.o
    0x0001dc22   0x00000008   Code   RO          617    i.red               changecolor.o
    0x0001dc2a   0x00000002   PAD
    0x0001dc2c   0x0000007c   Code   RO          186    i.reset_prepare     main.o
    0x0001dca8   0x00000014   Code   RO          451    i.restart_pwm       pwm.o
    0x0001dcbc   0x0000009c   Code   RO         3479    i.round             m_ps.l(round.o)
    0x0001dd58   0x0000000c   Code   RO         3027    i.rtc1_counter_get  app_timer.o
    0x0001dd64   0x00000018   Code   RO         3028    i.rtc1_init         app_timer.o
    0x0001dd7c   0x0000003c   Code   RO         3029    i.rtc1_start        app_timer.o
    0x0001ddb8   0x00000058   Code   RO         3030    i.rtc1_stop         app_timer.o
    0x0001de10   0x00000020   Code   RO          857    i.rx_abort_cb       radio_control.o
    0x0001de30   0x00000068   Code   RO         1482    i.search_callback   transport_control.o
    0x0001de98   0x00000080   Code   RO         2890    i.sense_level_toggle  app_gpiote.o
    0x0001df18   0x00000084   Code   RO         1185    i.serial_queue_dequeue  serial_queue.o
    0x0001df9c   0x0000003a   Code   RO         1188    i.serial_queue_is_empty  serial_queue.o
    0x0001dfd6   0x00000040   Code   RO         1189    i.serial_queue_is_full  serial_queue.o
    0x0001e016   0x0000008c   Code   RO         2047    i.service_data_encode  ble_advdata.o
    0x0001e0a2   0x00000002   PAD
    0x0001e0a4   0x00000050   Code   RO          187    i.services_init     main.o
    0x0001e0f4   0x00000028   Code   RO          858    i.setup_rx_timeout  radio_control.o
    0x0001e11c   0x00000018   Code   RO            9    i.sl_app_timer_init  dispose_pkt.o
    0x0001e134   0x00000014   Code   RO         1622    i.sm_state_change   spi_slave.o
    0x0001e148   0x00000012   Code   RO         3302    i.softdevice_assertion_handler  softdevice_handler.o
    0x0001e15a   0x00000002   PAD
    0x0001e15c   0x00000018   Code   RO         3303    i.softdevice_ble_evt_handler_set  softdevice_handler.o
    0x0001e174   0x00000068   Code   RO         3304    i.softdevice_handler_init  softdevice_handler.o
    0x0001e1dc   0x00000018   Code   RO         3306    i.softdevice_sys_evt_handler_set  softdevice_handler.o
    0x0001e1f4   0x00000070   Code   RO         1623    i.spi_slave_buffers_set  spi_slave.o
    0x0001e264   0x00000010   Code   RO         2048    i.srdata_check      ble_advdata.o
    0x0001e274   0x0000000c   Code   RO          452    i.start_timer1      pwm.o
    0x0001e280   0x00000014   Code   RO          453    i.start_timer2      pwm.o
    0x0001e294   0x000000b4   Code   RO         1628    i.state_entry_action_execute  spi_slave.o
    0x0001e348   0x0000008c   Code   RO          454    i.stop_pwm          pwm.o
    0x0001e3d4   0x00000008   Code   RO         2265    i.storage_operation_dummy_handler  device_manager_peripheral.o
    0x0001e3dc   0x00000060   Code   RO          576    i.store_device_name  flash_opt.o
    0x0001e43c   0x0000024c   Code   RO         2643    i.swap_state_process  pstorage.o
    0x0001e688   0x00000018   Code   RO          188    i.sys_evt_dispatch  main.o
    0x0001e6a0   0x0000000a   Code   RO         3031    i.ticks_diff_get    app_timer.o
    0x0001e6aa   0x00000002   PAD
    0x0001e6ac   0x00000040   Code   RO         3032    i.timeout_handler_exec  app_timer.o
    0x0001e6ec   0x00000070   Code   RO          455    i.timer1_init       pwm.o
    0x0001e75c   0x00000058   Code   RO          456    i.timer2_init       pwm.o
    0x0001e7b4   0x0000004c   Code   RO         1245    i.timer_abort       timer_control.o
    0x0001e800   0x0000010c   Code   RO         1246    i.timer_event_handler  timer_control.o
    0x0001e90c   0x00000050   Code   RO         1248    i.timer_get_timestamp  timer_control.o
    0x0001e95c   0x00000044   Code   RO         1249    i.timer_init        timer_control.o
    0x0001e9a0   0x00000058   Code   RO         3033    i.timer_list_handler  app_timer.o
    0x0001e9f8   0x0000000a   Code   RO         3034    i.timer_list_handler_sched  app_timer.o
    0x0001ea02   0x00000002   PAD
    0x0001ea04   0x000000dc   Code   RO         3035    i.timer_list_insert  app_timer.o
    0x0001eae0   0x000000cc   Code   RO         3036    i.timer_list_remove  app_timer.o
    0x0001ebac   0x0000007c   Code   RO         1250    i.timer_order_cb    timer_control.o
    0x0001ec28   0x000000c4   Code   RO         1251    i.timer_order_cb_ppi  timer_control.o
    0x0001ecec   0x0000008c   Code   RO         1252    i.timer_order_cb_sync_exec  timer_control.o
    0x0001ed78   0x0000009c   Code   RO         1253    i.timer_order_ppi   timer_control.o
    0x0001ee14   0x0000000c   Code   RO         1254    i.timer_reference_point_set  timer_control.o
    0x0001ee20   0x00000054   Code   RO         3037    i.timer_start_op_schedule  app_timer.o
    0x0001ee74   0x00000040   Code   RO         3039    i.timer_stop_op_schedule  app_timer.o
    0x0001eeb4   0x0000009c   Code   RO         3040    i.timer_timeouts_check  app_timer.o
    0x0001ef50   0x0000000a   Code   RO         3041    i.timer_timeouts_check_sched  app_timer.o
    0x0001ef5a   0x00000002   PAD
    0x0001ef5c   0x00000060   Code   RO          189    i.timers_init       main.o
    0x0001efbc   0x00000038   Code   RO         1350    i.timeslot_extend   timeslot_handler.o
    0x0001eff4   0x00000018   Code   RO         1351    i.timeslot_get_end_time  timeslot_handler.o
    0x0001f00c   0x00000034   Code   RO         1352    i.timeslot_get_remaining_time  timeslot_handler.o
    0x0001f040   0x00000080   Code   RO         1353    i.timeslot_handler_init  timeslot_handler.o
    0x0001f0c0   0x00000044   Code   RO         1354    i.timeslot_order_earliest  timeslot_handler.o
    0x0001f104   0x0000002c   Code   RO         1356    i.timeslot_queue_async_event  timeslot_handler.o
    0x0001f130   0x00000078   Code   RO         1483    i.transport_control_step  transport_control.o
    0x0001f1a8   0x0000002c   Code   RO         1484    i.transport_control_timeslot_begin  transport_control.o
    0x0001f1d4   0x0000001c   Code   RO         1532    i.trickle_init      trickle.o
    0x0001f1f0   0x00000098   Code   RO         1533    i.trickle_interval_begin  trickle.o
    0x0001f288   0x00000014   Code   RO         1534    i.trickle_next_processing_get  trickle.o
    0x0001f29c   0x0000000a   Code   RO         1535    i.trickle_register_tx  trickle.o
    0x0001f2a6   0x00000008   Code   RO         1536    i.trickle_rx_consistent  trickle.o
    0x0001f2ae   0x00000002   PAD
    0x0001f2b0   0x0000001c   Code   RO         1537    i.trickle_rx_inconsistent  trickle.o
    0x0001f2cc   0x000000b8   Code   RO         1538    i.trickle_setup     trickle.o
    0x0001f384   0x00000080   Code   RO         1539    i.trickle_step      trickle.o
    0x0001f404   0x0000012c   Code   RO         1485    i.trickle_step_callback  transport_control.o
    0x0001f530   0x0000000c   Code   RO         1541    i.trickle_time_update  trickle.o
    0x0001f53c   0x00000020   Code   RO         1542    i.trickle_timer_reset  trickle.o
    0x0001f55c   0x00000030   Code   RO         2049    i.tx_power_level_encode  ble_advdata.o
    0x0001f58c   0x0000000c   Code   RO         1705    i.uint16_decode     ble_dfu.o
    0x0001f598   0x00000012   Code   RO         2050    i.uint16_encode     ble_advdata.o
    0x0001f5aa   0x00000052   Code   RO         2051    i.uint8_array_encode  ble_advdata.o
    0x0001f5fc   0x00000014   Code   RO         2266    i.update_status_bit_reset  device_manager_peripheral.o
    0x0001f610   0x0000009c   Code   RO         2137    i.update_timeout_handler  ble_conn_params.o
    0x0001f6ac   0x00000022   Code   RO         3042    i.user_id_get       app_timer.o
    0x0001f6ce   0x0000002c   Code   RO         3043    i.user_op_alloc     app_timer.o
    0x0001f6fa   0x00000004   Code   RO         3044    i.user_op_enque     app_timer.o
    0x0001f6fe   0x00000002   PAD
    0x0001f700   0x0000002c   Code   RO          577    i.usr_clear_flash   flash_opt.o
    0x0001f72c   0x00000030   Code   RO          578    i.usr_falsh_init    flash_opt.o
    0x0001f75c   0x00000040   Code   RO         2052    i.uuid_list_encode  ble_advdata.o
    0x0001f79c   0x000000c4   Code   RO         2053    i.uuid_list_sized_encode  ble_advdata.o
    0x0001f860   0x00000064   Code   RO         3572    x$fpl$dleqf         fz_ps.l(dlef.o)
    0x0001f8c4   0x00000068   Code   RO         3452    x$fpl$drleqf        fz_ps.l(drlef.o)
    0x0001f92c   0x0000008c   Code   RO         3456    x$fpl$fadd          fz_ps.l(faddsub.o)
    0x0001f9b8   0x00000054   Code   RO         3473    x$fpl$fleqf         fz_ps.l(flef.o)
    0x0001fa0c   0x000000b0   Code   RO         3475    x$fpl$fmul          fz_ps.l(fmul.o)
    0x0001fabc   0x00000058   Code   RO         3477    x$fpl$frleqf        fz_ps.l(frlef.o)
    0x0001fb14   0x00000018   Code   RO         3457    x$fpl$frsb          fz_ps.l(faddsub.o)
    0x0001fb2c   0x000000d0   Code   RO         3458    x$fpl$fsub          fz_ps.l(faddsub.o)
    0x0001fbfc   0x00000000   Code   RO         3578    x$fpl$usenofp       fz_ps.l(usenofp.o)
    0x0001fbfc   0x00000010   Data   RO          738    .constdata          mesh_srv.o
    0x0001fc0c   0x0000000c   Data   RO          860    .constdata          radio_control.o
    0x0001fc18   0x00000010   Data   RO         1707    .constdata          ble_dfu.o
    0x0001fc28   0x00000030   Data   RO         1914    .constdata          bsp.o
    0x0001fc58   0x00000034   Data   RO         2268    .constdata          device_manager_peripheral.o
    0x0001fc8c   0x00000080   Data   RO         3446    .constdata          fz_ps.l(ddiv.o)
    0x0001fd0c   0x00000020   Data   RO         3716    Region$$Table       anon$$obj.o


    Execution Region RW_IRAM1 (Base: 0x20002000, Size: 0x00002378, Max: 0x00006000, ABSOLUTE, COMPRESSED[0x00000094])

    Base Addr    Size         Type   Attr      Idx    E Section Name        Object

    0x20002000   0x0000004e   Data   RW           11    .data               dispose_pkt.o
    0x2000204e   0x00000002   PAD
    0x20002050   0x00000030   Data   RW          191    .data               main.o
    0x20002080   0x0000000d   Data   RW          457    .data               pwm.o
    0x2000208d   0x00000003   PAD
    0x20002090   0x00000010   Data   RW          579    .data               flash_opt.o
    0x200020a0   0x00000020   Data   RW          619    .data               changecolor.o
    0x200020c0   0x00000004   Data   RW          739    .data               mesh_srv.o
    0x200020c4   0x00000010   Data   RW          861    .data               radio_control.o
    0x200020d4   0x00000010   Data   RW          987    .data               rbc_mesh.o
    0x200020e4   0x00000003   Data   RW         1074    .data               serial_handler.o
    0x200020e7   0x00000001   PAD
    0x200020e8   0x0000000c   Data   RW         1257    .data               timer_control.o
    0x200020f4   0x00000055   Data   RW         1358    .data               timeslot_handler.o
    0x20002149   0x00000003   PAD
    0x2000214c   0x00000005   Data   RW         1487    .data               transport_control.o
    0x20002151   0x00000003   PAD
    0x20002154   0x00000011   Data   RW         1545    .data               trickle.o
    0x20002165   0x00000003   PAD
    0x20002168   0x00000020   Data   RW         1629    .data               spi_slave.o
    0x20002188   0x00000008   Data   RW         1708    .data               ble_dfu.o
    0x20002190   0x00000009   Data   RW         1829    .data               dfu_app_handler.o
    0x20002199   0x00000003   PAD
    0x2000219c   0x0000001c   Data   RW         1915    .data               bsp.o
    0x200021b8   0x00000004   Data   RW         2003    .data               system_nrf51.o
    0x200021bc   0x00000019   Data   RW         2139    .data               ble_conn_params.o
    0x200021d5   0x00000003   PAD
    0x200021d8   0x00000014   Data   RW         2269    .data               device_manager_peripheral.o
    0x200021ec   0x0000000d   Data   RW         2500    .data               app_uart_fifo.o
    0x200021f9   0x00000003   PAD
    0x200021fc   0x0000000c   Data   RW         2645    .data               pstorage.o
    0x20002208   0x0000000c   Data   RW         2891    .data               app_gpiote.o
    0x20002214   0x0000002a   Data   RW         3045    .data               app_timer.o
    0x2000223e   0x00000002   PAD
    0x20002240   0x00000018   Data   RW         3307    .data               softdevice_handler.o
    0x20002258   0x00000458   Zero   RW           10    .bss                dispose_pkt.o
    0x200026b0   0x000003a0   Zero   RW          190    .bss                main.o
    0x20002a50   0x00000014   Zero   RW          737    .bss                mesh_srv.o
    0x20002a64   0x000002a0   Zero   RW          859    .bss                radio_control.o
    0x20002d04   0x0000018a   Zero   RW         1073    .bss                serial_handler.o
    0x20002e8e   0x00000002   PAD
    0x20002e90   0x00000010   Zero   RW         1256    .bss                timer_control.o
    0x20002ea0   0x000001b0   Zero   RW         1357    .bss                timeslot_handler.o
    0x20003050   0x00000025   Zero   RW         1486    .bss                transport_control.o
    0x20003075   0x00000040   Zero   RW         1544    .bss                trickle.o
    0x200030b5   0x00000001   PAD
    0x200030b6   0x0000002c   Zero   RW         1828    .bss                dfu_app_handler.o
    0x200030e2   0x00000002   PAD
    0x200030e4   0x0000001c   Zero   RW         2138    .bss                ble_conn_params.o
    0x20003100   0x0000010c   Zero   RW         2267    .bss                device_manager_peripheral.o
    0x2000320c   0x00000020   Zero   RW         2499    .bss                app_uart_fifo.o
    0x2000322c   0x000000ec   Zero   RW         2644    .bss                pstorage.o
    0x20003318   0x00000060   Zero   RW         3582    .bss                c_p.l(libspace.o)
    0x20003378   0x00000800   Zero   RW         1991    HEAP                arm_startup_nrf51.o
    0x20003b78   0x00000800   Zero   RW         1990    STACK               arm_startup_nrf51.o


==============================================================================

Image component sizes


      Code (inc. data)   RO Data    RW Data    ZI Data      Debug   Object Name

        56          8          0          0          0       7152   app_error.o
        74          0          0          0          0       1590   app_fifo.o
       312         22          0         12          0       4096   app_gpiote.o
         0          0          0          0          0       1380   app_scheduler.o
      2910        320          0         42          0      29763   app_timer.o
       606        108          0         13         32       8856   app_uart_fifo.o
        84         36        192          0       4096        648   arm_startup_nrf51.o
      1536          4          0          0          0      13902   ble_advdata.o
       782        130          0         25         28       9123   ble_conn_params.o
      1570         56         16          8          0      17768   ble_dfu.o
        80         18          0          0          0        972   bootloader_util_arm.o
      1556        100         48         28          0       6930   bsp.o
       426         22          0         32          0       4299   changecolor.o
      3866        304         52         20        268      26269   device_manager_peripheral.o
       470         54          0          9         44      22549   dfu_app_handler.o
      2090        216          0         78       1112      44068   dispose_pkt.o
       282         28          0         16          0       3650   flash_opt.o
      2406        148          0         48        928      66802   main.o
         0          0          0          0          0       2192   mesh_aci.o
      2252        118         16          4         20      17441   mesh_srv.o
      3358        196          0         12        236      16382   pstorage.o
      1070        158          0         13          0      26358   pwm.o
      1690        240         12         16        672      22293   radio_control.o
       286         40          0         16          0       3977   rbc_mesh.o
       316         62          0          3        394       9756   serial_handler.o
       254          0          0          0          0       3018   serial_queue.o
       414         58          0         24          0       5992   softdevice_handler.o
       456         76          0         32          0       5679   spi_slave.o
       220         26          0          4          0       1719   system_nrf51.o
      1228        228          0         12         16      13310   timer_control.o
      1512        258          0         85        432      17845   timeslot_handler.o
       736         54          0          5         37       6672   transport_control.o
       602         74          0         17         64       6464   trickle.o

    ----------------------------------------------------------------------
     33562       3162        368        600       8384     428915   Object Totals
         0          0         32          0          0          0   (incl. Generated)
        62          0          0         26          5          0   (incl. Padding)

    ----------------------------------------------------------------------

      Code (inc. data)   RO Data    RW Data    ZI Data      Debug   Library Member Name

        86          0          0          0          0          0   __dczerorl2.o
         8          0          0          0          0         68   __main.o
         0          0          0          0          0          0   __rtentry.o
        12          0          0          0          0          0   __rtentry2.o
         6          0          0          0          0          0   __rtentry4.o
        60          8          0          0          0          0   __scatter.o
        28          0          0          0          0          0   __scatter_zi.o
       346          0          0          0          0         92   aeabi_sdiv.o
        12          0          0          0          0         68   defsig_exit.o
        52          0          0          0          0         72   defsig_general.o
        80         58          0          0          0         68   defsig_rtmem_inner.o
        12          0          0          0          0         68   defsig_rtmem_outer.o
        12          0          0          0          0         64   exit.o
        98          0          0          0          0         72   h1_alloc.o
        52          0          0          0          0         68   h1_extend.o
        76          0          0          0          0         72   h1_free.o
        14          0          0          0          0         76   h1_init.o
         6          0          0          0          0        136   heapauxi.o
         4          0          0          0          0        120   hguard.o
         0          0          0          0          0          0   indicate_semi.o
       136          0          0          0          0        160   init_alloc.o
         2          0          0          0          0          0   libinit.o
        10          0          0          0          0          0   libinit2.o
         2          0          0          0          0          0   libshutdown.o
         2          0          0          0          0          0   libshutdown2.o
         8          4          0          0         96         68   libspace.o
       258          0          0          0          0         88   lludiv.o
         0          0          0          0          0          0   maybetermalloc1.o
        90          0          0          0          0         68   memcmp.o
         8          4          0          0          0         68   rt_heap_descriptor_intlibspace.o
        64          0          0          0          0        108   rt_memclr.o
       186          0          0          0          0        144   rt_memcpy.o
         2          0          0          0          0          0   rtexit.o
        10          0          0          0          0          0   rtexit2.o
        68          6          0          0          0         72   strlen.o
        12          4          0          0          0         60   sys_exit.o
        62          0          0          0          0         80   sys_stackheap_outer.o
        12          0          0          0          0         68   sys_wrch.o
         2          0          0          0          0         68   use_no_semi.o
        48          4          0          0          0         60   cmpret.o
       124          4          0          0          0         72   d2f.o
       856         20          0          0          0        208   daddsub.o
       144          4          0          0          0         76   dcmpin.o
      1096         26        128          0          0        112   ddiv.o
       108         10          0          0          0         72   dfixi.o
        88          0          0          0          0         92   dflti.o
       100          4          0          0          0         92   dlef.o
        20          6          0          0          0         68   dnan2.o
       104          4          0          0          0        104   drlef.o
       240          8          0          0          0         76   drnd.o
        84          4          0          0          0         60   f2d.o
       372          8          0          0          0        240   faddsub.o
       100          4          0          0          0         68   fcmpin.o
        76          0          0          0          0         68   ffixi.o
        94          0          0          0          0         92   fflti.o
        84          4          0          0          0         76   flef.o
       176          4          0          0          0         80   fmul.o
        16          6          0          0          0         68   fnan2.o
        88          4          0          0          0         76   frlef.o
        94          0          0          0          0         68   retnan.o
         0          0          0          0          0          0   usenofp.o
       156         14          0          0          0         84   round.o

    ----------------------------------------------------------------------
      6178        222        128          0         96       4108   Library Totals
        12          0          0          0          0          0   (incl. Padding)

    ----------------------------------------------------------------------

      Code (inc. data)   RO Data    RW Data    ZI Data      Debug   Library Name

      1898         84          0          0         96       2096   c_p.l
      4112        124        128          0          0       1928   fz_ps.l
       156         14          0          0          0         84   m_ps.l

    ----------------------------------------------------------------------
      6178        222        128          0         96       4108   Library Totals

    ----------------------------------------------------------------------

==============================================================================


      Code (inc. data)   RO Data    RW Data    ZI Data      Debug   

     39740       3384        496        600       8480     417871   Grand Totals
     39740       3384        496        148       8480     417871   ELF Image Totals (compressed)
     39740       3384        496        148          0          0   ROM Totals

==============================================================================

    Total RO  Size (Code + RO Data)                40236 (  39.29kB)
    Total RW  Size (RW Data + ZI Data)              9080 (   8.87kB)
    Total ROM Size (Code + RO Data + RW Data)      40384 (  39.44kB)

==============================================================================

