<html>
<body>
<pre>
<h1>µVision Build Log</h1>
<h2>Tool Versions:</h2>
IDE-Version: ¦ÌVision V5.15
Copyright (C) 2015 ARM Ltd and ARM Germany GmbH. All rights reserved.
License Information: hu bin, huntersun, LIC=8VR63-AF6S3-H89FS-LME4L-CSL4B-H8YE6
 
Tool Versions:
Toolchain:       MDK-ARM Standard  Version: 5.15.0
Toolchain Path:  d:\Keil_v5\ARM\ARMCC\Bin
C Compiler:      Armcc.exe V5.05 update 2 (build 169)
Assembler:       Armasm.exe V5.05 update 2 (build 169)
Linker/Locator:  ArmLink.exe V5.05 update 2 (build 169)
Library Manager: ArmAr.exe V5.05 update 2 (build 169)
Hex Converter:   FromElf.exe V5.05 update 2 (build 169)
CPU DLL:         SARMCM3.DLL V5.15.0
Dialog DLL:      DARMCM1.DLL V1.12.0.0
Target DLL:      Segger\JL2CM3.dll V2.99.15.0
Dialog DLL:      TARMCM1.DLL V1.9.0.0
 
<h2>Project:</h2>
D:\nRF51\aladdin_github\aladdin\ble_mesh_dfu_beacon_D\application\ble_mesh_dfu_becon.uvprojx
Project File Date:  10/29/2015

<h2>Output:</h2>
*** Using Compiler 'V5.05 update 2 (build 169)', folder: 'd:\Keil_v5\ARM\ARMCC\Bin'
Rebuild target 'nrf51822_s110_ac'
compiling dispose_pkt.c...
changecolor.h(7): warning:  #1-D: last line of file ends without a newline
  #endif
dispose_pkt.c(51): warning:  #177-D: variable "hsl" was declared but never referenced
      static COLOR_HSL hsl = {0};
dispose_pkt.c(242): warning:  #177-D: variable "err_code" was declared but never referenced
        uint32_t err_code;
dispose_pkt.c(245): warning:  #177-D: variable "sec_mode" was declared but never referenced
        ble_gap_conn_sec_mode_t sec_mode;
dispose_pkt.c(46): warning:  #550-D: variable "current_light_value" was set but never used
  static uint8_t                          current_light_value = 0;
dispose_pkt.c(47): warning:  #177-D: variable "is_increase" was declared but never referenced
  static bool                                                           is_increase         = true;
dispose_pkt.c: 6 warnings, 0 errors
compiling main.c...
compiling pwm.c...
compiling switch_color.c...
compiling flash_opt.c...
compiling changecolor.c...
changecolor.h(7): warning:  #1-D: last line of file ends without a newline
  #endif
changecolor.c(71): warning:  #61-D: integer operation result is out of range
      return ((int)0xFF << 24) | (red << 16) | (green << 8) | blue;
changecolor.c(112): warning:  #1-D: last line of file ends without a newline
  }
changecolor.c(4): warning:  #550-D: variable "mColor" was set but never used
  static int mColor;
changecolor.c(70): warning:  #177-D: function "rgb" was declared but never referenced
  static int rgb(int red, int green, int blue) {
changecolor.c: 5 warnings, 0 errors
compiling mesh_aci.c...
compiling mesh_srv.c...
compiling radio_control.c...
compiling rbc_mesh.c...
compiling serial_handler.c...
compiling serial_queue.c...
compiling timer_control.c...
compiling timeslot_handler.c...
compiling transport_control.c...
compiling trickle.c...
compiling spi_slave.c...
compiling ble_dfu.c...
compiling bootloader_util_arm.c...
compiling dfu_app_handler.c...
compiling bsp.c...
assembling arm_startup_nrf51.s...
compiling system_nrf51.c...
compiling ble_advdata.c...
compiling ble_conn_params.c...
compiling ble_srv_common.c...
compiling device_manager_peripheral.c...
compiling app_uart_fifo.c...
compiling pstorage.c...
compiling nrf_delay.c...
compiling app_button.c...
compiling app_error.c...
compiling app_fifo.c...
compiling app_gpiote.c...
compiling app_scheduler.c...
compiling app_timer.c...
compiling app_trace.c...
compiling ble_sensorsim.c...
compiling nrf_assert.c...
compiling retarget.c...
compiling softdevice_handler.c...
linking...
Program Size: Code=39740 RO-data=496 RW-data=600 ZI-data=8480  
FromELF: creating hex file...
".\ble_mesh_dfu_becon.axf" - 0 Error(s), 11 Warning(s).

<h2>Collection of Component include folders:</h2>
  D:\nRF51\aladdin_github\aladdin\ble_mesh_dfu_beacon_D\application\RTE
  d:\Keil_v5\ARM\PACK\NordicSemiconductor\nRF_DeviceFamilyPack\7.2.1\Device\Include

<h2>Collection of Component Files used:</h2>
</pre>
</body>
</html>
