Component: ARM Compiler 5.05 update 2 (build 169) Tool: armlink [4d0f33]

==============================================================================

Section Cross References

    dispose_pkt.o(i.auto_chg_mode_handler) refers to dispose_pkt.o(i.__ARM_common_switch8) for __ARM_common_switch8
    dispose_pkt.o(i.auto_chg_mode_handler) refers to pwm.o(i.pwm_evt_handler) for pwm_evt_handler
    dispose_pkt.o(i.auto_chg_mode_handler) refers to app_timer.o(i.app_timer_start) for app_timer_start
    dispose_pkt.o(i.auto_chg_mode_handler) refers to switch_color.o(i.rgb_to_hsl) for rgb_to_hsl
    dispose_pkt.o(i.auto_chg_mode_handler) refers to ffixui.o(.text) for __aeabi_f2uiz
    dispose_pkt.o(i.auto_chg_mode_handler) refers to fflti.o(.text) for __aeabi_ui2f
    dispose_pkt.o(i.auto_chg_mode_handler) refers to switch_color.o(i.hsl_to_rgb) for hsl_to_rgb
    dispose_pkt.o(i.auto_chg_mode_handler) refers to dispose_pkt.o(.data) for chg_mode
    dispose_pkt.o(i.auto_chg_mode_handler) refers to dispose_pkt.o(.bss) for hsl
    dispose_pkt.o(i.dispose_pkt_init) refers to rt_memcpy.o(.emb_text) for __aeabi_memcpy4
    dispose_pkt.o(i.dispose_pkt_init) refers to dispose_pkt.o(i.sl_app_timer_init) for sl_app_timer_init
    dispose_pkt.o(i.dispose_pkt_init) refers to dispose_pkt.o(i.bdaddr_2_str) for bdaddr_2_str
    dispose_pkt.o(i.dispose_pkt_init) refers to strlen.o(.text) for strlen
    dispose_pkt.o(i.dispose_pkt_init) refers to rt_memcpy.o(.text) for __aeabi_memcpy
    dispose_pkt.o(i.dispose_pkt_init) refers to rt_memclr.o(.text) for __aeabi_memclr
    dispose_pkt.o(i.dispose_pkt_init) refers to dispose_pkt.o(.constdata) for .constdata
    dispose_pkt.o(i.dispose_pkt_init) refers to dispose_pkt.o(.data) for local_addr
    dispose_pkt.o(i.dispose_pkt_init) refers to dispose_pkt.o(.bss) for local_dev_name
    dispose_pkt.o(i.dispose_recv_pkt) refers to rt_memcpy.o(.text) for __aeabi_memcpy
    dispose_pkt.o(i.dispose_recv_pkt) refers to memcmp.o(.text) for memcmp
    dispose_pkt.o(i.dispose_recv_pkt) refers to dispose_pkt.o(i.__ARM_common_switch8) for __ARM_common_switch8
    dispose_pkt.o(i.dispose_recv_pkt) refers to app_timer.o(i.app_timer_stop) for app_timer_stop
    dispose_pkt.o(i.dispose_recv_pkt) refers to pwm.o(i.pwm_evt_handler) for pwm_evt_handler
    dispose_pkt.o(i.dispose_recv_pkt) refers to rt_memclr.o(.text) for __aeabi_memclr
    dispose_pkt.o(i.dispose_recv_pkt) refers to dispose_pkt.o(i.generate_pkt_2_mesh) for generate_pkt_2_mesh
    dispose_pkt.o(i.dispose_recv_pkt) refers to rbc_mesh.o(i.rbc_mesh_value_set) for rbc_mesh_value_set
    dispose_pkt.o(i.dispose_recv_pkt) refers to app_timer.o(i.app_timer_start) for app_timer_start
    dispose_pkt.o(i.dispose_recv_pkt) refers to dispose_pkt.o(.bss) for recv_pkt_addr_hdr
    dispose_pkt.o(i.dispose_recv_pkt) refers to dispose_pkt.o(.data) for broadcast_addr
    dispose_pkt.o(i.dispose_recv_pkt) refers to pwm.o(.data) for r_value
    dispose_pkt.o(i.generate_pkt_2_mesh) refers to rt_memcpy.o(.text) for __aeabi_memcpy
    dispose_pkt.o(i.generate_pkt_2_mesh) refers to dispose_pkt.o(.bss) for recv_pkt_addr_hdr
    dispose_pkt.o(i.generate_pkt_2_mesh) refers to dispose_pkt.o(.data) for local_addr
    dispose_pkt.o(i.recv_pkt_from_mesh) refers to rt_memcpy.o(.text) for __aeabi_memcpy
    dispose_pkt.o(i.recv_pkt_from_mesh) refers to memcmp.o(.text) for memcmp
    dispose_pkt.o(i.recv_pkt_from_mesh) refers to dispose_pkt.o(i.dispose_recv_pkt) for dispose_recv_pkt
    dispose_pkt.o(i.recv_pkt_from_mesh) refers to rt_memclr.o(.text) for __aeabi_memclr
    dispose_pkt.o(i.recv_pkt_from_mesh) refers to dispose_pkt.o(.data) for version
    dispose_pkt.o(i.recv_pkt_from_mesh) refers to dispose_pkt.o(.bss) for recv_pkt_addr_hdr
    dispose_pkt.o(i.sl_app_timer_init) refers to app_timer.o(i.app_timer_create) for app_timer_create
    dispose_pkt.o(i.sl_app_timer_init) refers to dispose_pkt.o(i.auto_chg_mode_handler) for auto_chg_mode_handler
    dispose_pkt.o(i.sl_app_timer_init) refers to dispose_pkt.o(.data) for m_auto_chg_timer_id
    main.o(i.adc_start) refers to app_error.o(i.app_error_handler) for app_error_handler
    main.o(i.advertising_init) refers to rt_memclr.o(.text) for __aeabi_memclr4
    main.o(i.advertising_init) refers to ble_advdata.o(i.ble_advdata_set) for ble_advdata_set
    main.o(i.advertising_init) refers to app_error.o(i.app_error_handler) for app_error_handler
    main.o(i.advertising_init) refers to main.o(.data) for m_beacon_info
    main.o(i.advertising_start) refers to pstorage.o(i.pstorage_access_status_get) for pstorage_access_status_get
    main.o(i.advertising_start) refers to app_error.o(i.app_error_handler) for app_error_handler
    main.o(i.advertising_start) refers to rt_memclr.o(.text) for __aeabi_memclr4
    main.o(i.advertising_start) refers to device_manager_peripheral.o(i.dm_whitelist_create) for dm_whitelist_create
    main.o(i.advertising_start) refers to main.o(i.advertising_init) for advertising_init
[...]
    .data                                    0x200021a4   Section       13  app_uart_fifo.o(.data)
    m_instance_counter                       0x200021a4   Data           1  app_uart_fifo.o(.data)
    m_gpiote_uid                             0x200021a5   Data           1  app_uart_fifo.o(.data)
    m_pin_cts_mask                           0x200021a8   Data           4  app_uart_fifo.o(.data)
    m_event_handler                          0x200021ac   Data           4  app_uart_fifo.o(.data)
    m_current_state                          0x200021b0   Data           1  app_uart_fifo.o(.data)
    .data                                    0x200021b4   Section       12  pstorage.o(.data)
    m_next_app_instance                      0x200021b4   Data           2  pstorage.o(.data)
    m_next_page_addr                         0x200021b8   Data           4  pstorage.o(.data)
    m_round_val                              0x200021bc   Data           2  pstorage.o(.data)
    m_module_initialized                     0x200021be   Data           1  pstorage.o(.data)
    m_swap_state                             0x200021bf   Data           1  pstorage.o(.data)
    .data                                    0x200021c0   Section       12  app_gpiote.o(.data)
    m_enabled_users_mask                     0x200021c0   Data           4  app_gpiote.o(.data)
    m_user_array_size                        0x200021c4   Data           1  app_gpiote.o(.data)
    m_user_count                             0x200021c5   Data           1  app_gpiote.o(.data)
    mp_users                                 0x200021c8   Data           4  app_gpiote.o(.data)
    .data                                    0x200021cc   Section       42  app_timer.o(.data)
    m_node_array_size                        0x200021cc   Data           1  app_timer.o(.data)
    mp_nodes                                 0x200021d0   Data           4  app_timer.o(.data)
    m_user_array_size                        0x200021d4   Data           1  app_timer.o(.data)
    mp_users                                 0x200021d8   Data           4  app_timer.o(.data)
    m_timer_id_head                          0x200021dc   Data           4  app_timer.o(.data)
    m_ticks_latest                           0x200021e0   Data           4  app_timer.o(.data)
    m_ticks_elapsed                          0x200021e4   Data           8  app_timer.o(.data)
    m_ticks_elapsed_q_read_ind               0x200021ec   Data           1  app_timer.o(.data)
    m_ticks_elapsed_q_write_ind              0x200021ed   Data           1  app_timer.o(.data)
    m_evt_schedule_func                      0x200021f0   Data           4  app_timer.o(.data)
    m_rtc1_running                           0x200021f4   Data           1  app_timer.o(.data)
    m_rtc1_reset                             0x200021f5   Data           1  app_timer.o(.data)
    .data                                    0x200021f8   Section       24  softdevice_handler.o(.data)
    m_evt_schedule_func                      0x200021f8   Data           4  softdevice_handler.o(.data)
    m_softdevice_enabled                     0x200021fc   Data           1  softdevice_handler.o(.data)
    mp_ble_evt_buffer                        0x20002200   Data           4  softdevice_handler.o(.data)
    m_ble_evt_buffer_size                    0x20002204   Data           2  softdevice_handler.o(.data)
    m_ble_evt_handler                        0x20002208   Data           4  softdevice_handler.o(.data)
    m_sys_evt_handler                        0x2000220c   Data           4  softdevice_handler.o(.data)
    .bss                                     0x20002210   Section     1112  dispose_pkt.o(.bss)
    recv_data                                0x2000223e   Data        1026  dispose_pkt.o(.bss)
    hsl                                      0x20002640   Data          12  dispose_pkt.o(.bss)
    mesh_data                                0x2000264c   Data          28  dispose_pkt.o(.bss)
    .bss                                     0x20002668   Section      928  main.o(.bss)
    m_dfus                                   0x20002668   Data          48  main.o(.bss)
    APP_TIMER_BUF                            0x20002698   Data         800  main.o(.bss)
    BLE_EVT_BUFFER                           0x200029b8   Data          80  main.o(.bss)
    .bss                                     0x20002a08   Section       20  mesh_srv.o(.bss)
    g_mesh_service                           0x20002a08   Data          20  mesh_srv.o(.bss)
    .bss                                     0x20002a1c   Section      672  radio_control.o(.bss)
    rx_data_buf                              0x20002a1c   Data         512  radio_control.o(.bss)
    radio_fifo_queue                         0x20002c1c   Data         160  radio_control.o(.bss)
    .bss                                     0x20002cbc   Section      394  serial_handler.o(.bss)
    rx_q                                     0x20002cbc   Data         158  serial_handler.o(.bss)
    tx_q                                     0x20002d5a   Data         158  serial_handler.o(.bss)
    rx_buffer                                0x20002df8   Data          39  serial_handler.o(.bss)
    tx_buffer                                0x20002e1f   Data          39  serial_handler.o(.bss)
    .bss                                     0x20002e48   Section       16  timer_control.o(.bss)
    callbacks                                0x20002e48   Data          16  timer_control.o(.bss)
    .bss                                     0x20002e58   Section      432  timeslot_handler.o(.bss)
    async_event_fifo_queue                   0x20002e58   Data         384  timeslot_handler.o(.bss)
    evt                                      0x20002fd8   Data          48  timeslot_handler.o(.bss)
    .bss                                     0x20003008   Section       37  transport_control.o(.bss)
    tx_data                                  0x20003008   Data          37  transport_control.o(.bss)
    .bss                                     0x2000302d   Section       64  trickle.o(.bss)
    rng_vals                                 0x2000302d   Data          64  trickle.o(.bss)
    .bss                                     0x2000306e   Section       44  dfu_app_handler.o(.bss)
    m_peer_data                              0x2000306e   Data          44  dfu_app_handler.o(.bss)
    .bss                                     0x2000309c   Section       28  ble_conn_params.o(.bss)
    m_conn_params_config                     0x2000309c   Data          28  ble_conn_params.o(.bss)
    .bss                                     0x200030b8   Section      268  device_manager_peripheral.o(.bss)
    m_peer_table                             0x200030b8   Data         196  device_manager_peripheral.o(.bss)
    m_bond_table                             0x2000317c   Data          24  device_manager_peripheral.o(.bss)
    m_gatts_table                            0x20003194   Data          24  device_manager_peripheral.o(.bss)
    m_connection_table                       0x200031ac   Data          12  device_manager_peripheral.o(.bss)
    m_application_table                      0x200031b8   Data          12  device_manager_peripheral.o(.bss)
    .bss                                     0x200031c4   Section       32  app_uart_fifo.o(.bss)
    m_rx_fifo                                0x200031c4   Data          16  app_uart_fifo.o(.bss)
    m_tx_fifo                                0x200031d4   Data          16  app_uart_fifo.o(.bss)
    .bss                                     0x200031e4   Section      220  pstorage.o(.bss)
    m_cmd_queue                              0x200031e4   Data         204  pstorage.o(.bss)
    m_app_table                              0x200032b0   Data          16  pstorage.o(.bss)
    .bss                                     0x200032c0   Section       96  libspace.o(.bss)
    HEAP                                     0x20003320   Section     2048  arm_startup_nrf51.o(HEAP)
    Heap_Mem                                 0x20003320   Data        2048  arm_startup_nrf51.o(HEAP)
    STACK                                    0x20003b20   Section     2048  arm_startup_nrf51.o(STACK)
    Stack_Mem                                0x20003b20   Data        2048  arm_startup_nrf51.o(STACK)
    __initial_sp                             0x20004320   Data           0  arm_startup_nrf51.o(STACK)

    Global Symbols

    Symbol Name                              Value     Ov Type        Size  Object(Section)

    BuildAttributes$$THM_ISAv3M$S$PE$A:L22$X:L11$S22$IEEE1$IW$USESV6$~STKCKD$USESV7$~SHL$OTIME$ROPI$EBA8$UX$STANDARDLIB$REQ8$PRES8$EABIv2 0x00000000   Number         0  anon$$obj.o ABSOLUTE
    __ARM_use_no_argv                        0x00000000   Number         0  main.o ABSOLUTE
    __ARM_exceptions_init                     - Undefined Weak Reference
    __alloca_initialize                       - Undefined Weak Reference
    __arm_preinit_                            - Undefined Weak Reference
    __cpp_initialize__aeabi_                  - Undefined Weak Reference
    __cxa_finalize                            - Undefined Weak Reference
    __rt_locale                               - Undefined Weak Reference
    __sigvec_lookup                           - Undefined Weak Reference
    __user_heap_extent                        - Undefined Weak Reference
    _atexit_init                              - Undefined Weak Reference
    _call_atexit_fns                          - Undefined Weak Reference
    _clock_init                               - Undefined Weak Reference
    _fp_trap_init                             - Undefined Weak Reference
    _fp_trap_shutdown                         - Undefined Weak Reference
    _get_lc_collate                           - Undefined Weak Reference
    _get_lc_ctype                             - Undefined Weak Reference
    _get_lc_monetary                          - Undefined Weak Reference
    _get_lc_numeric                           - Undefined Weak Reference
    _get_lc_time                              - Undefined Weak Reference
    _getenv_init                              - Undefined Weak Reference
    _handle_redirection                       - Undefined Weak Reference
    _initio                                   - Undefined Weak Reference
    _mutex_acquire                            - Undefined Weak Reference
    _mutex_free                               - Undefined Weak Reference
    _mutex_release                            - Undefined Weak Reference
    _rand_init                                - Undefined Weak Reference
    _signal_finish                            - Undefined Weak Reference
    _signal_init                              - Undefined Weak Reference
    _terminateio                              - Undefined Weak Reference
    __Vectors_Size                           0x000000c0   Number         0  arm_startup_nrf51.o ABSOLUTE
    __Vectors                                0x00016000   Data           4  arm_startup_nrf51.o(RESET)
    __Vectors_End                            0x000160c0   Data           0  arm_startup_nrf51.o(RESET)
    __main                                   0x000160c1   Thumb Code     8  __main.o(!!!main)
    __scatterload                            0x000160c9   Thumb Code     0  __scatter.o(!!!scatter)
    __scatterload_rt2                        0x000160c9   Thumb Code    52  __scatter.o(!!!scatter)
    __scatterload_rt2_thumb_only             0x000160c9   Thumb Code     0  __scatter.o(!!!scatter)
    __scatterload_null                       0x000160d9   Thumb Code     0  __scatter.o(!!!scatter)
    __scatterload_zeroinit                   0x00016105   Thumb Code    28  __scatter_zi.o(!!handler_zi)
    __rt_lib_init                            0x00016121   Thumb Code     0  libinit.o(.ARM.Collect$$libinit$$00000000)
    __rt_lib_init_fp_1                       0x00016123   Thumb Code     0  libinit2.o(.ARM.Collect$$libinit$$00000002)
    __rt_lib_init_heap_2                     0x00016123   Thumb Code     0  libinit2.o(.ARM.Collect$$libinit$$00000005)
    __rt_lib_init_preinit_1                  0x00016123   Thumb Code     0  libinit2.o(.ARM.Collect$$libinit$$00000004)
    __rt_lib_init_alloca_1                   0x0001612b   Thumb Code     0  libinit2.o(.ARM.Collect$$libinit$$0000002E)
    __rt_lib_init_argv_1                     0x0001612b   Thumb Code     0  libinit2.o(.ARM.Collect$$libinit$$0000002C)
    __rt_lib_init_atexit_1                   0x0001612b   Thumb Code     0  libinit2.o(.ARM.Collect$$libinit$$0000001B)
    __rt_lib_init_clock_1                    0x0001612b   Thumb Code     0  libinit2.o(.ARM.Collect$$libinit$$00000021)
    __rt_lib_init_cpp_1                      0x0001612b   Thumb Code     0  libinit2.o(.ARM.Collect$$libinit$$00000032)
    __rt_lib_init_exceptions_1               0x0001612b   Thumb Code     0  libinit2.o(.ARM.Collect$$libinit$$00000030)
    __rt_lib_init_fp_trap_1                  0x0001612b   Thumb Code     0  libinit2.o(.ARM.Collect$$libinit$$0000001F)
    __rt_lib_init_getenv_1                   0x0001612b   Thumb Code     0  libinit2.o(.ARM.Collect$$libinit$$00000023)
    __rt_lib_init_heap_1                     0x0001612b   Thumb Code     0  libinit2.o(.ARM.Collect$$libinit$$0000000A)
    __rt_lib_init_lc_collate_1               0x0001612b   Thumb Code     0  libinit2.o(.ARM.Collect$$libinit$$00000011)
    __rt_lib_init_lc_ctype_1                 0x0001612b   Thumb Code     0  libinit2.o(.ARM.Collect$$libinit$$00000013)
    __rt_lib_init_lc_monetary_1              0x0001612b   Thumb Code     0  libinit2.o(.ARM.Collect$$libinit$$00000015)
    __rt_lib_init_lc_numeric_1               0x0001612b   Thumb Code     0  libinit2.o(.ARM.Collect$$libinit$$00000017)
    __rt_lib_init_lc_time_1                  0x0001612b   Thumb Code     0  libinit2.o(.ARM.Collect$$libinit$$00000019)
    __rt_lib_init_rand_1                     0x0001612b   Thumb Code     0  libinit2.o(.ARM.Collect$$libinit$$0000000E)
    __rt_lib_init_return                     0x0001612b   Thumb Code     0  libinit2.o(.ARM.Collect$$libinit$$00000033)
    __rt_lib_init_signal_1                   0x0001612b   Thumb Code     0  libinit2.o(.ARM.Collect$$libinit$$0000001D)
    __rt_lib_init_stdio_1                    0x0001612b   Thumb Code     0  libinit2.o(.ARM.Collect$$libinit$$00000025)
    __rt_lib_init_user_alloc_1               0x0001612b   Thumb Code     0  libinit2.o(.ARM.Collect$$libinit$$0000000C)
    __rt_lib_shutdown                        0x0001612d   Thumb Code     0  libshutdown.o(.ARM.Collect$$libshutdown$$00000000)
    __rt_lib_shutdown_fp_trap_1              0x0001612f   Thumb Code     0  libshutdown2.o(.ARM.Collect$$libshutdown$$00000006)
    __rt_lib_shutdown_heap_1                 0x0001612f   Thumb Code     0  libshutdown2.o(.ARM.Collect$$libshutdown$$0000000E)
    __rt_lib_shutdown_return                 0x0001612f   Thumb Code     0  libshutdown2.o(.ARM.Collect$$libshutdown$$0000000F)
    __rt_lib_shutdown_signal_1               0x0001612f   Thumb Code     0  libshutdown2.o(.ARM.Collect$$libshutdown$$00000009)
    __rt_lib_shutdown_stdio_1                0x0001612f   Thumb Code     0  libshutdown2.o(.ARM.Collect$$libshutdown$$00000003)
    __rt_lib_shutdown_user_alloc_1           0x0001612f   Thumb Code     0  libshutdown2.o(.ARM.Collect$$libshutdown$$0000000B)
    __rt_entry                               0x00016131   Thumb Code     0  __rtentry.o(.ARM.Collect$$rtentry$$00000000)
    __rt_entry_presh_1                       0x00016131   Thumb Code     0  __rtentry2.o(.ARM.Collect$$rtentry$$00000002)
    __rt_entry_sh                            0x00016131   Thumb Code     0  __rtentry4.o(.ARM.Collect$$rtentry$$00000004)
    __rt_entry_li                            0x00016137   Thumb Code     0  __rtentry2.o(.ARM.Collect$$rtentry$$0000000A)
    __rt_entry_postsh_1                      0x00016137   Thumb Code     0  __rtentry2.o(.ARM.Collect$$rtentry$$00000009)
    __rt_entry_main                          0x0001613b   Thumb Code     0  __rtentry2.o(.ARM.Collect$$rtentry$$0000000D)
    __rt_entry_postli_1                      0x0001613b   Thumb Code     0  __rtentry2.o(.ARM.Collect$$rtentry$$0000000C)
    __rt_exit                                0x00016143   Thumb Code     0  rtexit.o(.ARM.Collect$$rtexit$$00000000)
    __rt_exit_ls                             0x00016145   Thumb Code     0  rtexit2.o(.ARM.Collect$$rtexit$$00000003)
    __rt_exit_prels_1                        0x00016145   Thumb Code     0  rtexit2.o(.ARM.Collect$$rtexit$$00000002)
    __rt_exit_exit                           0x00016149   Thumb Code     0  rtexit2.o(.ARM.Collect$$rtexit$$00000004)
    __asm___21_bootloader_util_arm_c_c13d365c__bootloader_util_reset 0x00016151   Thumb Code    52  bootloader_util_arm.o(.emb_text)
    __asm___11_app_timer_c_cd27f9c3__nrf_delay_us 0x00016195   Thumb Code    30  app_timer.o(.emb_text)
    __aeabi_memcpy4                          0x000161b5   Thumb Code    56  rt_memcpy.o(.emb_text)
    __aeabi_memcpy8                          0x000161b5   Thumb Code     0  rt_memcpy.o(.emb_text)
    Reset_Handler                            0x000161ed   Thumb Code    26  arm_startup_nrf51.o(.text)
    _maybe_terminate_alloc                   0x000161ed   Thumb Code     0  maybetermalloc1.o(.emb_text)
    NMI_Handler                              0x00016207   Thumb Code     2  arm_startup_nrf51.o(.text)
    HardFault_Handler                        0x00016209   Thumb Code     2  arm_startup_nrf51.o(.text)
    SVC_Handler                              0x0001620b   Thumb Code     2  arm_startup_nrf51.o(.text)
    PendSV_Handler                           0x0001620d   Thumb Code     2  arm_startup_nrf51.o(.text)
    SysTick_Handler                          0x0001620f   Thumb Code     2  arm_startup_nrf51.o(.text)
    CCM_AAR_IRQHandler                       0x00016211   Thumb Code     0  arm_startup_nrf51.o(.text)
    ECB_IRQHandler                           0x00016211   Thumb Code     0  arm_startup_nrf51.o(.text)
    LPCOMP_IRQHandler                        0x00016211   Thumb Code     0  arm_startup_nrf51.o(.text)
    POWER_CLOCK_IRQHandler                   0x00016211   Thumb Code     0  arm_startup_nrf51.o(.text)
    QDEC_IRQHandler                          0x00016211   Thumb Code     0  arm_startup_nrf51.o(.text)
    RADIO_IRQHandler                         0x00016211   Thumb Code     0  arm_startup_nrf51.o(.text)
    RNG_IRQHandler                           0x00016211   Thumb Code     0  arm_startup_nrf51.o(.text)
    RTC0_IRQHandler                          0x00016211   Thumb Code     0  arm_startup_nrf51.o(.text)
    SPI0_TWI0_IRQHandler                     0x00016211   Thumb Code     0  arm_startup_nrf51.o(.text)
    SWI1_IRQHandler                          0x00016211   Thumb Code     0  arm_startup_nrf51.o(.text)
    SWI3_IRQHandler                          0x00016211   Thumb Code     0  arm_startup_nrf51.o(.text)
    SWI4_IRQHandler                          0x00016211   Thumb Code     0  arm_startup_nrf51.o(.text)
    SWI5_IRQHandler                          0x00016211   Thumb Code     0  arm_startup_nrf51.o(.text)
    TEMP_IRQHandler                          0x00016211   Thumb Code     0  arm_startup_nrf51.o(.text)
    TIMER0_IRQHandler                        0x00016211   Thumb Code     0  arm_startup_nrf51.o(.text)
    TIMER1_IRQHandler                        0x00016211   Thumb Code     0  arm_startup_nrf51.o(.text)
    WDT_IRQHandler                           0x00016211   Thumb Code     0  arm_startup_nrf51.o(.text)
    __user_initial_stackheap                 0x00016215   Thumb Code     0  arm_startup_nrf51.o(.text)
    malloc                                   0x00016241   Thumb Code    98  h1_alloc.o(.text)
    __aeabi_uldivmod                         0x000162a3   Thumb Code   258  lludiv.o(.text)
    _ll_udiv                                 0x000162a3   Thumb Code     0  lludiv.o(.text)
    memcmp                                   0x000163a5   Thumb Code    90  memcmp.o(.text)
    strlen                                   0x00016401   Thumb Code    62  strlen.o(.text)
    __aeabi_memcpy                           0x00016445   Thumb Code   130  rt_memcpy.o(.text)
    __rt_memcpy                              0x00016445   Thumb Code     0  rt_memcpy.o(.text)
    _memset_w                                0x000164c7   Thumb Code    26  rt_memclr.o(.text)
    _memset                                  0x000164e1   Thumb Code    30  rt_memclr.o(.text)
    __aeabi_memclr                           0x000164ff   Thumb Code     4  rt_memclr.o(.text)
    __rt_memclr                              0x000164ff   Thumb Code     0  rt_memclr.o(.text)
    __aeabi_memclr4                          0x00016503   Thumb Code     0  rt_memclr.o(.text)
    __aeabi_memclr8                          0x00016503   Thumb Code     0  rt_memclr.o(.text)
    __rt_memclr_w                            0x00016503   Thumb Code     4  rt_memclr.o(.text)
    __aeabi_uidiv                            0x00016507   Thumb Code     0  aeabi_sdiv.o(.text)
    __aeabi_uidivmod                         0x00016507   Thumb Code    20  aeabi_sdiv.o(.text)
    __aeabi_idiv                             0x0001651b   Thumb Code     0  aeabi_sdiv.o(.text)
    __aeabi_idivmod                          0x0001651b   Thumb Code   326  aeabi_sdiv.o(.text)
    __use_two_region_memory                  0x00016661   Thumb Code     2  heapauxi.o(.text)
    __rt_heap_escrow                         0x00016663   Thumb Code     2  heapauxi.o(.text)
    __rt_heap_expand                         0x00016665   Thumb Code     2  heapauxi.o(.text)
    __aeabi_d2f                              0x00016669   Thumb Code     0  d2f.o(.text)
    _d2f                                     0x00016669   Thumb Code   120  d2f.o(.text)
    __aeabi_ddiv                             0x000166e5   Thumb Code     0  ddiv.o(.text)
    _ddiv                                    0x000166e5   Thumb Code  1072  ddiv.o(.text)
    _drdiv                                   0x00016b15   Thumb Code    20  ddiv.o(.text)
    __aeabi_f2d                              0x00016b2d   Thumb Code     0  f2d.o(.text)
    _f2d                                     0x00016b2d   Thumb Code    80  f2d.o(.text)
    __aeabi_fdiv                             0x00016b81   Thumb Code     0  fdiv.o(.text)
    _fdiv                                    0x00016b81   Thumb Code   334  fdiv.o(.text)
    _frdiv                                   0x00016ccf   Thumb Code     8  fdiv.o(.text)
    __aeabi_f2uiz                            0x00016ce1   Thumb Code     0  ffixui.o(.text)
    _ffixu                                   0x00016ce1   Thumb Code    48  ffixui.o(.text)
    __aeabi_i2f_normalise                    0x00016d11   Thumb Code    72  fflti.o(.text)
    __aeabi_i2f                              0x00016d59   Thumb Code    16  fflti.o(.text)
    _fflt                                    0x00016d59   Thumb Code     0  fflti.o(.text)
    __aeabi_ui2f                             0x00016d69   Thumb Code     6  fflti.o(.text)
    _ffltu                                   0x00016d69   Thumb Code     0  fflti.o(.text)
    __rt_heap_descriptor                     0x00016d71   Thumb Code     8  rt_heap_descriptor_intlibspace.o(.text)
    __use_no_heap                            0x00016d79   Thumb Code     2  hguard.o(.text)
    __heap$guard                             0x00016d7b   Thumb Code     2  hguard.o(.text)
    _terminate_user_alloc                    0x00016d7d   Thumb Code     2  init_alloc.o(.text)
    _init_user_alloc                         0x00016d7f   Thumb Code     2  init_alloc.o(.text)
    __Heap_Full                              0x00016d81   Thumb Code    32  init_alloc.o(.text)
    __Heap_Broken                            0x00016da1   Thumb Code    10  init_alloc.o(.text)
    _init_alloc                              0x00016dab   Thumb Code    90  init_alloc.o(.text)
    __Heap_Initialize                        0x00016e05   Thumb Code    10  h1_init.o(.text)
    __Heap_DescSize                          0x00016e0f   Thumb Code     4  h1_init.o(.text)
    free                                     0x00016e13   Thumb Code    76  h1_free.o(.text)
    __fpl_fcmp_InfNaN                        0x00016e61   Thumb Code    96  fcmpin.o(.text)
    __user_libspace                          0x00016ec5   Thumb Code     8  libspace.o(.text)
    __user_perproc_libspace                  0x00016ec5   Thumb Code     0  libspace.o(.text)
    __user_perthread_libspace                0x00016ec5   Thumb Code     0  libspace.o(.text)
    __Heap_ProvideMemory                     0x00016ecd   Thumb Code    52  h1_extend.o(.text)
    __rt_SIGRTMEM                            0x00016f01   Thumb Code    12  defsig_rtmem_outer.o(.text)
    __fpl_cmpreturn                          0x00016f0d   Thumb Code    44  cmpret.o(.text)
    __fpl_fcheck_NaN2                        0x00016f3d   Thumb Code    10  fnan2.o(.text)
    __I$use$semihosting                      0x00016f4d   Thumb Code     0  use_no_semi.o(.text)
    __use_no_semihosting_swi                 0x00016f4d   Thumb Code     2  use_no_semi.o(.text)
    __semihosting_library_function           0x00016f4f   Thumb Code     0  indicate_semi.o(.text)
    __user_setup_stackheap                   0x00016f4f   Thumb Code    62  sys_stackheap_outer.o(.text)
    exit                                     0x00016f8d   Thumb Code    12  exit.o(.text)
    __sig_exit                               0x00016f99   Thumb Code    12  defsig_exit.o(.text)
    __rt_SIGRTMEM_inner                      0x00016fa5   Thumb Code    22  defsig_rtmem_inner.o(.text)
    __fpl_return_NaN                         0x00016ff5   Thumb Code    94  retnan.o(.text)
    _sys_exit                                0x00017055   Thumb Code     8  sys_exit.o(.text)
    __default_signal_display                 0x00017061   Thumb Code    52  defsig_general.o(.text)
    _ttywrch                                 0x00017095   Thumb Code    12  sys_wrch.o(.text)
    __decompress                             0x000170a1   Thumb Code     0  __dczerorl2.o(.text)
    __decompress1                            0x000170a1   Thumb Code    86  __dczerorl2.o(.text)
    ADC_IRQHandler                           0x000170f7   Thumb Code     2  main.o(i.ADC_IRQHandler)
    GPIOTE_IRQHandler                        0x000170f9   Thumb Code   162  app_gpiote.o(i.GPIOTE_IRQHandler)
    RBC_GPIOTE_IRQHandler                    0x000172f1   Thumb Code    74  serial_handler.o(i.RBC_GPIOTE_IRQHandler)
    RTC1_IRQHandler                          0x0001734d   Thumb Code    34  app_timer.o(i.RTC1_IRQHandler)
    SPI1_TWI1_IRQHandler                     0x00017375   Thumb Code   110  spi_slave.o(i.SPI1_TWI1_IRQHandler)
    SWI0_IRQHandler                          0x00017405   Thumb Code    12  app_timer.o(i.SWI0_IRQHandler)
    SWI2_IRQHandler                          0x00017411   Thumb Code    50  softdevice_handler.o(i.SWI2_IRQHandler)
    SystemInit                               0x00017449   Thumb Code    38  system_nrf51.o(i.SystemInit)
    TIMER2_IRQHandler                        0x00017481   Thumb Code     2  pwm.o(i.TIMER2_IRQHandler)
    UART0_IRQHandler                         0x00017485   Thumb Code   146  app_uart_fifo.o(i.UART0_IRQHandler)
    __ARM_common_switch8                     0x00017529   Thumb Code    28  dispose_pkt.o(i.__ARM_common_switch8)
    action_tx_stop                           0x000175b9   Thumb Code    28  app_uart_fifo.o(i.action_tx_stop)
    app_error_handler                        0x00017a25   Thumb Code    48  app_error.o(i.app_error_handler)
    app_fifo_get                             0x00017a79   Thumb Code    36  app_fifo.o(i.app_fifo_get)
    app_fifo_put                             0x00017a9d   Thumb Code    38  app_fifo.o(i.app_fifo_put)
    app_timer_create                         0x00017b31   Thumb Code   108  app_timer.o(i.app_timer_create)
    app_timer_init                           0x00017ba5   Thumb Code   204  app_timer.o(i.app_timer_init)
    app_timer_start                          0x00017c95   Thumb Code    98  app_timer.o(i.app_timer_start)
    app_timer_stop                           0x00017d01   Thumb Code    60  app_timer.o(i.app_timer_stop)
    ble_advdata_set                          0x00018171   Thumb Code   122  ble_advdata.o(i.ble_advdata_set)
    ble_conn_params_init                     0x000181ed   Thumb Code    90  ble_conn_params.o(i.ble_conn_params_init)
    ble_conn_params_on_ble_evt               0x00018265   Thumb Code    62  ble_conn_params.o(i.ble_conn_params_on_ble_evt)
    ble_conn_params_stop                     0x000182a5   Thumb Code    12  ble_conn_params.o(i.ble_conn_params_stop)
    ble_dfu_init                             0x000182b5   Thumb Code   162  ble_dfu.o(i.ble_dfu_init)
    ble_dfu_on_ble_evt                       0x00018365   Thumb Code    90  ble_dfu.o(i.ble_dfu_on_ble_evt)
    ble_dfu_response_send                    0x000183c1   Thumb Code   128  ble_dfu.o(i.ble_dfu_response_send)
    bond_data_load                           0x00018519   Thumb Code    62  device_manager_peripheral.o(i.bond_data_load)
    bootloader_util_app_start                0x00018601   Thumb Code    12  bootloader_util_arm.o(i.bootloader_util_app_start)
    bsp_button_is_pressed                    0x00018659   Thumb Code    46  bsp.o(i.bsp_button_is_pressed)
    bsp_buttons_enable                       0x00018691   Thumb Code   166  bsp.o(i.bsp_buttons_enable)
    bsp_indication_set                       0x0001873d   Thumb Code    30  bsp.o(i.bsp_indication_set)
    dfu_app_on_dfu_evt                       0x000194dd   Thumb Code    92  dfu_app_handler.o(i.dfu_app_on_dfu_evt)
    dfu_app_reset_prepare_set                0x0001953d   Thumb Code     6  dfu_app_handler.o(i.dfu_app_reset_prepare_set)
    dfu_app_set_dm_handle                    0x00019549   Thumb Code    32  dfu_app_handler.o(i.dfu_app_set_dm_handle)
    dispose_pkt_init                         0x00019875   Thumb Code    88  dispose_pkt.o(i.dispose_pkt_init)
    dispose_recv_pkt                         0x000198e1   Thumb Code   492  dispose_pkt.o(i.dispose_recv_pkt)
    dm_ble_evt_handler                       0x00019b05   Thumb Code  1300  device_manager_peripheral.o(i.dm_ble_evt_handler)
    dm_distributed_keys_get                  0x0001a02d   Thumb Code   140  device_manager_peripheral.o(i.dm_distributed_keys_get)
    dm_handle_initialize                     0x0001a0cd   Thumb Code    24  device_manager_peripheral.o(i.dm_handle_initialize)
    dm_init                                  0x0001a0e9   Thumb Code   222  device_manager_peripheral.o(i.dm_init)
    dm_register                              0x0001a3cd   Thumb Code   102  device_manager_peripheral.o(i.dm_register)
    dm_whitelist_create                      0x0001a441   Thumb Code   198  device_manager_peripheral.o(i.dm_whitelist_create)
    generate_pkt_2_mesh                      0x0001aa79   Thumb Code   176  dispose_pkt.o(i.generate_pkt_2_mesh)
    hsl_to_rgb                               0x0001abf5   Thumb Code   598  switch_color.o(i.hsl_to_rgb)
    intern_softdevice_events_execute         0x0001ae69   Thumb Code   168  softdevice_handler.o(i.intern_softdevice_events_execute)
    main                                     0x0001b261   Thumb Code   120  main.o(i.main)
    mesh_srv_char_val_get                    0x0001b4b9   Thumb Code   106  mesh_srv.o(i.mesh_srv_char_val_get)
    mesh_srv_char_val_set                    0x0001b52d   Thumb Code   258  mesh_srv.o(i.mesh_srv_char_val_set)
    mesh_srv_conn_handle_update              0x0001b645   Thumb Code    10  mesh_srv.o(i.mesh_srv_conn_handle_update)
    mesh_srv_gatts_evt_write_handle          0x0001b655   Thumb Code   192  mesh_srv.o(i.mesh_srv_gatts_evt_write_handle)
    mesh_srv_get_next_processing_time        0x0001b71d   Thumb Code   100  mesh_srv.o(i.mesh_srv_get_next_processing_time)
    mesh_srv_init                            0x0001b789   Thumb Code   188  mesh_srv.o(i.mesh_srv_init)
    mesh_srv_packet_assemble                 0x0001b855   Thumb Code   188  mesh_srv.o(i.mesh_srv_packet_assemble)
    mesh_srv_packet_process                  0x0001b919   Thumb Code   442  mesh_srv.o(i.mesh_srv_packet_process)
    pstorage_access_status_get               0x0001c3f9   Thumb Code    36  pstorage.o(i.pstorage_access_status_get)
    pstorage_block_identifier_get            0x0001c425   Thumb Code   136  pstorage.o(i.pstorage_block_identifier_get)
    pstorage_clear                           0x0001c4b5   Thumb Code   166  pstorage.o(i.pstorage_clear)
    pstorage_init                            0x0001c565   Thumb Code   196  pstorage.o(i.pstorage_init)
    pstorage_load                            0x0001c649   Thumb Code   226  pstorage.o(i.pstorage_load)
    pstorage_register                        0x0001c735   Thumb Code   362  pstorage.o(i.pstorage_register)
    pstorage_store                           0x0001c8b5   Thumb Code   202  pstorage.o(i.pstorage_store)
    pstorage_sys_event_handler               0x0001c989   Thumb Code   326  pstorage.o(i.pstorage_sys_event_handler)
    pstorage_update                          0x0001cae1   Thumb Code   202  pstorage.o(i.pstorage_update)
    pwm_evt_handler                          0x0001cbb5   Thumb Code   222  pwm.o(i.pwm_evt_handler)
    pwm_init                                 0x0001cca5   Thumb Code    26  pwm.o(i.pwm_init)
    radio_disable                            0x0001cd11   Thumb Code    48  radio_control.o(i.radio_disable)
    radio_event_handler                      0x0001cd55   Thumb Code    88  radio_control.o(i.radio_event_handler)
    radio_init                               0x0001cf01   Thumb Code   130  radio_control.o(i.radio_init)
    radio_order                              0x0001cfad   Thumb Code   256  radio_control.o(i.radio_order)
    rbc_mesh_SWI0_IRQHandler                 0x0001d535   Thumb Code    50  timeslot_handler.o(i.rbc_mesh_SWI0_IRQHandler)
    rbc_mesh_access_address_get              0x0001d575   Thumb Code    24  rbc_mesh.o(i.rbc_mesh_access_address_get)
    rbc_mesh_ble_evt_handler                 0x0001d595   Thumb Code    72  rbc_mesh.o(i.rbc_mesh_ble_evt_handler)
    rbc_mesh_channel_get                     0x0001d5e1   Thumb Code    24  rbc_mesh.o(i.rbc_mesh_channel_get)
    rbc_mesh_event_handler                   0x0001d601   Thumb Code   144  main.o(i.rbc_mesh_event_handler)
    rbc_mesh_init                            0x0001d6a5   Thumb Code   104  rbc_mesh.o(i.rbc_mesh_init)
    rbc_mesh_sys_evt_handler                 0x0001d721   Thumb Code    52  timeslot_handler.o(i.rbc_mesh_sys_evt_handler)
    rbc_mesh_value_set                       0x0001d75d   Thumb Code    22  rbc_mesh.o(i.rbc_mesh_value_set)
    restart_pwm                              0x0001d7f1   Thumb Code    12  pwm.o(i.restart_pwm)
    rgb_to_hsl                               0x0001d805   Thumb Code   732  switch_color.o(i.rgb_to_hsl)
    serial_queue_dequeue                     0x0001dcb9   Thumb Code   132  serial_queue.o(i.serial_queue_dequeue)
    serial_queue_is_empty                    0x0001dd3d   Thumb Code    58  serial_queue.o(i.serial_queue_is_empty)
    serial_queue_is_full                     0x0001dd77   Thumb Code    64  serial_queue.o(i.serial_queue_is_full)
    softdevice_assertion_handler             0x0001dee9   Thumb Code    18  softdevice_handler.o(i.softdevice_assertion_handler)
    softdevice_ble_evt_handler_set           0x0001defd   Thumb Code    18  softdevice_handler.o(i.softdevice_ble_evt_handler_set)
    softdevice_handler_init                  0x0001df15   Thumb Code    84  softdevice_handler.o(i.softdevice_handler_init)
    softdevice_sys_evt_handler_set           0x0001df7d   Thumb Code    18  softdevice_handler.o(i.softdevice_sys_evt_handler_set)
    spi_slave_buffers_set                    0x0001df95   Thumb Code    92  spi_slave.o(i.spi_slave_buffers_set)
    start_timer1                             0x0001e015   Thumb Code     8  pwm.o(i.start_timer1)
    start_timer2                             0x0001e021   Thumb Code    12  pwm.o(i.start_timer2)
    stop_pwm                                 0x0001e0e9   Thumb Code   116  pwm.o(i.stop_pwm)
    timer_abort                              0x0001e4f5   Thumb Code    58  timer_control.o(i.timer_abort)
    timer_event_handler                      0x0001e541   Thumb Code   226  timer_control.o(i.timer_event_handler)
    timer_get_timestamp                      0x0001e64d   Thumb Code    66  timer_control.o(i.timer_get_timestamp)
    timer_init                               0x0001e69d   Thumb Code    50  timer_control.o(i.timer_init)
    timer_order_cb                           0x0001e8ed   Thumb Code    98  timer_control.o(i.timer_order_cb)
    timer_order_cb_ppi                       0x0001e969   Thumb Code   164  timer_control.o(i.timer_order_cb_ppi)
    timer_order_cb_sync_exec                 0x0001ea2d   Thumb Code   112  timer_control.o(i.timer_order_cb_sync_exec)
    timer_order_ppi                          0x0001eab9   Thumb Code   130  timer_control.o(i.timer_order_ppi)
    timer_reference_point_set                0x0001eb55   Thumb Code     6  timer_control.o(i.timer_reference_point_set)
    timeslot_extend                          0x0001ecfd   Thumb Code    38  timeslot_handler.o(i.timeslot_extend)
    timeslot_get_end_time                    0x0001ed35   Thumb Code    16  timeslot_handler.o(i.timeslot_get_end_time)
    timeslot_get_remaining_time              0x0001ed4d   Thumb Code    42  timeslot_handler.o(i.timeslot_get_remaining_time)
    timeslot_handler_init                    0x0001ed81   Thumb Code   100  timeslot_handler.o(i.timeslot_handler_init)
    timeslot_order_earliest                  0x0001ee01   Thumb Code    52  timeslot_handler.o(i.timeslot_order_earliest)
    timeslot_queue_async_event               0x0001ee45   Thumb Code    38  timeslot_handler.o(i.timeslot_queue_async_event)
    transport_control_step                   0x0001ee71   Thumb Code   106  transport_control.o(i.transport_control_step)
    transport_control_timeslot_begin         0x0001eee9   Thumb Code    36  transport_control.o(i.transport_control_timeslot_begin)
    trickle_init                             0x0001ef15   Thumb Code    24  trickle.o(i.trickle_init)
    trickle_next_processing_get              0x0001efc9   Thumb Code    20  trickle.o(i.trickle_next_processing_get)
    trickle_register_tx                      0x0001efdd   Thumb Code    10  trickle.o(i.trickle_register_tx)
    trickle_rx_consistent                    0x0001efe7   Thumb Code     8  trickle.o(i.trickle_rx_consistent)
    trickle_rx_inconsistent                  0x0001eff1   Thumb Code    22  trickle.o(i.trickle_rx_inconsistent)
    trickle_setup                            0x0001f00d   Thumb Code   162  trickle.o(i.trickle_setup)
    trickle_step                             0x0001f0c5   Thumb Code   110  trickle.o(i.trickle_step)
    trickle_time_update                      0x0001f271   Thumb Code     6  trickle.o(i.trickle_time_update)
    trickle_timer_reset                      0x0001f27d   Thumb Code    26  trickle.o(i.trickle_timer_reset)
    __aeabi_fadd                             0x0001f545   Thumb Code     0  faddsub.o(x$fpl$fadd)
    _fadd                                    0x0001f545   Thumb Code   134  faddsub.o(x$fpl$fadd)
    __aeabi_cfcmpeq                          0x0001f5d1   Thumb Code     0  feqf.o(x$fpl$feqf)
    _fcmpeq                                  0x0001f5d1   Thumb Code    78  feqf.o(x$fpl$feqf)
    __aeabi_cfcmple                          0x0001f625   Thumb Code     0  flef.o(x$fpl$fleqf)
    _fcmple                                  0x0001f625   Thumb Code    78  flef.o(x$fpl$fleqf)
    __aeabi_fmul                             0x0001f679   Thumb Code     0  fmul.o(x$fpl$fmul)
    _fmul                                    0x0001f679   Thumb Code   172  fmul.o(x$fpl$fmul)
    __aeabi_cfrcmple                         0x0001f729   Thumb Code     0  frlef.o(x$fpl$frleqf)
    _frcmple                                 0x0001f729   Thumb Code    84  frlef.o(x$fpl$frleqf)
    __aeabi_frsub                            0x0001f781   Thumb Code     0  faddsub.o(x$fpl$frsb)
    _frsb                                    0x0001f781   Thumb Code    24  faddsub.o(x$fpl$frsb)
    __aeabi_fsub                             0x0001f799   Thumb Code     0  faddsub.o(x$fpl$fsub)
    _fsub                                    0x0001f799   Thumb Code   204  faddsub.o(x$fpl$fsub)
    __I$use$fp                               0x0001f868   Number         0  usenofp.o(x$fpl$usenofp)
    m_service_context_store                  0x0001f8d8   Data          16  device_manager_peripheral.o(.constdata)
    m_service_context_load                   0x0001f8e8   Data          16  device_manager_peripheral.o(.constdata)
    m_service_context_apply                  0x0001f8f8   Data          16  device_manager_peripheral.o(.constdata)
    m_context_init_len                       0x0001f908   Data           4  device_manager_peripheral.o(.constdata)
    Region$$Table$$Base                      0x0001f9cc   Number         0  anon$$obj.o(Region$$Table)
    Region$$Table$$Limit                     0x0001f9ec   Number         0  anon$$obj.o(Region$$Table)
    broadcast_addr                           0x20002008   Data           6  dispose_pkt.o(.data)
    r_value                                  0x20002068   Data           4  pwm.o(.data)
    g_value                                  0x2000206c   Data           4  pwm.o(.data)
    b_value                                  0x20002070   Data           4  pwm.o(.data)
    SystemCoreClock                          0x20002170   Data           4  system_nrf51.o(.data)
    local_dev_name                           0x20002210   Data          34  dispose_pkt.o(.bss)
    recv_pkt_addr_hdr                        0x20002232   Data          12  dispose_pkt.o(.bss)
    __libspace_start                         0x200032c0   Data          96  libspace.o(.bss)
    __temporary_stack_top$libspace           0x20003320   Data           0  libspace.o(.bss)



==============================================================================

Memory Map of the image

  Image Entry point : 0x000160c1

  Load Region LR_IROM1 (Base: 0x00016000, Size: 0x00009bfc, Max: 0x00029000, ABSOLUTE, COMPRESSED[0x00009a6c])

    Execution Region ER_IROM1 (Base: 0x00016000, Size: 0x000099ec, Max: 0x00029000, ABSOLUTE)

    Base Addr    Size         Type   Attr      Idx    E Section Name        Object

    0x00016000   0x000000c0   Data   RO         1896    RESET               arm_startup_nrf51.o
    0x000160c0   0x00000008   Code   RO         3343  * !!!main             c_p.l(__main.o)
    0x000160c8   0x0000003c   Code   RO         3604    !!!scatter          c_p.l(__scatter.o)
    0x00016104   0x0000001c   Code   RO         3606    !!handler_zi        c_p.l(__scatter_zi.o)
    0x00016120   0x00000002   Code   RO         3539    .ARM.Collect$$libinit$$00000000  c_p.l(libinit.o)
    0x00016122   0x00000000   Code   RO         3418    .ARM.Collect$$libinit$$00000002  c_p.l(libinit2.o)
    0x00016122   0x00000000   Code   RO         3420    .ARM.Collect$$libinit$$00000004  c_p.l(libinit2.o)
    0x00016122   0x00000008   Code   RO         3421    .ARM.Collect$$libinit$$00000005  c_p.l(libinit2.o)
    0x0001612a   0x00000000   Code   RO         3423    .ARM.Collect$$libinit$$0000000A  c_p.l(libinit2.o)
    0x0001612a   0x00000000   Code   RO         3425    .ARM.Collect$$libinit$$0000000C  c_p.l(libinit2.o)
    0x0001612a   0x00000000   Code   RO         3427    .ARM.Collect$$libinit$$0000000E  c_p.l(libinit2.o)
    0x0001612a   0x00000000   Code   RO         3430    .ARM.Collect$$libinit$$00000011  c_p.l(libinit2.o)
    0x0001612a   0x00000000   Code   RO         3432    .ARM.Collect$$libinit$$00000013  c_p.l(libinit2.o)
    0x0001612a   0x00000000   Code   RO         3434    .ARM.Collect$$libinit$$00000015  c_p.l(libinit2.o)
    0x0001612a   0x00000000   Code   RO         3436    .ARM.Collect$$libinit$$00000017  c_p.l(libinit2.o)
    0x0001612a   0x00000000   Code   RO         3438    .ARM.Collect$$libinit$$00000019  c_p.l(libinit2.o)
    0x0001612a   0x00000000   Code   RO         3440    .ARM.Collect$$libinit$$0000001B  c_p.l(libinit2.o)
    0x0001612a   0x00000000   Code   RO         3442    .ARM.Collect$$libinit$$0000001D  c_p.l(libinit2.o)
    0x0001612a   0x00000000   Code   RO         3444    .ARM.Collect$$libinit$$0000001F  c_p.l(libinit2.o)
    0x0001612a   0x00000000   Code   RO         3446    .ARM.Collect$$libinit$$00000021  c_p.l(libinit2.o)
    0x0001612a   0x00000000   Code   RO         3448    .ARM.Collect$$libinit$$00000023  c_p.l(libinit2.o)
    0x0001612a   0x00000000   Code   RO         3450    .ARM.Collect$$libinit$$00000025  c_p.l(libinit2.o)
    0x0001612a   0x00000000   Code   RO         3454    .ARM.Collect$$libinit$$0000002C  c_p.l(libinit2.o)
    0x0001612a   0x00000000   Code   RO         3456    .ARM.Collect$$libinit$$0000002E  c_p.l(libinit2.o)
    0x0001612a   0x00000000   Code   RO         3458    .ARM.Collect$$libinit$$00000030  c_p.l(libinit2.o)
    0x0001612a   0x00000000   Code   RO         3460    .ARM.Collect$$libinit$$00000032  c_p.l(libinit2.o)
    0x0001612a   0x00000002   Code   RO         3461    .ARM.Collect$$libinit$$00000033  c_p.l(libinit2.o)
    0x0001612c   0x00000002   Code   RO         3599    .ARM.Collect$$libshutdown$$00000000  c_p.l(libshutdown.o)
    0x0001612e   0x00000000   Code   RO         3559    .ARM.Collect$$libshutdown$$00000003  c_p.l(libshutdown2.o)
    0x0001612e   0x00000000   Code   RO         3562    .ARM.Collect$$libshutdown$$00000006  c_p.l(libshutdown2.o)
    0x0001612e   0x00000000   Code   RO         3565    .ARM.Collect$$libshutdown$$00000009  c_p.l(libshutdown2.o)
    0x0001612e   0x00000000   Code   RO         3567    .ARM.Collect$$libshutdown$$0000000B  c_p.l(libshutdown2.o)
    0x0001612e   0x00000000   Code   RO         3570    .ARM.Collect$$libshutdown$$0000000E  c_p.l(libshutdown2.o)
    0x0001612e   0x00000002   Code   RO         3571    .ARM.Collect$$libshutdown$$0000000F  c_p.l(libshutdown2.o)
    0x00016130   0x00000000   Code   RO         3375    .ARM.Collect$$rtentry$$00000000  c_p.l(__rtentry.o)
    0x00016130   0x00000000   Code   RO         3471    .ARM.Collect$$rtentry$$00000002  c_p.l(__rtentry2.o)
    0x00016130   0x00000006   Code   RO         3483    .ARM.Collect$$rtentry$$00000004  c_p.l(__rtentry4.o)
    0x00016136   0x00000000   Code   RO         3473    .ARM.Collect$$rtentry$$00000009  c_p.l(__rtentry2.o)
    0x00016136   0x00000004   Code   RO         3474    .ARM.Collect$$rtentry$$0000000A  c_p.l(__rtentry2.o)
    0x0001613a   0x00000000   Code   RO         3476    .ARM.Collect$$rtentry$$0000000C  c_p.l(__rtentry2.o)
    0x0001613a   0x00000008   Code   RO         3477    .ARM.Collect$$rtentry$$0000000D  c_p.l(__rtentry2.o)
    0x00016142   0x00000002   Code   RO         3545    .ARM.Collect$$rtexit$$00000000  c_p.l(rtexit.o)
    0x00016144   0x00000000   Code   RO         3575    .ARM.Collect$$rtexit$$00000002  c_p.l(rtexit2.o)
    0x00016144   0x00000004   Code   RO         3576    .ARM.Collect$$rtexit$$00000003  c_p.l(rtexit2.o)
    0x00016148   0x00000006   Code   RO         3577    .ARM.Collect$$rtexit$$00000004  c_p.l(rtexit2.o)
    0x0001614e   0x00000002   PAD
    0x00016150   0x00000044   Code   RO         1704    .emb_text           bootloader_util_arm.o
    0x00016194   0x0000001e   Code   RO         2911    .emb_text           app_timer.o
    0x000161b2   0x00000002   PAD
    0x000161b4   0x00000038   Code   RO         3327    .emb_text           c_p.l(rt_memcpy.o)
    0x000161ec   0x00000000   Code   RO         3489    .emb_text           c_p.l(maybetermalloc1.o)
    0x000161ec   0x00000054   Code   RO         1897    .text               arm_startup_nrf51.o
    0x00016240   0x00000062   Code   RO         3267    .text               c_p.l(h1_alloc.o)
    0x000162a2   0x00000102   Code   RO         3321    .text               c_p.l(lludiv.o)
    0x000163a4   0x0000005a   Code   RO         3323    .text               c_p.l(memcmp.o)
    0x000163fe   0x00000002   PAD
    0x00016400   0x00000044   Code   RO         3325    .text               c_p.l(strlen.o)
    0x00016444   0x00000082   Code   RO         3328    .text               c_p.l(rt_memcpy.o)
    0x000164c6   0x00000040   Code   RO         3331    .text               c_p.l(rt_memclr.o)
    0x00016506   0x0000015a   Code   RO         3337    .text               c_p.l(aeabi_sdiv.o)
    0x00016660   0x00000006   Code   RO         3341    .text               c_p.l(heapauxi.o)
    0x00016666   0x00000002   PAD
    0x00016668   0x0000007c   Code   RO         3345    .text               fz_ps.l(d2f.o)
    0x000166e4   0x00000448   Code   RO         3347    .text               fz_ps.l(ddiv.o)
    0x00016b2c   0x00000054   Code   RO         3350    .text               fz_ps.l(f2d.o)
    0x00016b80   0x00000160   Code   RO         3358    .text               fz_ps.l(fdiv.o)
    0x00016ce0   0x00000030   Code   RO         3363    .text               fz_ps.l(ffixui.o)
    0x00016d10   0x0000005e   Code   RO         3365    .text               fz_ps.l(fflti.o)
    0x00016d6e   0x00000002   PAD
    0x00016d70   0x00000008   Code   RO         3387    .text               c_p.l(rt_heap_descriptor_intlibspace.o)
    0x00016d78   0x00000004   Code   RO         3389    .text               c_p.l(hguard.o)
    0x00016d7c   0x00000088   Code   RO         3391    .text               c_p.l(init_alloc.o)
    0x00016e04   0x0000000e   Code   RO         3397    .text               c_p.l(h1_init.o)
    0x00016e12   0x0000004c   Code   RO         3399    .text               c_p.l(h1_free.o)
    0x00016e5e   0x00000002   PAD
    0x00016e60   0x00000064   Code   RO         3462    .text               fz_ps.l(fcmpin.o)
    0x00016ec4   0x00000008   Code   RO         3467    .text               c_p.l(libspace.o)
    0x00016ecc   0x00000034   Code   RO         3491    .text               c_p.l(h1_extend.o)
    0x00016f00   0x0000000c   Code   RO         3495    .text               c_p.l(defsig_rtmem_outer.o)
    0x00016f0c   0x00000030   Code   RO         3504    .text               fz_ps.l(cmpret.o)
    0x00016f3c   0x00000010   Code   RO         3506    .text               fz_ps.l(fnan2.o)
    0x00016f4c   0x00000002   Code   RO         3510    .text               c_p.l(use_no_semi.o)
    0x00016f4e   0x00000000   Code   RO         3512    .text               c_p.l(indicate_semi.o)
    0x00016f4e   0x0000003e   Code   RO         3513    .text               c_p.l(sys_stackheap_outer.o)
    0x00016f8c   0x0000000c   Code   RO         3520    .text               c_p.l(exit.o)
    0x00016f98   0x0000000c   Code   RO         3522    .text               c_p.l(defsig_exit.o)
    0x00016fa4   0x00000050   Code   RO         3528    .text               c_p.l(defsig_rtmem_inner.o)
    0x00016ff4   0x0000005e   Code   RO         3540    .text               fz_ps.l(retnan.o)
    0x00017052   0x00000002   PAD
    0x00017054   0x0000000c   Code   RO         3542    .text               c_p.l(sys_exit.o)
    0x00017060   0x00000034   Code   RO         3553    .text               c_p.l(defsig_general.o)
    0x00017094   0x0000000c   Code   RO         3572    .text               c_p.l(sys_wrch.o)
    0x000170a0   0x00000056   Code   RO         3602    .text               c_p.l(__dczerorl2.o)
    0x000170f6   0x00000002   Code   RO          156    i.ADC_IRQHandler    main.o
    0x000170f8   0x000000b8   Code   RO         2786    i.GPIOTE_IRQHandler  app_gpiote.o
    0x000171b0   0x00000014   Code   RO         2912    i.NVIC_ClearPendingIRQ  app_timer.o
    0x000171c4   0x00000014   Code   RO         1239    i.NVIC_EnableIRQ    timeslot_handler.o
    0x000171d8   0x00000014   Code   RO         2913    i.NVIC_EnableIRQ    app_timer.o
    0x000171ec   0x00000014   Code   RO         2914    i.NVIC_SetPendingIRQ  app_timer.o
    0x00017200   0x00000078   Code   RO         1240    i.NVIC_SetPriority  timeslot_handler.o
    0x00017278   0x00000078   Code   RO         2915    i.NVIC_SetPriority  app_timer.o
    0x000172f0   0x0000005c   Code   RO          965    i.RBC_GPIOTE_IRQHandler  serial_handler.o
    0x0001734c   0x00000028   Code   RO         2916    i.RTC1_IRQHandler   app_timer.o
    0x00017374   0x00000090   Code   RO         1525    i.SPI1_TWI1_IRQHandler  spi_slave.o
    0x00017404   0x0000000c   Code   RO         2917    i.SWI0_IRQHandler   app_timer.o
    0x00017410   0x00000038   Code   RO         3204    i.SWI2_IRQHandler   softdevice_handler.o
    0x00017448   0x00000038   Code   RO         1904    i.SystemInit        system_nrf51.o
    0x00017480   0x00000002   Code   RO          443    i.TIMER2_IRQHandler  pwm.o
    0x00017482   0x00000002   PAD
    0x00017484   0x000000a4   Code   RO         2382    i.UART0_IRQHandler  app_uart_fifo.o
    0x00017528   0x0000001c   Code   RO           57    i.__ARM_common_switch8  dispose_pkt.o
    0x00017544   0x00000020   Code   RO         2383    i.action_tx_ready   app_uart_fifo.o
    0x00017564   0x00000054   Code   RO         2384    i.action_tx_send    app_uart_fifo.o
    0x000175b8   0x00000028   Code   RO         2385    i.action_tx_stop    app_uart_fifo.o
    0x000175e0   0x00000024   Code   RO         2386    i.action_uart_deactivate  app_uart_fifo.o
    0x00017604   0x00000094   Code   RO          157    i.adc_start         main.o
    0x00017698   0x0000012e   Code   RO         1943    i.adv_data_encode   ble_advdata.o
    0x000177c6   0x00000022   Code   RO         1944    i.advdata_check     ble_advdata.o
    0x000177e8   0x00000058   Code   RO          158    i.advertising_init  main.o
    0x00017840   0x000001a4   Code   RO          159    i.advertising_start  main.o
    0x000179e4   0x00000040   Code   RO          160    i.advertising_stop  main.o
    0x00017a24   0x00000038   Code   RO         2733    i.app_error_handler  app_error.o
    0x00017a5c   0x0000001c   Code   RO         2127    i.app_evt_notify    device_manager_peripheral.o
    0x00017a78   0x00000024   Code   RO         2755    i.app_fifo_get      app_fifo.o
    0x00017a9c   0x00000026   Code   RO         2757    i.app_fifo_put      app_fifo.o
    0x00017ac2   0x00000002   PAD
    0x00017ac4   0x0000006c   Code   RO         2531    i.app_notify        pstorage.o
    0x00017b30   0x00000074   Code   RO         2920    i.app_timer_create  app_timer.o
    0x00017ba4   0x000000f0   Code   RO         2921    i.app_timer_init    app_timer.o
    0x00017c94   0x0000006c   Code   RO         2922    i.app_timer_start   app_timer.o
    0x00017d00   0x00000044   Code   RO         2923    i.app_timer_stop    app_timer.o
    0x00017d44   0x0000004a   Code   RO         1945    i.appearance_encode  ble_advdata.o
    0x00017d8e   0x0000003c   Code   RO         1241    i.async_event_execute  timeslot_handler.o
    0x00017dca   0x00000002   PAD
    0x00017dcc   0x00000334   Code   RO            3    i.auto_chg_mode_handler  dispose_pkt.o
    0x00018100   0x0000000a   Code   RO          162    i.battery_level_meas_timeout_handler  main.o
    0x0001810a   0x00000066   Code   RO            4    i.bdaddr_2_str      dispose_pkt.o
    0x00018170   0x0000007a   Code   RO         1946    i.ble_advdata_set   ble_advdata.o
    0x000181ea   0x00000002   PAD
    0x000181ec   0x00000078   Code   RO         2032    i.ble_conn_params_init  ble_conn_params.o
    0x00018264   0x0000003e   Code   RO         2033    i.ble_conn_params_on_ble_evt  ble_conn_params.o
    0x000182a2   0x00000002   PAD
    0x000182a4   0x00000010   Code   RO         2034    i.ble_conn_params_stop  ble_conn_params.o
    0x000182b4   0x000000b0   Code   RO         1596    i.ble_dfu_init      ble_dfu.o
    0x00018364   0x0000005a   Code   RO         1597    i.ble_dfu_on_ble_evt  ble_dfu.o
    0x000183be   0x00000002   PAD
    0x000183c0   0x0000008c   Code   RO         1599    i.ble_dfu_response_send  ble_dfu.o
    0x0001844c   0x0000002c   Code   RO          163    i.ble_evt_dispatch  main.o
    0x00018478   0x000000a0   Code   RO          164    i.ble_stack_init    main.o
    0x00018518   0x00000050   Code   RO         2128    i.bond_data_load    device_manager_peripheral.o
    0x00018568   0x00000098   Code   RO         1725    i.bootloader_start  dfu_app_handler.o
    0x00018600   0x0000000c   Code   RO         1705    i.bootloader_util_app_start  bootloader_util_arm.o
    0x0001860c   0x0000004c   Code   RO         1808    i.bsp_button_event_handler  bsp.o
    0x00018658   0x00000038   Code   RO         1809    i.bsp_button_is_pressed  bsp.o
    0x00018690   0x000000ac   Code   RO         1810    i.bsp_buttons_enable  bsp.o
    0x0001873c   0x00000024   Code   RO         1813    i.bsp_indication_set  bsp.o
    0x00018760   0x000004ec   Code   RO         1816    i.bsp_led_indication  bsp.o
    0x00018c4c   0x00000174   Code   RO         2532    i.cmd_process       pstorage.o
    0x00018dc0   0x00000024   Code   RO         2533    i.cmd_queue_dequeue  pstorage.o
    0x00018de4   0x0000003c   Code   RO         2534    i.cmd_queue_element_init  pstorage.o
    0x00018e20   0x00000090   Code   RO         2535    i.cmd_queue_enqueue  pstorage.o
    0x00018eb0   0x00000034   Code   RO         2536    i.cmd_queue_init    pstorage.o
    0x00018ee4   0x00000090   Code   RO         2925    i.compare_reg_update  app_timer.o
    0x00018f74   0x0000005c   Code   RO         1947    i.conn_int_check    ble_advdata.o
    0x00018fd0   0x0000005c   Code   RO         1948    i.conn_int_encode   ble_advdata.o
    0x0001902c   0x00000014   Code   RO          165    i.conn_params_error_handler  main.o
    0x00019040   0x0000005c   Code   RO          166    i.conn_params_init  main.o
    0x0001909c   0x00000094   Code   RO         2035    i.conn_params_negotiation  ble_conn_params.o
    0x00019130   0x00000048   Code   RO         2129    i.connection_instance_find  device_manager_peripheral.o
    0x00019178   0x00000038   Code   RO         2130    i.connection_instance_init  device_manager_peripheral.o
    0x000191b0   0x0000005c   Code   RO         2926    i.current_int_priority_get  app_timer.o
    0x0001920c   0x000000d0   Code   RO         2131    i.device_context_store  device_manager_peripheral.o
    0x000192dc   0x0000007c   Code   RO         2132    i.device_instance_allocate  device_manager_peripheral.o
    0x00019358   0x00000058   Code   RO         2133    i.device_instance_find  device_manager_peripheral.o
    0x000193b0   0x00000046   Code   RO          167    i.device_manager_evt_handler  main.o
    0x000193f6   0x00000002   PAD
    0x000193f8   0x000000e4   Code   RO          168    i.device_manager_init  main.o
    0x000194dc   0x0000005c   Code   RO         1726    i.dfu_app_on_dfu_evt  dfu_app_handler.o
    0x00019538   0x00000002   Code   RO         1727    i.dfu_app_reset_prepare  dfu_app_handler.o
    0x0001953a   0x00000002   PAD
    0x0001953c   0x0000000c   Code   RO         1728    i.dfu_app_reset_prepare_set  dfu_app_handler.o
    0x00019548   0x00000028   Code   RO         1729    i.dfu_app_set_dm_handle  dfu_app_handler.o
    0x00019570   0x00000078   Code   RO         1730    i.dfu_app_set_peer_data  dfu_app_handler.o
    0x000195e8   0x000000e0   Code   RO         1600    i.dfu_ctrl_pt_add   ble_dfu.o
    0x000196c8   0x000000d4   Code   RO         1601    i.dfu_pkt_char_add  ble_dfu.o
    0x0001979c   0x000000d8   Code   RO         1602    i.dfu_rev_char_add  ble_dfu.o
    0x00019874   0x0000006c   Code   RO            5    i.dispose_pkt_init  dispose_pkt.o
    0x000198e0   0x00000224   Code   RO            6    i.dispose_recv_pkt  dispose_pkt.o
    0x00019b04   0x00000528   Code   RO         2139    i.dm_ble_evt_handler  device_manager_peripheral.o
    0x0001a02c   0x000000a0   Code   RO         2143    i.dm_distributed_keys_get  device_manager_peripheral.o
    0x0001a0cc   0x0000001c   Code   RO         2144    i.dm_handle_initialize  device_manager_peripheral.o
    0x0001a0e8   0x00000100   Code   RO         2145    i.dm_init           device_manager_peripheral.o
    0x0001a1e8   0x000001e4   Code   RO         2148    i.dm_pstorage_cb_handler  device_manager_peripheral.o
    0x0001a3cc   0x00000074   Code   RO         2149    i.dm_register       device_manager_peripheral.o
    0x0001a440   0x000000dc   Code   RO         2155    i.dm_whitelist_create  device_manager_peripheral.o
    0x0001a51c   0x000000a4   Code   RO          966    i.do_transmit       serial_handler.o
    0x0001a5c0   0x00000064   Code   RO         2927    i.elapsed_ticks_acquire  app_timer.o
    0x0001a624   0x0000001c   Code   RO          967    i.enable_pin_listener  serial_handler.o
    0x0001a640   0x00000028   Code   RO         1242    i.end_timer_handler  timeslot_handler.o
    0x0001a668   0x0000001c   Code   RO         1243    i.event_fifo_empty  timeslot_handler.o
    0x0001a684   0x00000014   Code   RO         1244    i.event_fifo_flush  timeslot_handler.o
    0x0001a698   0x00000020   Code   RO         1245    i.event_fifo_full   timeslot_handler.o
    0x0001a6b8   0x00000048   Code   RO         1246    i.event_fifo_get    timeslot_handler.o
    0x0001a700   0x00000054   Code   RO         1250    i.event_fifo_put    timeslot_handler.o
    0x0001a754   0x0000006c   Code   RO         2928    i.expired_timers_handler  app_timer.o
    0x0001a7c0   0x000000c0   Code   RO          169    i.gap_params_init   main.o
    0x0001a880   0x00000006   Code   RO         2156    i.gattc_context_apply  device_manager_peripheral.o
    0x0001a886   0x00000006   Code   RO         2157    i.gattc_context_load  device_manager_peripheral.o
    0x0001a88c   0x00000006   Code   RO         2158    i.gattc_context_store  device_manager_peripheral.o
    0x0001a892   0x00000002   PAD
    0x0001a894   0x00000080   Code   RO         2159    i.gatts_context_apply  device_manager_peripheral.o
    0x0001a914   0x00000044   Code   RO         2160    i.gatts_context_load  device_manager_peripheral.o
    0x0001a958   0x000000c8   Code   RO         2161    i.gatts_context_store  device_manager_peripheral.o
    0x0001aa20   0x0000001a   Code   RO         2162    i.gattsc_context_apply  device_manager_peripheral.o
    0x0001aa3a   0x0000001e   Code   RO         2163    i.gattsc_context_load  device_manager_peripheral.o
    0x0001aa58   0x0000001e   Code   RO         2164    i.gattsc_context_store  device_manager_peripheral.o
    0x0001aa76   0x00000002   PAD
    0x0001aa78   0x000000bc   Code   RO            7    i.generate_pkt_2_mesh  dispose_pkt.o
    0x0001ab34   0x0000006c   Code   RO         1148    i.get_available_timer  timer_control.o
    0x0001aba0   0x00000052   Code   RO          445    i.gpiote_init       pwm.o
    0x0001abf2   0x00000002   PAD
    0x0001abf4   0x00000274   Code   RO          551    i.hsl_to_rgb        switch_color.o
    0x0001ae68   0x000000bc   Code   RO         3205    i.intern_softdevice_events_execute  softdevice_handler.o
    0x0001af24   0x00000034   Code   RO         1731    i.interrupts_disable  dfu_app_handler.o
    0x0001af58   0x0000003a   Code   RO         1603    i.is_cccd_configured  ble_dfu.o
    0x0001af92   0x00000002   PAD
    0x0001af94   0x00000024   Code   RO         2036    i.is_conn_params_ok  ble_conn_params.o
    0x0001afb8   0x00000038   Code   RO         1905    i.is_disabled_in_debug_needed  system_nrf51.o
    0x0001aff0   0x0000006c   Code   RO         1906    i.is_manual_peripheral_setup_needed  system_nrf51.o
    0x0001b05c   0x00000012   Code   RO         2537    i.is_word_aligned   pstorage.o
    0x0001b06e   0x00000002   PAD
    0x0001b070   0x000000c0   Code   RO         2929    i.list_deletions_handler  app_timer.o
    0x0001b130   0x00000130   Code   RO         2930    i.list_insertions_handler  app_timer.o
    0x0001b260   0x0000007c   Code   RO          170    i.main              main.o
    0x0001b2dc   0x0000006a   Code   RO         1949    i.manuf_specific_data_encode  ble_advdata.o
    0x0001b346   0x00000002   PAD
    0x0001b348   0x00000170   Code   RO          628    i.mesh_md_char_add  mesh_srv.o
    0x0001b4b8   0x00000074   Code   RO          632    i.mesh_srv_char_val_get  mesh_srv.o
    0x0001b52c   0x00000118   Code   RO          633    i.mesh_srv_char_val_set  mesh_srv.o
    0x0001b644   0x00000010   Code   RO          634    i.mesh_srv_conn_handle_update  mesh_srv.o
    0x0001b654   0x000000c8   Code   RO          635    i.mesh_srv_gatts_evt_write_handle  mesh_srv.o
    0x0001b71c   0x0000006c   Code   RO          636    i.mesh_srv_get_next_processing_time  mesh_srv.o
    0x0001b788   0x000000cc   Code   RO          637    i.mesh_srv_init     mesh_srv.o
    0x0001b854   0x000000c4   Code   RO          638    i.mesh_srv_packet_assemble  mesh_srv.o
    0x0001b918   0x000001cc   Code   RO          639    i.mesh_srv_packet_process  mesh_srv.o
    0x0001bae4   0x00000130   Code   RO          640    i.mesh_value_char_add  mesh_srv.o
    0x0001bc14   0x00000096   Code   RO         1950    i.name_encode       ble_advdata.o
    0x0001bcaa   0x00000006   Code   RO         2165    i.no_service_context_apply  device_manager_peripheral.o
    0x0001bcb0   0x00000006   Code   RO         2166    i.no_service_context_load  device_manager_peripheral.o
    0x0001bcb6   0x00000006   Code   RO         2167    i.no_service_context_store  device_manager_peripheral.o
    0x0001bcbc   0x00000012   Code   RO          446    i.nrf_gpio_cfg_output  pwm.o
    0x0001bcce   0x00000002   PAD
    0x0001bcd0   0x00000010   Code   RO          970    i.nrf_gpio_pin_clear  serial_handler.o
    0x0001bce0   0x00000010   Code   RO          971    i.nrf_gpio_pin_set  serial_handler.o
    0x0001bcf0   0x00000028   Code   RO          447    i.nrf_gpio_pin_write  pwm.o
    0x0001bd18   0x00000078   Code   RO          448    i.nrf_gpiote_task_config  pwm.o
    0x0001bd90   0x000000e0   Code   RO          171    i.on_ble_evt        main.o
    0x0001be70   0x00000018   Code   RO         2037    i.on_conn_params_update  ble_conn_params.o
    0x0001be88   0x00000006   Code   RO         1604    i.on_connect        ble_dfu.o
    0x0001be8e   0x00000002   PAD
    0x0001be90   0x0000003c   Code   RO         2038    i.on_connect        ble_conn_params.o
    0x0001becc   0x0000014e   Code   RO         1605    i.on_ctrl_pt_write  ble_dfu.o
    0x0001c01a   0x00000002   PAD
    0x0001c01c   0x00000028   Code   RO         2395    i.on_cts_high       app_uart_fifo.o
    0x0001c044   0x00000054   Code   RO         2396    i.on_cts_low        app_uart_fifo.o
    0x0001c098   0x00000008   Code   RO         1606    i.on_disconnect     ble_dfu.o
    0x0001c0a0   0x00000044   Code   RO         2039    i.on_disconnect     ble_conn_params.o
    0x0001c0e4   0x00000034   Code   RO         1607    i.on_rw_auth_req    ble_dfu.o
    0x0001c118   0x00000030   Code   RO          172    i.on_sys_evt        main.o
    0x0001c148   0x0000002c   Code   RO         2397    i.on_tx_ready       app_uart_fifo.o
    0x0001c174   0x00000008   Code   RO         2398    i.on_uart_close     app_uart_fifo.o
    0x0001c17c   0x00000036   Code   RO         2399    i.on_uart_event     app_uart_fifo.o
    0x0001c1b2   0x00000002   PAD
    0x0001c1b4   0x00000014   Code   RO         2400    i.on_uart_put       app_uart_fifo.o
    0x0001c1c8   0x0000002a   Code   RO         1608    i.on_write          ble_dfu.o
    0x0001c1f2   0x00000002   PAD
    0x0001c1f4   0x0000005c   Code   RO         2040    i.on_write          ble_conn_params.o
    0x0001c250   0x00000030   Code   RO         1384    i.order_search      transport_control.o
    0x0001c280   0x00000078   Code   RO         1385    i.packet_create_from_data  transport_control.o
    0x0001c2f8   0x00000050   Code   RO         2168    i.peer_instance_init  device_manager_peripheral.o
    0x0001c348   0x00000020   Code   RO          173    i.power_manage      main.o
    0x0001c368   0x00000090   Code   RO          449    i.ppi_init          pwm.o
    0x0001c3f8   0x0000002c   Code   RO         2538    i.pstorage_access_status_get  pstorage.o
    0x0001c424   0x00000090   Code   RO         2539    i.pstorage_block_identifier_get  pstorage.o
    0x0001c4b4   0x000000b0   Code   RO         2540    i.pstorage_clear    pstorage.o
    0x0001c564   0x000000e4   Code   RO         2541    i.pstorage_init     pstorage.o
    0x0001c648   0x000000ec   Code   RO         2542    i.pstorage_load     pstorage.o
    0x0001c734   0x00000180   Code   RO         2543    i.pstorage_register  pstorage.o
    0x0001c8b4   0x000000d4   Code   RO         2544    i.pstorage_store    pstorage.o
    0x0001c988   0x00000158   Code   RO         2545    i.pstorage_sys_event_handler  pstorage.o
    0x0001cae0   0x000000d4   Code   RO         2546    i.pstorage_update   pstorage.o
    0x0001cbb4   0x000000f0   Code   RO          450    i.pwm_evt_handler   pwm.o
    0x0001cca4   0x00000020   Code   RO          451    i.pwm_init          pwm.o
    0x0001ccc4   0x0000004c   Code   RO          746    i.radio_channel_set  radio_control.o
    0x0001cd10   0x00000044   Code   RO          747    i.radio_disable     radio_control.o
    0x0001cd54   0x00000064   Code   RO          748    i.radio_event_handler  radio_control.o
    0x0001cdb8   0x0000001c   Code   RO          749    i.radio_fifo_empty  radio_control.o
    0x0001cdd4   0x00000014   Code   RO          750    i.radio_fifo_flush  radio_control.o
    0x0001cde8   0x00000020   Code   RO          751    i.radio_fifo_full   radio_control.o
    0x0001ce08   0x00000040   Code   RO          752    i.radio_fifo_get    radio_control.o
    0x0001ce48   0x00000018   Code   RO          753    i.radio_fifo_get_length  radio_control.o
    0x0001ce60   0x0000000e   Code   RO          754    i.radio_fifo_peek   radio_control.o
    0x0001ce6e   0x00000002   PAD
    0x0001ce70   0x0000003c   Code   RO          755    i.radio_fifo_peek_at  radio_control.o
    0x0001ceac   0x00000054   Code   RO          756    i.radio_fifo_put    radio_control.o
    0x0001cf00   0x000000ac   Code   RO          757    i.radio_init        radio_control.o
    0x0001cfac   0x0000011c   Code   RO          758    i.radio_order       radio_control.o
    0x0001d0c8   0x0000021c   Code   RO         1251    i.radio_signal_callback  timeslot_handler.o
    0x0001d2e4   0x00000208   Code   RO          759    i.radio_transition_end  radio_control.o
    0x0001d4ec   0x00000048   Code   RO          760    i.radio_will_go_to_disabled_state  radio_control.o
    0x0001d534   0x00000040   Code   RO         1252    i.rbc_mesh_SWI0_IRQHandler  timeslot_handler.o
    0x0001d574   0x00000020   Code   RO          880    i.rbc_mesh_access_address_get  rbc_mesh.o
    0x0001d594   0x0000004c   Code   RO          882    i.rbc_mesh_ble_evt_handler  rbc_mesh.o
    0x0001d5e0   0x00000020   Code   RO          883    i.rbc_mesh_channel_get  rbc_mesh.o
    0x0001d600   0x000000a4   Code   RO          174    i.rbc_mesh_event_handler  main.o
    0x0001d6a4   0x0000007c   Code   RO          885    i.rbc_mesh_init     rbc_mesh.o
    0x0001d720   0x0000003c   Code   RO         1253    i.rbc_mesh_sys_evt_handler  timeslot_handler.o
    0x0001d75c   0x00000016   Code   RO          890    i.rbc_mesh_value_set  rbc_mesh.o
    0x0001d772   0x00000002   PAD
    0x0001d774   0x0000007c   Code   RO          175    i.reset_prepare     main.o
    0x0001d7f0   0x00000014   Code   RO          452    i.restart_pwm       pwm.o
    0x0001d804   0x000002f4   Code   RO          552    i.rgb_to_hsl        switch_color.o
    0x0001daf8   0x0000000c   Code   RO         2931    i.rtc1_counter_get  app_timer.o
    0x0001db04   0x00000018   Code   RO         2932    i.rtc1_init         app_timer.o
    0x0001db1c   0x0000003c   Code   RO         2933    i.rtc1_start        app_timer.o
    0x0001db58   0x00000058   Code   RO         2934    i.rtc1_stop         app_timer.o
    0x0001dbb0   0x00000020   Code   RO          761    i.rx_abort_cb       radio_control.o
    0x0001dbd0   0x00000068   Code   RO         1386    i.search_callback   transport_control.o
    0x0001dc38   0x00000080   Code   RO         2794    i.sense_level_toggle  app_gpiote.o
    0x0001dcb8   0x00000084   Code   RO         1089    i.serial_queue_dequeue  serial_queue.o
    0x0001dd3c   0x0000003a   Code   RO         1092    i.serial_queue_is_empty  serial_queue.o
    0x0001dd76   0x00000040   Code   RO         1093    i.serial_queue_is_full  serial_queue.o
    0x0001ddb6   0x0000008c   Code   RO         1951    i.service_data_encode  ble_advdata.o
    0x0001de42   0x00000002   PAD
    0x0001de44   0x00000050   Code   RO          176    i.services_init     main.o
    0x0001de94   0x00000028   Code   RO          762    i.setup_rx_timeout  radio_control.o
    0x0001debc   0x00000018   Code   RO            9    i.sl_app_timer_init  dispose_pkt.o
    0x0001ded4   0x00000014   Code   RO         1526    i.sm_state_change   spi_slave.o
    0x0001dee8   0x00000012   Code   RO         3206    i.softdevice_assertion_handler  softdevice_handler.o
    0x0001defa   0x00000002   PAD
    0x0001defc   0x00000018   Code   RO         3207    i.softdevice_ble_evt_handler_set  softdevice_handler.o
    0x0001df14   0x00000068   Code   RO         3208    i.softdevice_handler_init  softdevice_handler.o
    0x0001df7c   0x00000018   Code   RO         3210    i.softdevice_sys_evt_handler_set  softdevice_handler.o
    0x0001df94   0x00000070   Code   RO         1527    i.spi_slave_buffers_set  spi_slave.o
    0x0001e004   0x00000010   Code   RO         1952    i.srdata_check      ble_advdata.o
    0x0001e014   0x0000000c   Code   RO          453    i.start_timer1      pwm.o
    0x0001e020   0x00000014   Code   RO          454    i.start_timer2      pwm.o
    0x0001e034   0x000000b4   Code   RO         1532    i.state_entry_action_execute  spi_slave.o
    0x0001e0e8   0x0000008c   Code   RO          455    i.stop_pwm          pwm.o
    0x0001e174   0x00000008   Code   RO         2169    i.storage_operation_dummy_handler  device_manager_peripheral.o
    0x0001e17c   0x0000024c   Code   RO         2547    i.swap_state_process  pstorage.o
    0x0001e3c8   0x00000018   Code   RO          177    i.sys_evt_dispatch  main.o
    0x0001e3e0   0x0000000a   Code   RO         2935    i.ticks_diff_get    app_timer.o
    0x0001e3ea   0x00000002   PAD
    0x0001e3ec   0x00000040   Code   RO         2936    i.timeout_handler_exec  app_timer.o
    0x0001e42c   0x00000070   Code   RO          456    i.timer1_init       pwm.o
    0x0001e49c   0x00000058   Code   RO          457    i.timer2_init       pwm.o
    0x0001e4f4   0x0000004c   Code   RO         1149    i.timer_abort       timer_control.o
    0x0001e540   0x0000010c   Code   RO         1150    i.timer_event_handler  timer_control.o
    0x0001e64c   0x00000050   Code   RO         1152    i.timer_get_timestamp  timer_control.o
    0x0001e69c   0x00000044   Code   RO         1153    i.timer_init        timer_control.o
    0x0001e6e0   0x00000058   Code   RO         2937    i.timer_list_handler  app_timer.o
    0x0001e738   0x0000000a   Code   RO         2938    i.timer_list_handler_sched  app_timer.o
    0x0001e742   0x00000002   PAD
    0x0001e744   0x000000dc   Code   RO         2939    i.timer_list_insert  app_timer.o
    0x0001e820   0x000000cc   Code   RO         2940    i.timer_list_remove  app_timer.o
    0x0001e8ec   0x0000007c   Code   RO         1154    i.timer_order_cb    timer_control.o
    0x0001e968   0x000000c4   Code   RO         1155    i.timer_order_cb_ppi  timer_control.o
    0x0001ea2c   0x0000008c   Code   RO         1156    i.timer_order_cb_sync_exec  timer_control.o
    0x0001eab8   0x0000009c   Code   RO         1157    i.timer_order_ppi   timer_control.o
    0x0001eb54   0x0000000c   Code   RO         1158    i.timer_reference_point_set  timer_control.o
    0x0001eb60   0x00000054   Code   RO         2941    i.timer_start_op_schedule  app_timer.o
    0x0001ebb4   0x00000040   Code   RO         2943    i.timer_stop_op_schedule  app_timer.o
    0x0001ebf4   0x0000009c   Code   RO         2944    i.timer_timeouts_check  app_timer.o
    0x0001ec90   0x0000000a   Code   RO         2945    i.timer_timeouts_check_sched  app_timer.o
    0x0001ec9a   0x00000002   PAD
    0x0001ec9c   0x00000060   Code   RO          178    i.timers_init       main.o
    0x0001ecfc   0x00000038   Code   RO         1254    i.timeslot_extend   timeslot_handler.o
    0x0001ed34   0x00000018   Code   RO         1255    i.timeslot_get_end_time  timeslot_handler.o
    0x0001ed4c   0x00000034   Code   RO         1256    i.timeslot_get_remaining_time  timeslot_handler.o
    0x0001ed80   0x00000080   Code   RO         1257    i.timeslot_handler_init  timeslot_handler.o
    0x0001ee00   0x00000044   Code   RO         1258    i.timeslot_order_earliest  timeslot_handler.o
    0x0001ee44   0x0000002c   Code   RO         1260    i.timeslot_queue_async_event  timeslot_handler.o
    0x0001ee70   0x00000078   Code   RO         1387    i.transport_control_step  transport_control.o
    0x0001eee8   0x0000002c   Code   RO         1388    i.transport_control_timeslot_begin  transport_control.o
    0x0001ef14   0x0000001c   Code   RO         1436    i.trickle_init      trickle.o
    0x0001ef30   0x00000098   Code   RO         1437    i.trickle_interval_begin  trickle.o
    0x0001efc8   0x00000014   Code   RO         1438    i.trickle_next_processing_get  trickle.o
    0x0001efdc   0x0000000a   Code   RO         1439    i.trickle_register_tx  trickle.o
    0x0001efe6   0x00000008   Code   RO         1440    i.trickle_rx_consistent  trickle.o
    0x0001efee   0x00000002   PAD
    0x0001eff0   0x0000001c   Code   RO         1441    i.trickle_rx_inconsistent  trickle.o
    0x0001f00c   0x000000b8   Code   RO         1442    i.trickle_setup     trickle.o
    0x0001f0c4   0x00000080   Code   RO         1443    i.trickle_step      trickle.o
    0x0001f144   0x0000012c   Code   RO         1389    i.trickle_step_callback  transport_control.o
    0x0001f270   0x0000000c   Code   RO         1445    i.trickle_time_update  trickle.o
    0x0001f27c   0x00000020   Code   RO         1446    i.trickle_timer_reset  trickle.o
    0x0001f29c   0x00000030   Code   RO         1953    i.tx_power_level_encode  ble_advdata.o
    0x0001f2cc   0x0000000c   Code   RO         1609    i.uint16_decode     ble_dfu.o
    0x0001f2d8   0x00000012   Code   RO         1954    i.uint16_encode     ble_advdata.o
    0x0001f2ea   0x00000052   Code   RO         1955    i.uint8_array_encode  ble_advdata.o
    0x0001f33c   0x00000014   Code   RO         2170    i.update_status_bit_reset  device_manager_peripheral.o
    0x0001f350   0x0000009c   Code   RO         2041    i.update_timeout_handler  ble_conn_params.o
    0x0001f3ec   0x00000022   Code   RO         2946    i.user_id_get       app_timer.o
    0x0001f40e   0x0000002c   Code   RO         2947    i.user_op_alloc     app_timer.o
    0x0001f43a   0x00000004   Code   RO         2948    i.user_op_enque     app_timer.o
    0x0001f43e   0x00000040   Code   RO         1956    i.uuid_list_encode  ble_advdata.o
    0x0001f47e   0x000000c4   Code   RO         1957    i.uuid_list_sized_encode  ble_advdata.o
    0x0001f542   0x00000002   PAD
    0x0001f544   0x0000008c   Code   RO         3352    x$fpl$fadd          fz_ps.l(faddsub.o)
    0x0001f5d0   0x00000054   Code   RO         3361    x$fpl$feqf          fz_ps.l(feqf.o)
    0x0001f624   0x00000054   Code   RO         3367    x$fpl$fleqf         fz_ps.l(flef.o)
    0x0001f678   0x000000b0   Code   RO         3369    x$fpl$fmul          fz_ps.l(fmul.o)
    0x0001f728   0x00000058   Code   RO         3371    x$fpl$frleqf        fz_ps.l(frlef.o)
    0x0001f780   0x00000018   Code   RO         3353    x$fpl$frsb          fz_ps.l(faddsub.o)
    0x0001f798   0x000000d0   Code   RO         3354    x$fpl$fsub          fz_ps.l(faddsub.o)
    0x0001f868   0x00000000   Code   RO         3464    x$fpl$usenofp       fz_ps.l(usenofp.o)
    0x0001f868   0x00000014   Data   RO           11    .constdata          dispose_pkt.o
    0x0001f87c   0x00000010   Data   RO          642    .constdata          mesh_srv.o
    0x0001f88c   0x0000000c   Data   RO          764    .constdata          radio_control.o
    0x0001f898   0x00000010   Data   RO         1611    .constdata          ble_dfu.o
    0x0001f8a8   0x00000030   Data   RO         1818    .constdata          bsp.o
    0x0001f8d8   0x00000034   Data   RO         2172    .constdata          device_manager_peripheral.o
    0x0001f90c   0x00000080   Data   RO         3348    .constdata          fz_ps.l(ddiv.o)
    0x0001f98c   0x00000040   Data   RO         3359    .constdata          fz_ps.l(fdiv.o)
    0x0001f9cc   0x00000020   Data   RO         3600    Region$$Table       anon$$obj.o


    Execution Region RW_IRAM1 (Base: 0x20002000, Size: 0x00002320, Max: 0x00006000, ABSOLUTE, COMPRESSED[0x00000080])

    Base Addr    Size         Type   Attr      Idx    E Section Name        Object

    0x20002000   0x00000034   Data   RW           12    .data               dispose_pkt.o
    0x20002034   0x00000032   Data   RW          180    .data               main.o
    0x20002066   0x00000002   PAD
    0x20002068   0x0000000d   Data   RW          458    .data               pwm.o
    0x20002075   0x00000001   PAD
    0x20002076   0x00000004   Data   RW          643    .data               mesh_srv.o
    0x2000207a   0x00000002   PAD
    0x2000207c   0x00000010   Data   RW          765    .data               radio_control.o
    0x2000208c   0x00000010   Data   RW          891    .data               rbc_mesh.o
    0x2000209c   0x00000003   Data   RW          978    .data               serial_handler.o
    0x2000209f   0x00000001   PAD
    0x200020a0   0x0000000c   Data   RW         1161    .data               timer_control.o
    0x200020ac   0x00000055   Data   RW         1262    .data               timeslot_handler.o
    0x20002101   0x00000003   PAD
    0x20002104   0x00000005   Data   RW         1391    .data               transport_control.o
    0x20002109   0x00000003   PAD
    0x2000210c   0x00000011   Data   RW         1449    .data               trickle.o
    0x2000211d   0x00000003   PAD
    0x20002120   0x00000020   Data   RW         1533    .data               spi_slave.o
    0x20002140   0x00000008   Data   RW         1612    .data               ble_dfu.o
    0x20002148   0x00000009   Data   RW         1733    .data               dfu_app_handler.o
    0x20002151   0x00000003   PAD
    0x20002154   0x0000001c   Data   RW         1819    .data               bsp.o
    0x20002170   0x00000004   Data   RW         1907    .data               system_nrf51.o
    0x20002174   0x00000019   Data   RW         2043    .data               ble_conn_params.o
    0x2000218d   0x00000003   PAD
    0x20002190   0x00000014   Data   RW         2173    .data               device_manager_peripheral.o
    0x200021a4   0x0000000d   Data   RW         2404    .data               app_uart_fifo.o
    0x200021b1   0x00000003   PAD
    0x200021b4   0x0000000c   Data   RW         2549    .data               pstorage.o
    0x200021c0   0x0000000c   Data   RW         2795    .data               app_gpiote.o
    0x200021cc   0x0000002a   Data   RW         2949    .data               app_timer.o
    0x200021f6   0x00000002   PAD
    0x200021f8   0x00000018   Data   RW         3211    .data               softdevice_handler.o
    0x20002210   0x00000458   Zero   RW           10    .bss                dispose_pkt.o
    0x20002668   0x000003a0   Zero   RW          179    .bss                main.o
    0x20002a08   0x00000014   Zero   RW          641    .bss                mesh_srv.o
    0x20002a1c   0x000002a0   Zero   RW          763    .bss                radio_control.o
    0x20002cbc   0x0000018a   Zero   RW          977    .bss                serial_handler.o
    0x20002e46   0x00000002   PAD
    0x20002e48   0x00000010   Zero   RW         1160    .bss                timer_control.o
    0x20002e58   0x000001b0   Zero   RW         1261    .bss                timeslot_handler.o
    0x20003008   0x00000025   Zero   RW         1390    .bss                transport_control.o
    0x2000302d   0x00000040   Zero   RW         1448    .bss                trickle.o
    0x2000306d   0x00000001   PAD
    0x2000306e   0x0000002c   Zero   RW         1732    .bss                dfu_app_handler.o
    0x2000309a   0x00000002   PAD
    0x2000309c   0x0000001c   Zero   RW         2042    .bss                ble_conn_params.o
    0x200030b8   0x0000010c   Zero   RW         2171    .bss                device_manager_peripheral.o
    0x200031c4   0x00000020   Zero   RW         2403    .bss                app_uart_fifo.o
    0x200031e4   0x000000dc   Zero   RW         2548    .bss                pstorage.o
    0x200032c0   0x00000060   Zero   RW         3468    .bss                c_p.l(libspace.o)
    0x20003320   0x00000800   Zero   RW         1895    HEAP                arm_startup_nrf51.o
    0x20003b20   0x00000800   Zero   RW         1894    STACK               arm_startup_nrf51.o


==============================================================================

Image component sizes


      Code (inc. data)   RO Data    RW Data    ZI Data      Debug   Object Name

        56          8          0          0          0       7084   app_error.o
        74          0          0          0          0       1518   app_fifo.o
       312         22          0         12          0       3980   app_gpiote.o
         0          0          0          0          0       1356   app_scheduler.o
      2910        320          0         42          0      28899   app_timer.o
       606        108          0         13         32       8520   app_uart_fifo.o
        84         36        192          0       4096        628   arm_startup_nrf51.o
      1536          4          0          0          0      13498   ble_advdata.o
       782        130          0         25         28       8811   ble_conn_params.o
      1570         56         16          8          0      17344   ble_dfu.o
        80         18          0          0          0        924   bootloader_util_arm.o
      1600         92         48         28          0       6746   bsp.o
      3866        304         52         20        268      25553   device_manager_peripheral.o
       470         54          0          9         44      22205   dfu_app_handler.o
      1818        182         20         52       1112      58400   dispose_pkt.o
      2454        150          0         50        928      67538   main.o
         0          0          0          0          0       2144   mesh_aci.o
      2252        118         16          4         20      17125   mesh_srv.o
      3358        196          0         12        220      15918   pstorage.o
      1070        158          0         13          0       8862   pwm.o
      1690        240         12         16        672      21697   radio_control.o
       286         40          0         16          0       3821   rbc_mesh.o
       316         62          0          3        394       9480   serial_handler.o
       254          0          0          0          0       2906   serial_queue.o
       414         58          0         24          0       5788   softdevice_handler.o
       456         76          0         32          0       5519   spi_slave.o
      1384         54          0          0          0       2430   switch_color.o
       220         26          0          4          0       1627   system_nrf51.o
      1228        228          0         12         16      13010   timer_control.o
      1512        258          0         85        432      17369   timeslot_handler.o
       736         54          0          5         37       6464   transport_control.o
       602         74          0         17         64       6180   trickle.o

    ----------------------------------------------------------------------
     34054       3126        388        528       8368     413344   Object Totals
         0          0         32          0          0          0   (incl. Generated)
        58          0          0         26          5          0   (incl. Padding)

    ----------------------------------------------------------------------

      Code (inc. data)   RO Data    RW Data    ZI Data      Debug   Library Member Name

        86          0          0          0          0          0   __dczerorl2.o
         8          0          0          0          0         68   __main.o
         0          0          0          0          0          0   __rtentry.o
        12          0          0          0          0          0   __rtentry2.o
         6          0          0          0          0          0   __rtentry4.o
        60          8          0          0          0          0   __scatter.o
        28          0          0          0          0          0   __scatter_zi.o
       346          0          0          0          0         92   aeabi_sdiv.o
        12          0          0          0          0         68   defsig_exit.o
        52          0          0          0          0         72   defsig_general.o
        80         58          0          0          0         68   defsig_rtmem_inner.o
        12          0          0          0          0         68   defsig_rtmem_outer.o
        12          0          0          0          0         64   exit.o
        98          0          0          0          0         72   h1_alloc.o
        52          0          0          0          0         68   h1_extend.o
        76          0          0          0          0         72   h1_free.o
        14          0          0          0          0         76   h1_init.o
         6          0          0          0          0        136   heapauxi.o
         4          0          0          0          0        120   hguard.o
         0          0          0          0          0          0   indicate_semi.o
       136          0          0          0          0        160   init_alloc.o
         2          0          0          0          0          0   libinit.o
        10          0          0          0          0          0   libinit2.o
         2          0          0          0          0          0   libshutdown.o
         2          0          0          0          0          0   libshutdown2.o
         8          4          0          0         96         68   libspace.o
       258          0          0          0          0         88   lludiv.o
         0          0          0          0          0          0   maybetermalloc1.o
        90          0          0          0          0         68   memcmp.o
         8          4          0          0          0         68   rt_heap_descriptor_intlibspace.o
        64          0          0          0          0        108   rt_memclr.o
       186          0          0          0          0        144   rt_memcpy.o
         2          0          0          0          0          0   rtexit.o
        10          0          0          0          0          0   rtexit2.o
        68          6          0          0          0         72   strlen.o
        12          4          0          0          0         60   sys_exit.o
        62          0          0          0          0         80   sys_stackheap_outer.o
        12          0          0          0          0         68   sys_wrch.o
         2          0          0          0          0         68   use_no_semi.o
        48          4          0          0          0         60   cmpret.o
       124          4          0          0          0         72   d2f.o
      1096         26        128          0          0        112   ddiv.o
        84          4          0          0          0         60   f2d.o
       372          8          0          0          0        240   faddsub.o
       100          4          0          0          0         68   fcmpin.o
       352         10         64          0          0         92   fdiv.o
        84          4          0          0          0         76   feqf.o
        48          0          0          0          0         60   ffixui.o
        94          0          0          0          0         92   fflti.o
        84          4          0          0          0         76   flef.o
       176          4          0          0          0         80   fmul.o
        16          6          0          0          0         68   fnan2.o
        88          4          0          0          0         76   frlef.o
        94          0          0          0          0         68   retnan.o
         0          0          0          0          0          0   usenofp.o

    ----------------------------------------------------------------------
      4770        166        192          0         96       3396   Library Totals
        12          0          0          0          0          0   (incl. Padding)

    ----------------------------------------------------------------------

      Code (inc. data)   RO Data    RW Data    ZI Data      Debug   Library Name

      1898         84          0          0         96       2096   c_p.l
      2860         82        192          0          0       1300   fz_ps.l

    ----------------------------------------------------------------------
      4770        166        192          0         96       3396   Library Totals

    ----------------------------------------------------------------------

==============================================================================


      Code (inc. data)   RO Data    RW Data    ZI Data      Debug   

     38824       3292        580        528       8464     402344   Grand Totals
     38824       3292        580        128       8464     402344   ELF Image Totals (compressed)
     38824       3292        580        128          0          0   ROM Totals

==============================================================================

    Total RO  Size (Code + RO Data)                39404 (  38.48kB)
    Total RW  Size (RW Data + ZI Data)              8992 (   8.78kB)
    Total ROM Size (Code + RO Data + RW Data)      39532 (  38.61kB)

==============================================================================

